******************************************************************************
                  MSP430 Linker Unix v15.12.1                  
******************************************************************************
>> Linked Sun Oct 27 22:15:03 2019

OUTPUT FILE NAME:   <PID462.out>
ENTRY POINT SYMBOL: "_c_int00_noargs_noexit"  address: 00004400


MEMORY CONFIGURATION

         name            origin    length      used     unused   attr    fill
----------------------  --------  ---------  --------  --------  ----  --------
  SFR                   00000000   00000010  00000000  00000010  RWIX
  PERIPHERALS_8BIT      00000010   000000f0  00000000  000000f0  RWIX
  PERIPHERALS_16BIT     00000100   00000100  00000000  00000100  RWIX
  INFOD                 00001800   00000080  00000000  00000080  RWIX
  INFOC                 00001880   00000080  00000000  00000080  RWIX
  INFOB                 00001900   00000080  00000000  00000080  RWIX
  INFOA                 00001980   00000080  00000000  00000080  RWIX
  USBRAM                00001c00   00000800  00000000  00000800  RWIX
  RAM                   00002400   00002000  00001363  00000c9d  RWIX
  FLASH                 00004400   0000bb80  00000995  0000b1eb  RWIX
  INT00                 0000ff80   00000002  00000000  00000002  RWIX
  INT01                 0000ff82   00000002  00000000  00000002  RWIX
  INT02                 0000ff84   00000002  00000000  00000002  RWIX
  INT03                 0000ff86   00000002  00000000  00000002  RWIX
  INT04                 0000ff88   00000002  00000000  00000002  RWIX
  INT05                 0000ff8a   00000002  00000000  00000002  RWIX
  INT06                 0000ff8c   00000002  00000000  00000002  RWIX
  INT07                 0000ff8e   00000002  00000000  00000002  RWIX
  INT08                 0000ff90   00000002  00000000  00000002  RWIX
  INT09                 0000ff92   00000002  00000000  00000002  RWIX
  INT10                 0000ff94   00000002  00000000  00000002  RWIX
  INT11                 0000ff96   00000002  00000000  00000002  RWIX
  INT12                 0000ff98   00000002  00000000  00000002  RWIX
  INT13                 0000ff9a   00000002  00000000  00000002  RWIX
  INT14                 0000ff9c   00000002  00000000  00000002  RWIX
  INT15                 0000ff9e   00000002  00000000  00000002  RWIX
  INT16                 0000ffa0   00000002  00000000  00000002  RWIX
  INT17                 0000ffa2   00000002  00000000  00000002  RWIX
  INT18                 0000ffa4   00000002  00000000  00000002  RWIX
  INT19                 0000ffa6   00000002  00000000  00000002  RWIX
  INT20                 0000ffa8   00000002  00000000  00000002  RWIX
  INT21                 0000ffaa   00000002  00000000  00000002  RWIX
  INT22                 0000ffac   00000002  00000000  00000002  RWIX
  INT23                 0000ffae   00000002  00000000  00000002  RWIX
  INT24                 0000ffb0   00000002  00000000  00000002  RWIX
  INT25                 0000ffb2   00000002  00000000  00000002  RWIX
  INT26                 0000ffb4   00000002  00000000  00000002  RWIX
  INT27                 0000ffb6   00000002  00000000  00000002  RWIX
  INT28                 0000ffb8   00000002  00000000  00000002  RWIX
  INT29                 0000ffba   00000002  00000000  00000002  RWIX
  INT30                 0000ffbc   00000002  00000000  00000002  RWIX
  INT31                 0000ffbe   00000002  00000000  00000002  RWIX
  INT32                 0000ffc0   00000002  00000000  00000002  RWIX
  INT33                 0000ffc2   00000002  00000000  00000002  RWIX
  INT34                 0000ffc4   00000002  00000000  00000002  RWIX
  INT35                 0000ffc6   00000002  00000000  00000002  RWIX
  INT36                 0000ffc8   00000002  00000000  00000002  RWIX
  INT37                 0000ffca   00000002  00000000  00000002  RWIX
  INT38                 0000ffcc   00000002  00000000  00000002  RWIX
  INT39                 0000ffce   00000002  00000000  00000002  RWIX
  INT40                 0000ffd0   00000002  00000000  00000002  RWIX
  INT41                 0000ffd2   00000002  00000002  00000000  RWIX
  INT42                 0000ffd4   00000002  00000002  00000000  RWIX
  INT43                 0000ffd6   00000002  00000002  00000000  RWIX
  INT44                 0000ffd8   00000002  00000002  00000000  RWIX
  INT45                 0000ffda   00000002  00000002  00000000  RWIX
  INT46                 0000ffdc   00000002  00000002  00000000  RWIX
  INT47                 0000ffde   00000002  00000002  00000000  RWIX
  INT48                 0000ffe0   00000002  00000002  00000000  RWIX
  INT49                 0000ffe2   00000002  00000002  00000000  RWIX
  INT50                 0000ffe4   00000002  00000002  00000000  RWIX
  INT51                 0000ffe6   00000002  00000002  00000000  RWIX
  INT52                 0000ffe8   00000002  00000002  00000000  RWIX
  INT53                 0000ffea   00000002  00000002  00000000  RWIX
  INT54                 0000ffec   00000002  00000002  00000000  RWIX
  INT55                 0000ffee   00000002  00000002  00000000  RWIX
  INT56                 0000fff0   00000002  00000002  00000000  RWIX
  INT57                 0000fff2   00000002  00000002  00000000  RWIX
  INT58                 0000fff4   00000002  00000002  00000000  RWIX
  INT59                 0000fff6   00000002  00000002  00000000  RWIX
  INT60                 0000fff8   00000002  00000002  00000000  RWIX
  INT61                 0000fffa   00000002  00000002  00000000  RWIX
  INT62                 0000fffc   00000002  00000002  00000000  RWIX
  RESET                 0000fffe   00000002  00000002  00000000  RWIX
  FLASH2                00010000   00014400  00005708  0000ecf8  RWIX


SECTION ALLOCATION MAP

 output                                  attributes/
section   page    origin      length       input sections
--------  ----  ----------  ----------   ----------------
.bss       0    00002400    00000ba4     UNINITIALIZED
                  00002400    00000138     (.common:bc_tx_q)
                  00002538    00000100     (.common:bc_read_stack)
                  00002638    00000100     (.common:bc_write_stack)
                  00002738    00000100     (.common:task0Stack)
                  00002838    00000042     (.common:bc_read_struct)
                  0000287a    00000004     (.common:bc_ser_rx_mutex)
                  0000287e    00000002     --HOLE--
                  00002880    00000100     (.common:ti_uia_loggers_LoggerStopMode_Instance_State_0_packetArray__A)
                  00002980    00000100     (.common:ti_uia_loggers_LoggerStopMode_Instance_State_1_packetArray__A)
                  00002a80    000000c0     (.common:uartUSCIAObjects)
                  00002b40    00000096     (.common:bc_rx_q)
                  00002bd6    00000080     PID_RTOS_pe430X.oe430X (.bss:taskStackSection)
                  00002c56    00000002     --HOLE--
                  00002c58    00000080     (.common:ti_sysbios_heaps_HeapMem_Instance_State_0_buf__A)
                  00002cd8    00000080     (.common:xdc_runtime_SysMin_Module_State_0_outbuf__A)
                  00002d58    00000042     (.common:bc_write_struct)
                  00002d9a    00000042     (.common:task0Struct)
                  00002ddc    00000040     (.common:gpioCallbackInfo)
                  00002e1c    00000030     (.common:taskParams)
                  00002e4c    00000026     (.common:bc_ser_rx_struct)
                  00002e72    00000026     (.common:bc_ser_tx_struct)
                  00002e98    00000026     (.common:bc_tx_q_struct)
                  00002ebe    00000026     (.common:uart_params)
                  00002ee4    0000001c     (.common:sem_params)
                  00002f00    00000024     (.common:ti_uia_loggers_LoggerStopMode_Instance_State_0_hdr__A)
                  00002f24    0000001a     (.common:bc_tx_slots_struct)
                  00002f3e    00000014     (.common:mutex_params)
                  00002f52    00000008     rts430x_lc_rd_eabi.lib : trgdrv.obj (.bss:parmbuf)
                  00002f5a    00000004     (.common:bc_ser_tx_mutex)
                  00002f5e    00000004     (.common:bc_tx_q_mutex)
                  00002f62    00000004     (.common:bc_tx_slots)
                  00002f66    00000004     (.common:bc_uart)
                  00002f6a    00000016     --HOLE--
                  00002f80    00000024     (.common:ti_uia_loggers_LoggerStopMode_Instance_State_1_hdr__A)

.data      0    00002fa4    0000039f     UNINITIALIZED
                  00002fa4    00000080     PID_RTOS_pe430X.oe430X (.data:ti_sysbios_knl_Swi_Module_State_0_readyQ__A)
                  00003024    0000005c     PID_RTOS_pe430X.oe430X (.data:ti_uia_loggers_LoggerStopMode_Object__table__V)
                  00003080    00000050     PID_RTOS_pe430X.oe430X (.data:ti_sysbios_knl_Task_Module_State_0_readyQ__A)
                  000030d0    0000003e     PID_RTOS_pe430X.oe430X (.data:ti_sysbios_knl_Task_Object__table__V)
                  0000310e    0000003c     PID_RTOS_pe430X.oe430X (.data:ti_sysbios_knl_Task_Module__state__V)
                  0000314a    00000036     PID_RTOS_pe430X.oe430X (.data:ti_sysbios_family_msp430_Timer_Object__table__V)
                  00003180    00000034     PID_RTOS_pe430X.oe430X (.data:ti_sysbios_gates_GateMutex_Object__table__V)
                  000031b4    00000026     PID_RTOS_pe430X.oe430X (.data:ti_sysbios_knl_Clock_Module__state__V)
                  000031da    00000026     PID_RTOS_pe430X.oe430X (.data:ti_sysbios_knl_Swi_Object__table__V)
                  00003200    00000020     PID_RTOS_pe430X.oe430X (.data:ti_sysbios_BIOS_Module__state__V)
                  00003220    0000001c     PID_RTOS_pe430X.oe430X (.data:ti_sysbios_family_msp430_Hwi_Object__table__V)
                  0000323c    00000018     PID_RTOS_pe430X.oe430X (.data:ti_sysbios_family_msp430_Timer_Module_State_0_device__A)
                  00003254    00000016     PID_RTOS_pe430X.oe430X (.data:ti_sysbios_heaps_HeapMem_Object__table__V)
                  0000326a    00000016     PID_RTOS_pe430X.oe430X (.data:ti_sysbios_knl_Swi_Module__state__V)
                  00003280    00000010     MSP_EXP430F5529LP.obj (.data:gpioPinConfigs)
                  00003290    00000010     PID_RTOS_pe430X.oe430X (.data:ti_sysbios_family_msp430_Timer_Module_State_0_handles__A)
                  000032a0    0000000a     PID_RTOS_pe430X.oe430X (.data:ti_sysbios_family_msp430_Timer_Module__state__V)
                  000032aa    0000000a     PID_RTOS_pe430X.oe430X (.data:ti_sysbios_knl_Task_Module__root__V)
                  000032b4    0000000a     PID_RTOS_pe430X.oe430X (.data:ti_uia_runtime_QueueDescriptor_Module__state__V)
                  000032be    00000008     MSP_EXP430F5529LP.obj (.data:gpioCallbackFunctions)
                  000032c6    00000008     PID_RTOS_pe430X.oe430X (.data:ti_sysbios_family_msp430_Hwi_Module__state__V)
                  000032ce    00000008     PID_RTOS_pe430X.oe430X (.data:ti_sysbios_family_msp430_TimestampProvider_Module__state__V)
                  000032d6    00000008     PID_RTOS_pe430X.oe430X (.data:ti_sysbios_gates_GateHwi_Module__root__V)
                  000032de    00000008     PID_RTOS_pe430X.oe430X (.data:ti_sysbios_gates_GateMutex_Module__root__V)
                  000032e6    00000008     PID_RTOS_pe430X.oe430X (.data:ti_sysbios_heaps_HeapMem_Module__root__V)
                  000032ee    00000008     PID_RTOS_pe430X.oe430X (.data:ti_sysbios_knl_Queue_Module__root__V)
                  000032f6    00000008     PID_RTOS_pe430X.oe430X (.data:ti_sysbios_knl_Semaphore_Module__root__V)
                  000032fe    00000008     PID_RTOS_pe430X.oe430X (.data:ti_uia_loggers_LoggerStopMode_Module__root__V)
                  00003306    00000008     PID_RTOS_pe430X.oe430X (.data:xdc_runtime_Startup_Module__state__V)
                  0000330e    00000008     PID_RTOS_pe430X.oe430X (.data:xdc_runtime_SysMin_Module__state__V)
                  00003316    00000008     PID_RTOS_pe430X.oe430X (.data:xdc_runtime_System_Module_State_0_atexitHandlers__A)
                  0000331e    00000006     ti.uia.runtime.ae430X : QueueDescriptor.oe430X (.data)
                  00003324    00000006     PID_RTOS_pe430X.oe430X (.data:xdc_runtime_System_Module__state__V)
                  0000332a    00000004     rts430x_lc_rd_eabi.lib : _lock.obj (.data:_lock)
                  0000332e    00000004                            : _lock.obj (.data:_unlock)
                  00003332    00000004     PID_RTOS_pe430X.oe430X (.data:ti_sysbios_family_msp430_Power_Module__state__V)
                  00003336    00000004     PID_RTOS_pe430X.oe430X (.data:ti_sysbios_gates_GateHwi_Object__table__V)
                  0000333a    00000004     PID_RTOS_pe430X.oe430X (.data:ti_sysbios_knl_Task_Module_State_0_idleTask__A)
                  0000333e    00000002     drivers_MSP430F5529.ae430X : UART.oe430X (.data)
                  00003340    00000002     PID_RTOS_pe430X.oe430X (.data:xdc_runtime_Memory_Module__state__V)
                  00003342    00000001     drivers_MSP430F5529.ae430X : GPIOMSP430.oe430X (.data)

.stack     0    00004100    00000300     UNINITIALIZED
                  00004100    00000004     boot.ae430X : boot.oe430X (.stack)
                  00004104    000002fc     --HOLE--

.text:_isr 
*          0    00004400    0000008e     
                  00004400    00000026     boot.ae430X : boot_special.oe430X (.text:_isr:_c_int00_noargs_noexit)
                  00004426    00000020     sysbios.ae430X : BIOS.obj (.text:_isr:ti_sysbios_family_msp430_Hwi46)
                  00004446    00000020                    : BIOS.obj (.text:_isr:ti_sysbios_family_msp430_Hwi53)
                  00004466    00000002                    : BIOS.obj (.text:_isr:ti_sysbios_family_msp430_Hwi41)
                  00004468    00000002                    : BIOS.obj (.text:_isr:ti_sysbios_family_msp430_Hwi42)
                  0000446a    00000002                    : BIOS.obj (.text:_isr:ti_sysbios_family_msp430_Hwi43)
                  0000446c    00000002                    : BIOS.obj (.text:_isr:ti_sysbios_family_msp430_Hwi44)
                  0000446e    00000002                    : BIOS.obj (.text:_isr:ti_sysbios_family_msp430_Hwi45)
                  00004470    00000002                    : BIOS.obj (.text:_isr:ti_sysbios_family_msp430_Hwi47)
                  00004472    00000002                    : BIOS.obj (.text:_isr:ti_sysbios_family_msp430_Hwi48)
                  00004474    00000002                    : BIOS.obj (.text:_isr:ti_sysbios_family_msp430_Hwi49)
                  00004476    00000002                    : BIOS.obj (.text:_isr:ti_sysbios_family_msp430_Hwi50)
                  00004478    00000002                    : BIOS.obj (.text:_isr:ti_sysbios_family_msp430_Hwi51)
                  0000447a    00000002                    : BIOS.obj (.text:_isr:ti_sysbios_family_msp430_Hwi52)
                  0000447c    00000002                    : BIOS.obj (.text:_isr:ti_sysbios_family_msp430_Hwi54)
                  0000447e    00000002                    : BIOS.obj (.text:_isr:ti_sysbios_family_msp430_Hwi55)
                  00004480    00000002                    : BIOS.obj (.text:_isr:ti_sysbios_family_msp430_Hwi56)
                  00004482    00000002                    : BIOS.obj (.text:_isr:ti_sysbios_family_msp430_Hwi57)
                  00004484    00000002                    : BIOS.obj (.text:_isr:ti_sysbios_family_msp430_Hwi58)
                  00004486    00000002                    : BIOS.obj (.text:_isr:ti_sysbios_family_msp430_Hwi59)
                  00004488    00000002                    : BIOS.obj (.text:_isr:ti_sysbios_family_msp430_Hwi60)
                  0000448a    00000002                    : BIOS.obj (.text:_isr:ti_sysbios_family_msp430_Hwi61)
                  0000448c    00000002                    : BIOS.obj (.text:_isr:ti_sysbios_family_msp430_Hwi62)

.const     0    0000448e    00000657     
                  0000448e    00000114     SerialComm.obj (.const:.string)
                  000045a2    0000005e     PID_RTOS_pe430X.oe430X (.const:ti_uia_loggers_LoggerStopMode_Module__FXNS__C)
                  00004600    00000046     PID_RTOS_pe430X.oe430X (.const:.string)
                  00004646    00000030     PID_RTOS_pe430X.oe430X (.const:ti_sysbios_knl_Task_Object__PARAMS__C)
                  00004676    0000002c     PID_RTOS_pe430X.oe430X (.const:xdc_runtime_Startup_sfxnTab__A)
                  000046a2    0000002a     ti.targets.msp430.rts430.ae430X : Startup.oe430X (.const:.string)
                  000046cc    00000028     drivers_MSP430F5529.ae430X : UARTUSCIA.oe430X (.const)
                  000046f4    00000026                                : UART.oe430X (.const)
                  0000471a    00000026     PID_RTOS_pe430X.oe430X (.const:ti_sysbios_heaps_HeapMem_Module__FXNS__C)
                  00004740    00000024     MSP_EXP430F5529LP.obj (.const:UART_config)
                  00004764    00000024     MSP_EXP430F5529LP.obj (.const:uartUSCIABaudrates)
                  00004788    00000022     PID_RTOS_pe430X.oe430X (.const:ti_sysbios_gates_GateHwi_Module__FXNS__C)
                  000047aa    00000022     PID_RTOS_pe430X.oe430X (.const:ti_sysbios_gates_GateMutex_Module__FXNS__C)
                  000047cc    00000020     sysbios.ae430X : BIOS.obj (.const:IntrinsicsSupport_maxbitTable)
                  000047ec    00000020     PID_RTOS_pe430X.oe430X (.const:ti_uia_loggers_LoggerStopMode_Object__PARAMS__C)
                  0000480c    0000001e     PID_RTOS_pe430X.oe430X (.const:ti_sysbios_heaps_HeapMem_Object__PARAMS__C)
                  0000482a    0000001c     gpio.obj (.const:GPIO_PORT_TO_BASE)
                  00004846    0000001c     PID_RTOS_pe430X.oe430X (.const:ti_sysbios_knl_Semaphore_Object__PARAMS__C)
                  00004862    0000001c     MSP_EXP430F5529LP.obj (.const:uartUSCIAHWAttrs)
                  0000487e    00000018     PID_RTOS_pe430X.oe430X (.const:ti_sysbios_gates_GateHwi_Object__DESC__C)
                  00004896    00000018     PID_RTOS_pe430X.oe430X (.const:ti_sysbios_gates_GateMutex_Object__DESC__C)
                  000048ae    00000018     PID_RTOS_pe430X.oe430X (.const:ti_sysbios_heaps_HeapMem_Object__DESC__C)
                  000048c6    00000018     PID_RTOS_pe430X.oe430X (.const:ti_sysbios_knl_Queue_Object__DESC__C)
                  000048de    00000018     PID_RTOS_pe430X.oe430X (.const:ti_sysbios_knl_Semaphore_Object__DESC__C)
                  000048f6    00000018     PID_RTOS_pe430X.oe430X (.const:ti_sysbios_knl_Task_Object__DESC__C)
                  0000490e    00000018     PID_RTOS_pe430X.oe430X (.const:ti_uia_loggers_LoggerStopMode_Object__DESC__C)
                  00004926    00000016     PID_RTOS_pe430X.oe430X (.const:xdc_runtime_Startup_sfxnRts__A)
                  0000493c    00000014     drivers_MSP430F5529.ae430X : UARTUSCIA.oe430X (.const:parityType)
                  00004950    00000014     PID_RTOS_pe430X.oe430X (.const:ti_sysbios_gates_GateHwi_Object__PARAMS__C)
                  00004964    00000014     PID_RTOS_pe430X.oe430X (.const:ti_sysbios_gates_GateMutex_Object__PARAMS__C)
                  00004978    00000014     PID_RTOS_pe430X.oe430X (.const:ti_sysbios_knl_Queue_Object__PARAMS__C)
                  0000498c    00000010     MSP_EXP430F5529LP.obj (.const:GPIOMSP430_config)
                  0000499c    0000000d     SerialComm.obj (.const:.string:$P$T2$3)
                  000049a9    00000001     --HOLE-- [fill = 0]
                  000049aa    0000000a     SerialComm.obj (.const:.string:$P$T0$1)
                  000049b4    0000000a     Health.obj (.const:.string)
                  000049be    00000008     SerialComm.obj (.const:.string:$P$T1$2)
                  000049c6    00000008     drivers_MSP430F5529.ae430X : UARTUSCIA.oe430X (.const:stopBits)
                  000049ce    00000008     PID_RTOS_pe430X.oe430X (.const:ti_sysbios_knl_Idle_funcList__A)
                  000049d6    00000008     PID_RTOS_pe430X.oe430X (.const:xdc_runtime_Startup_firstFxns__A)
                  000049de    00000006     drivers_MSP430F5529.ae430X : GPIOMSP430.oe430X (.const:.string:gpioInterruptTypes)
                  000049e4    00000006     ti.targets.msp430.rts430.ae430X : Assert.oe430X (.const:.string)
                  000049ea    00000006     PID_RTOS_pe430X.oe430X (.const:ti_sysbios_family_msp430_Hwi_hooks__C)
                  000049f0    00000006     PID_RTOS_pe430X.oe430X (.const:ti_sysbios_knl_Idle_funcList__C)
                  000049f6    00000006     PID_RTOS_pe430X.oe430X (.const:xdc_runtime_Startup_firstFxns__C)
                  000049fc    00000006     PID_RTOS_pe430X.oe430X (.const:xdc_runtime_Startup_lastFxns__C)
                  00004a02    00000004     PID_RTOS_pe430X.oe430X (.const:ti_sysbios_family_msp430_ClockFreqs_ACLK__C)
                  00004a06    00000004     PID_RTOS_pe430X.oe430X (.const:ti_sysbios_family_msp430_ClockFreqs_SMCLK__C)
                  00004a0a    00000004     PID_RTOS_pe430X.oe430X (.const:ti_sysbios_hal_Hwi_E_stackOverflow__C)
                  00004a0e    00000004     PID_RTOS_pe430X.oe430X (.const:ti_sysbios_heaps_HeapMem_E_memory__C)
                  00004a12    00000004     PID_RTOS_pe430X.oe430X (.const:ti_sysbios_heaps_HeapMem_Module__gateObj__C)
                  00004a16    00000004     PID_RTOS_pe430X.oe430X (.const:ti_sysbios_knl_Clock_tickPeriod__C)
                  00004a1a    00000004     PID_RTOS_pe430X.oe430X (.const:ti_sysbios_knl_Semaphore_eventPost__C)
                  00004a1e    00000004     PID_RTOS_pe430X.oe430X (.const:ti_sysbios_knl_Semaphore_eventSync__C)
                  00004a22    00000004     PID_RTOS_pe430X.oe430X (.const:ti_sysbios_knl_Task_E_spOutOfBounds__C)
                  00004a26    00000004     PID_RTOS_pe430X.oe430X (.const:ti_sysbios_knl_Task_E_stackOverflow__C)
                  00004a2a    00000004     PID_RTOS_pe430X.oe430X (.const:ti_sysbios_knl_Task_allBlockedFunc__C)
                  00004a2e    00000004     PID_RTOS_pe430X.oe430X (.const:ti_sysbios_knl_Task_defaultStackHeap__C)
                  00004a32    00000004     PID_RTOS_pe430X.oe430X (.const:ti_uia_loggers_LoggerStopMode_Module__diagsEnabled__C)
                  00004a36    00000004     PID_RTOS_pe430X.oe430X (.const:ti_uia_loggers_LoggerStopMode_Module__diagsIncluded__C)
                  00004a3a    00000004     PID_RTOS_pe430X.oe430X (.const:ti_uia_loggers_LoggerStopMode_Module__diagsMask__C)
                  00004a3e    00000004     PID_RTOS_pe430X.oe430X (.const:ti_uia_runtime_ILoggerSnapshot_Interface__BASE__C)
                  00004a42    00000004     PID_RTOS_pe430X.oe430X (.const:ti_uia_runtime_IUIATransfer_Interface__BASE__C)
                  00004a46    00000004     PID_RTOS_pe430X.oe430X (.const:xdc_runtime_Assert_E_assertFailed__C)
                  00004a4a    00000004     PID_RTOS_pe430X.oe430X (.const:xdc_runtime_Core_A_initializedParams__C)
                  00004a4e    00000004     PID_RTOS_pe430X.oe430X (.const:xdc_runtime_Core_Module__diagsEnabled__C)
                  00004a52    00000004     PID_RTOS_pe430X.oe430X (.const:xdc_runtime_Core_Module__diagsIncluded__C)
                  00004a56    00000004     PID_RTOS_pe430X.oe430X (.const:xdc_runtime_Core_Module__diagsMask__C)
                  00004a5a    00000004     PID_RTOS_pe430X.oe430X (.const:xdc_runtime_Error_E_memory__C)
                  00004a5e    00000004     PID_RTOS_pe430X.oe430X (.const:xdc_runtime_Error_policyFxn__C)
                  00004a62    00000004     PID_RTOS_pe430X.oe430X (.const:xdc_runtime_IFilterLogger_Interface__BASE__C)
                  00004a66    00000004     PID_RTOS_pe430X.oe430X (.const:xdc_runtime_IGateProvider_Interface__BASE__C)
                  00004a6a    00000004     PID_RTOS_pe430X.oe430X (.const:xdc_runtime_IHeap_Interface__BASE__C)
                  00004a6e    00000004     PID_RTOS_pe430X.oe430X (.const:xdc_runtime_ILogger_Interface__BASE__C)
                  00004a72    00000004     PID_RTOS_pe430X.oe430X (.const:xdc_runtime_IModule_Interface__BASE__C)
                  00004a76    00000004     PID_RTOS_pe430X.oe430X (.const:xdc_runtime_Memory_defaultHeapInstance__C)
                  00004a7a    00000004     PID_RTOS_pe430X.oe430X (.const:xdc_runtime_Startup_execImpl__C)
                  00004a7e    00000004     PID_RTOS_pe430X.oe430X (.const:xdc_runtime_Startup_sfxnRts__C)
                  00004a82    00000004     PID_RTOS_pe430X.oe430X (.const:xdc_runtime_Startup_sfxnTab__C)
                  00004a86    00000004     PID_RTOS_pe430X.oe430X (.const:xdc_runtime_SysMin_outputFunc__C)
                  00004a8a    00000004     PID_RTOS_pe430X.oe430X (.const:xdc_runtime_System_Module__gateObj__C)
                  00004a8e    00000004     PID_RTOS_pe430X.oe430X (.const:xdc_runtime_System_abortFxn__C)
                  00004a92    00000004     PID_RTOS_pe430X.oe430X (.const:xdc_runtime_System_exitFxn__C)
                  00004a96    00000004     PID_RTOS_pe430X.oe430X (.const:xdc_runtime_Text_charTab__C)
                  00004a9a    00000004     PID_RTOS_pe430X.oe430X (.const:xdc_runtime_Text_nameEmpty__C)
                  00004a9e    00000004     PID_RTOS_pe430X.oe430X (.const:xdc_runtime_Text_nameStatic__C)
                  00004aa2    00000004     PID_RTOS_pe430X.oe430X (.const:xdc_runtime_Text_nameUnknown__C)
                  00004aa6    00000002     PID_RTOS_pe430X.oe430X (.const:ti_sysbios_family_msp430_Hwi_Object__count__C)
                  00004aa8    00000002     PID_RTOS_pe430X.oe430X (.const:ti_sysbios_family_msp430_TaskSupport_stackAlignment__C)
                  00004aaa    00000002     PID_RTOS_pe430X.oe430X (.const:ti_sysbios_family_msp430_Timer_numTimerDevices__C)
                  00004aac    00000002     PID_RTOS_pe430X.oe430X (.const:ti_sysbios_family_msp430_Timer_startupNeeded__C)
                  00004aae    00000002     PID_RTOS_pe430X.oe430X (.const:ti_sysbios_family_msp430_TimestampProvider_useClockTimer__C)
                  00004ab0    00000002     PID_RTOS_pe430X.oe430X (.const:ti_sysbios_gates_GateMutex_Instance_State_sem__O)
                  00004ab2    00000002     PID_RTOS_pe430X.oe430X (.const:ti_sysbios_hal_Hwi_Module__id__C)
                  00004ab4    00000002     PID_RTOS_pe430X.oe430X (.const:ti_sysbios_heaps_HeapMem_Module__id__C)
                  00004ab6    00000002     PID_RTOS_pe430X.oe430X (.const:ti_sysbios_heaps_HeapMem_Object__count__C)
                  00004ab8    00000002     PID_RTOS_pe430X.oe430X (.const:ti_sysbios_heaps_HeapMem_reqAlign__C)
                  00004aba    00000002     PID_RTOS_pe430X.oe430X (.const:ti_sysbios_knl_Clock_Module_State_clockQ__O)
                  00004abc    00000002     PID_RTOS_pe430X.oe430X (.const:ti_sysbios_knl_Event_Instance_State_pendQ__O)
                  00004abe    00000002     PID_RTOS_pe430X.oe430X (.const:ti_sysbios_knl_Semaphore_Instance_State_pendQ__O)
                  00004ac0    00000002     PID_RTOS_pe430X.oe430X (.const:ti_sysbios_knl_Swi_Object__count__C)
                  00004ac2    00000002     PID_RTOS_pe430X.oe430X (.const:ti_sysbios_knl_Task_Module_State_inactiveQ__O)
                  00004ac4    00000002     PID_RTOS_pe430X.oe430X (.const:ti_sysbios_knl_Task_Module__id__C)
                  00004ac6    00000002     PID_RTOS_pe430X.oe430X (.const:ti_sysbios_knl_Task_Object__count__C)
                  00004ac8    00000002     PID_RTOS_pe430X.oe430X (.const:ti_sysbios_knl_Task_defaultStackSize__C)
                  00004aca    00000002     PID_RTOS_pe430X.oe430X (.const:ti_sysbios_knl_Task_numConstructedTasks__C)
                  00004acc    00000002     PID_RTOS_pe430X.oe430X (.const:ti_uia_loggers_LoggerStopMode_Module__id__C)
                  00004ace    00000002     PID_RTOS_pe430X.oe430X (.const:ti_uia_loggers_LoggerStopMode_Object__count__C)
                  00004ad0    00000002     PID_RTOS_pe430X.oe430X (.const:ti_uia_loggers_LoggerStopMode_isTimestampEnabled__C)
                  00004ad2    00000002     PID_RTOS_pe430X.oe430X (.const:xdc_runtime_Core_Module__id__C)
                  00004ad4    00000002     PID_RTOS_pe430X.oe430X (.const:xdc_runtime_Error_policy__C)
                  00004ad6    00000002     PID_RTOS_pe430X.oe430X (.const:xdc_runtime_Memory_Module__id__C)
                  00004ad8    00000002     PID_RTOS_pe430X.oe430X (.const:xdc_runtime_Startup_maxPasses__C)
                  00004ada    00000002     PID_RTOS_pe430X.oe430X (.const:xdc_runtime_SysMin_bufSize__C)
                  00004adc    00000002     PID_RTOS_pe430X.oe430X (.const:xdc_runtime_SysMin_flushAtExit__C)
                  00004ade    00000002     PID_RTOS_pe430X.oe430X (.const:xdc_runtime_System_maxAtexitHandlers__C)
                  00004ae0    00000002     PID_RTOS_pe430X.oe430X (.const:xdc_runtime_Text_charCnt__C)
                  00004ae2    00000002     PID_RTOS_pe430X.oe430X (.const:xdc_runtime_Text_isLoaded__C)
                  00004ae4    00000001     PID_RTOS_pe430X.oe430X (.const:xdc_runtime_Text_charTab__A)

.cinit     0    00004ae6    000002b0     
                  00004ae6    0000028c     (.cinit..data.load) [load image, compression = rle]
                  00004d72    0000000b     (.cinit..bss.load) [load image, compression = rle]
                  00004d7d    00000001     --HOLE-- [fill = 0]
                  00004d7e    00000008     (__TI_handler_table)
                  00004d86    00000010     (__TI_cinit_table)

.cio       0    00003344    00000120     UNINITIALIZED
                  00003344    00000120     rts430x_lc_rd_eabi.lib : trgmsg.obj (.cio)

.init_array 
*          0    00004400    00000000     UNINITIALIZED

RTC        0    0000ffd2    00000002     
                  0000ffd2    00000002     sysbios.ae430X : BIOS.obj (.int41)

PORT2      0    0000ffd4    00000002     
                  0000ffd4    00000002     sysbios.ae430X : BIOS.obj (.int42)

TIMER2_A1 
*          0    0000ffd6    00000002     
                  0000ffd6    00000002     sysbios.ae430X : BIOS.obj (.int43)

TIMER2_A0 
*          0    0000ffd8    00000002     
                  0000ffd8    00000002     sysbios.ae430X : BIOS.obj (.int44)

USCI_B1    0    0000ffda    00000002     
                  0000ffda    00000002     sysbios.ae430X : BIOS.obj (.int45)

USCI_A1    0    0000ffdc    00000002     
                  0000ffdc    00000002     sysbios.ae430X : BIOS.obj (.int46)

PORT1      0    0000ffde    00000002     
                  0000ffde    00000002     sysbios.ae430X : BIOS.obj (.int47)

TIMER1_A1 
*          0    0000ffe0    00000002     
                  0000ffe0    00000002     sysbios.ae430X : BIOS.obj (.int48)

TIMER1_A0 
*          0    0000ffe2    00000002     
                  0000ffe2    00000002     sysbios.ae430X : BIOS.obj (.int49)

DMA        0    0000ffe4    00000002     
                  0000ffe4    00000002     sysbios.ae430X : BIOS.obj (.int50)

USB_UBM    0    0000ffe6    00000002     
                  0000ffe6    00000002     sysbios.ae430X : BIOS.obj (.int51)

TIMER0_A1 
*          0    0000ffe8    00000002     
                  0000ffe8    00000002     sysbios.ae430X : BIOS.obj (.int52)

TIMER0_A0 
*          0    0000ffea    00000002     
                  0000ffea    00000002     sysbios.ae430X : BIOS.obj (.int53)

ADC12      0    0000ffec    00000002     
                  0000ffec    00000002     sysbios.ae430X : BIOS.obj (.int54)

USCI_B0    0    0000ffee    00000002     
                  0000ffee    00000002     sysbios.ae430X : BIOS.obj (.int55)

USCI_A0    0    0000fff0    00000002     
                  0000fff0    00000002     sysbios.ae430X : BIOS.obj (.int56)

WDT        0    0000fff2    00000002     
                  0000fff2    00000002     sysbios.ae430X : BIOS.obj (.int57)

TIMER0_B1 
*          0    0000fff4    00000002     
                  0000fff4    00000002     sysbios.ae430X : BIOS.obj (.int58)

TIMER0_B0 
*          0    0000fff6    00000002     
                  0000fff6    00000002     sysbios.ae430X : BIOS.obj (.int59)

COMP_B     0    0000fff8    00000002     
                  0000fff8    00000002     sysbios.ae430X : BIOS.obj (.int60)

UNMI       0    0000fffa    00000002     
                  0000fffa    00000002     sysbios.ae430X : BIOS.obj (.int61)

SYSNMI     0    0000fffc    00000002     
                  0000fffc    00000002     sysbios.ae430X : BIOS.obj (.int62)

.reset     0    0000fffe    00000002     
                  0000fffe    00000002     boot.ae430X : boot.oe430X (.reset)

xdc.meta   0    00000000    000000f2     COPY SECTION
                  00000000    000000f2     PID_RTOS_pe430X.oe430X (xdc.meta)

xdc.noload 
*          0    00000000    00000000     COPY SECTION

.binit     0    00000000    00000000     

.text      0    00010000    00005708     
                  00010000    0000026e     PID_RTOS_pe430X.oe430X (.text:ti_uia_loggers_LoggerStopMode_write8__E)
                  0001026e    00000252     PID_RTOS_pe430X.oe430X (.text:ti_uia_loggers_LoggerStopMode_writeMemoryRange__E)
                  000104c0    0000020e     SerialComm.obj (.text:BackChannelWriteTask)
                  000106ce    000001fe     PID_RTOS_pe430X.oe430X (.text:ti_uia_loggers_LoggerStopMode_write4__E)
                  000108cc    000001e0     drivers_MSP430F5529.ae430X : UARTUSCIA.oe430X (.text:UARTUSCIA_open)
                  00010aac    000001ca     SerialComm.obj (.text:BcPuts)
                  00010c76    000001c8     ti.targets.msp430.rts430.ae430X : Core-mem.oe430X (.text:xdc_runtime_Core_createObject__I)
                  00010e3e    000001c6     PID_RTOS_pe430X.oe430X (.text:ti_uia_loggers_LoggerStopMode_write2__E)
                  00011004    000001a8     PID_RTOS_pe430X.oe430X (.text:ti_uia_loggers_LoggerStopMode_write1__E)
                  000111ac    00000190     sysbios.ae430X : BIOS.obj (.text:ti_sysbios_knl_Semaphore_pend__E)
                  0001133c    0000018e     PID_RTOS_pe430X.oe430X (.text:ti_uia_loggers_LoggerStopMode_write0__E)
                  000114ca    0000016c     ti.targets.msp430.rts430.ae430X : Core-smem.oe430X (.text:xdc_runtime_Core_constructObject__I)
                  00011636    0000016a     SerialComm.obj (.text:BackChannelReadTask)
                  000117a0    0000014e     drivers_MSP430F5529.ae430X : GPIOMSP430.oe430X (.text:GPIO_setConfig)
                  000118ee    0000013a     sysbios.ae430X : BIOS.obj (.text:ti_sysbios_heaps_HeapMem_alloc__E)
                  00011a28    00000136                    : BIOS.obj (.text:ti_sysbios_knl_Task_checkStacks__E)
                  00011b5e    00000128                    : BIOS.obj (.text:ti_sysbios_knl_Task_Instance_init__E)
                  00011c86    00000100                    : BIOS.obj (.text:ti_sysbios_knl_Swi_restoreHwi__E)
                  00011d86    000000de                    : BIOS.obj (.text:ti_sysbios_knl_Task_sleep__E)
                  00011e64    000000dc                    : BIOS.obj (.text:ti_sysbios_knl_Swi_runLoop__I)
                  00011f40    000000dc                    : BIOS.obj (.text:ti_sysbios_knl_Task_Instance_finalize__E)
                  0001201c    000000d8     ti.uia.loggers.ae430X : LoggerStopMode.oe430X (.text:ti_uia_loggers_LoggerStopMode_flush__E)
                  000120f4    000000d8                           : LoggerStopMode.oe430X (.text:ti_uia_loggers_LoggerStopMode_initQueueDescriptor__E)
                  000121cc    000000d6     usci_a_uart.obj (.text:USCI_A_UART_init)
                  000122a2    000000cc     sysbios.ae430X : BIOS.obj (.text:ti_sysbios_knl_Task_startCore__E)
                  0001236e    000000c6                    : BIOS.obj (.text:ti_sysbios_heaps_HeapMem_free__E)
                  00012434    000000c0     ti.targets.msp430.rts430.ae430X : Startup.oe430X (.text:xdc_runtime_Startup_startMods__I)
                  000124f4    000000b8     drivers_MSP430F5529.ae430X : GPIOMSP430.oe430X (.text:GPIO_init)
                  000125ac    000000b8     sysbios.ae430X : BIOS.obj (.text:ti_sysbios_knl_Task_schedule__I)
                  00012664    000000b4                    : BIOS.obj (.text:ti_sysbios_knl_Swi_schedule__I)
                  00012718    000000b0     drivers_MSP430F5529.ae430X : UARTUSCIA.oe430X (.text:UARTUSCIA_hwiIntFxn)
                  000127c8    000000b0     sysbios.ae430X : BIOS.obj (.text:ti_sysbios_knl_Swi_run__I)
                  00012878    000000a8                    : BIOS.obj (.text:ti_sysbios_knl_Task_postInit__I)
                  00012920    0000009e                    : BIOS.obj (.text:ti_sysbios_knl_Clock_workFunc__E)
                  000129be    0000009c                    : BIOS.obj (.text:ti_sysbios_knl_Event_post__E)
                  00012a5a    0000009a                    : BIOS.obj (.text:ti_sysbios_heaps_HeapMem_Instance_init__E)
                  00012af4    0000009a     ti.uia.runtime.ae430X : QueueDescriptor.oe430X (.text:ti_uia_runtime_QueueDescriptor_addToList__E)
                  00012b8e    00000096     sysbios.ae430X : BIOS.obj (.text:ti_sysbios_knl_Semaphore_post__E)
                  00012c24    0000008a                    : BIOS.obj (.text:ti_sysbios_family_msp430_Timer_getExpiredCounts__E)
                  00012cae    00000088     SerialComm.obj (.text:ConstructSerialQueues)
                  00012d36    00000088     sysbios.ae430X : BIOS.obj (.text:ti_sysbios_knl_Semaphore_Instance_init__E)
                  00012dbe    00000084                    : BIOS.obj (.text:ti_sysbios_family_msp430_Hwi_Module_startup__E)
                  00012e42    00000082                    : BIOS.obj (.text:ti_sysbios_heaps_HeapMem_getStats__E)
                  00012ec4    00000080     drivers_MSP430F5529.ae430X : UARTUSCIA.oe430X (.text:UARTUSCIA_read)
                  00012f44    00000080                                : UARTUSCIA.oe430X (.text:UARTUSCIA_write)
                  00012fc4    00000080     sysbios.ae430X : BIOS.obj (.text:ti_sysbios_family_msp430_TimestampProvider_get32__E)
                  00013044    00000080     ti.targets.msp430.rts430.ae430X : Memory.oe430X (.text:xdc_runtime_Memory_alloc__E)
                  000130c4    0000007e     drivers_MSP430F5529.ae430X : UARTUSCIA.oe430X (.text:findBaudDividerIndex)
                  00013142    0000007e                                : UARTUSCIA.oe430X (.text:readData)
                  000131c0    00000078     sysbios.ae430X : msp430_TaskSupport_asm.obj (.text:_ti_sysbios_family_msp430_TaskSupport_buildTaskStack)
                  00013238    00000076     ti.targets.msp430.rts430.ae430X : Core-mem.oe430X (.text:xdc_runtime_Core_deleteObject__I)
                  000132ae    00000074     SerialComm.obj (.text:ConstructSerialMutexes)
                  00013322    00000072     sysbios.ae430X : BIOS.obj (.text:ti_sysbios_family_msp430_Timer_periodicStub__E)
                  00013394    00000072                    : BIOS.obj (.text:ti_sysbios_heaps_HeapMem_init__I)
                  00013406    00000070     boot.ae430X : autoinit_wdt.oe430X (.text:_auto_init_hold_wdt)
                  00013476    0000006c     rts430x_lc_rd_eabi.lib : trgdrv.obj (.text:HOSTwrite)
                  000134e2    0000006c     Health.obj (.text:constructHeartbeat)
                  0001354e    00000068     drivers_MSP430F5529.ae430X : GPIOMSP430.oe430X (.text:GPIO_setCallback)
                  000135b6    00000068                                : UARTUSCIA.oe430X (.text:UARTUSCIA_readCancel)
                  0001361e    00000068                                : UARTUSCIA.oe430X (.text:UARTUSCIA_writeCancel)
                  00013686    00000068     rts430x_lc_rd_eabi.lib : copy_decompress_rle.obj (.text:__TI_decompress_rle_core)
                  000136ee    00000068     sysbios.ae430X : BIOS.obj (.text:ti_sysbios_knl_Swi_post__E)
                  00013756    00000068     ti.targets.msp430.rts430.ae430X : Assert.oe430X (.text:xdc_runtime_Assert_raise__I)
                  000137be    00000066     sysbios.ae430X : BIOS.obj (.text:ti_sysbios_knl_Task_Module_startup__E)
                  00013824    00000064                    : BIOS.obj (.text:ti_sysbios_family_msp430_Hwi_postInit__I)
                  00013888    00000064     ti.targets.msp430.rts430.ae430X : SysMin.oe430X (.text:xdc_runtime_SysMin_flush__E)
                  000138ec    00000060     sysbios.ae430X : BIOS.obj (.text:ti_sysbios_family_msp430_TaskSupport_start__E)
                  0001394c    00000060     PID_RTOS_pe430X.oe430X (.text:ti_sysbios_knl_Task_construct)
                  000139ac    00000060     ti.uia.loggers.ae430X : LoggerStopMode.oe430X (.text:ti_uia_loggers_LoggerStopMode_initBuffer__I)
                  00013a0c    0000005e     sysbios.ae430X : BIOS.obj (.text:ti_sysbios_family_msp430_Timer_setNextTick__E)
                  00013a6a    0000005c     drivers_MSP430F5529.ae430X : UARTUSCIA.oe430X (.text:writeData)
                  00013ac6    00000058     rts430x_lc_rd_eabi.lib : div32u.obj (.text)
                  00013b1e    00000056     sysbios.ae430X : BIOS.obj (.text:ti_sysbios_family_msp430_Hwi_getStackInfo__E)
                  00013b74    00000056                    : BIOS.obj (.text:ti_sysbios_knl_Task_blockI__E)
                  00013bca    00000056     ti.uia.loggers.ae430X : LoggerStopMode.oe430X (.text:ti_uia_loggers_LoggerStopMode_reset__E)
                  00013c20    00000056     ti.targets.msp430.rts430.ae430X : SysMin.oe430X (.text:xdc_runtime_SysMin_putch__E)
                  00013c76    00000054     sysbios.ae430X : BIOS.obj (.text:ti_sysbios_family_msp430_Timer_start__E)
                  00013cca    00000054                    : BIOS.obj (.text:ti_sysbios_knl_Task_processVitalTaskFlag__I)
                  00013d1e    00000054                    : BIOS.obj (.text:ti_sysbios_knl_Task_unblockI__E)
                  00013d72    00000052                    : BIOS.obj (.text:ti_sysbios_knl_Swi_restore__E)
                  00013dc4    00000052     ti.targets.msp430.rts430.ae430X : Startup.oe430X (.text:xdc_runtime_Startup_exec__E)
                  00013e16    00000050     sysbios.ae430X : BIOS.obj (.text:ti_sysbios_family_msp430_Timer_initDevice__I)
                  00013e66    0000004e                    : BIOS.obj (.text:ti_sysbios_knl_Task_exit__E)
                  00013eb4    0000004e     ti.targets.msp430.rts430.ae430X : Core-params.oe430X (.text:xdc_runtime_Core_assignParams__I)
                  00013f02    0000004c     ti.catalog.msp430.init.ae430X : Boot.oe430X (.text:.bootCodeSection:ti_catalog_msp430_init_Boot_configureDCO)
                  00013f4e    0000004c     ti.uia.loggers.ae430X : LoggerStopMode.oe430X (.text:ti_uia_loggers_LoggerStopMode_Module_startup__E)
                  00013f9a    0000004a     SerialComm.obj (.text:ConstructBackChannelReadTask)
                  00013fe4    0000004a     SerialComm.obj (.text:ConstructBackchannelWriteTask)
                  0001402e    0000004a     sysbios.ae430X : BIOS.obj (.text:ti_sysbios_family_msp430_Timer_startup__E)
                  00014078    0000004a                    : BIOS.obj (.text:ti_sysbios_knl_Task_allBlockedFunction__I)
                  000140c2    00000048     drivers_MSP430F5529.ae430X : GPIOMSP430.oe430X (.text:GPIO_toggle)
                  0001410a    00000048     SerialComm.obj (.text:InitializeSerialBlocks)
                  00014152    00000048     drivers_MSP430F5529.ae430X : UARTUSCIA.oe430X (.text:UARTUSCIA_close)
                  0001419a    00000048     sysbios.ae430X : BIOS.obj (.text:ti_sysbios_hal_Hwi_checkStack)
                  000141e2    00000048                    : BIOS.obj (.text:ti_sysbios_knl_Semaphore_pendTimeout__I)
                  0001422a    00000046                    : BIOS.obj (.text:ti_sysbios_family_msp430_Timer_Module_startup__E)
                  00014270    00000044     PID_RTOS_pe430X.oe430X (.text:ti_sysbios_heaps_HeapMem_Object__get__S)
                  000142b4    00000044     PID_RTOS_pe430X.oe430X (.text:ti_sysbios_knl_Swi_Object__get__S)
                  000142f8    00000044     PID_RTOS_pe430X.oe430X (.text:ti_uia_loggers_LoggerStopMode_Object__get__S)
                  0001433c    00000042     SerialComm.obj (.text:ConstructSerialSemaphores)
                  0001437e    00000042     sysbios.ae430X : BIOS.obj (.text:ti_sysbios_family_msp430_Timer_getCount__E)
                  000143c0    00000042     PID_RTOS_pe430X.oe430X (.text:ti_sysbios_gates_GateHwi_Object__create__S)
                  00014402    00000042     PID_RTOS_pe430X.oe430X (.text:ti_sysbios_gates_GateMutex_Object__create__S)
                  00014444    00000042     PID_RTOS_pe430X.oe430X (.text:ti_sysbios_heaps_HeapMem_Object__create__S)
                  00014486    00000042     sysbios.ae430X : BIOS.obj (.text:ti_sysbios_knl_Clock_addI__E)
                  000144c8    00000042     PID_RTOS_pe430X.oe430X (.text:ti_uia_loggers_LoggerStopMode_Object__create__S)
                  0001450a    0000003e     gpio.obj (.text:GPIO_setAsInputPinWithPullDownResistor)
                  00014548    0000003e     gpio.obj (.text:GPIO_setAsInputPinWithPullUpResistor)
                  00014586    0000003e     rts430x_lc_rd_eabi.lib : lsl32.obj (.text:l_lsl_const)
                  000145c4    0000003e                            : lsr32.obj (.text:l_lsr_const)
                  00014602    0000003e     PID_RTOS_pe430X.oe430X (.text:ti_sysbios_knl_Semaphore_construct)
                  00014640    0000003e     ti.targets.msp430.rts430.ae430X : System.oe430X (.text:xdc_runtime_System_atexit__E)
                  0001467e    0000003c     sysbios.ae430X : BIOS.obj (.text:ti_sysbios_family_msp430_ClockFreqs_getFrequency__E)
                  000146ba    0000003c                    : BIOS.obj (.text:ti_sysbios_hal_Hwi_initStack)
                  000146f6    0000003c     ti.targets.msp430.rts430.ae430X : System.oe430X (.text:xdc_runtime_System_processAtExit__E)
                  00014732    0000003a     drivers_MSP430F5529.ae430X : UARTUSCIA.oe430X (.text:UARTUSCIA_readPolling)
                  0001476c    0000003a                                : UARTUSCIA.oe430X (.text:UARTUSCIA_writePolling)
                  000147a6    0000003a                                : UART.oe430X (.text:UART_init)
                  000147e0    0000003a     sysbios.ae430X : BIOS.obj (.text:ti_sysbios_family_msp430_Hwi46_p2)
                  0001481a    0000003a     PID_RTOS_pe430X.oe430X (.text:ti_sysbios_gates_GateMutex_construct)
                  00014854    0000003a     sysbios.ae430X : BIOS.obj (.text:ti_sysbios_gates_GateMutex_enter__E)
                  0001488e    0000003a     PID_RTOS_pe430X.oe430X (.text:ti_sysbios_knl_Queue_construct)
                  000148c8    00000038     sysbios.ae430X : BIOS.obj (.text:ti_sysbios_family_msp430_Hwi53_p2)
                  00014900    00000036     rts430x_lc_rd_eabi.lib : trgmsg.obj (.text:__TI_writemsg)
                  00014936    00000036     ti.targets.msp430.rts430.ae430X : Error.oe430X (.text:xdc_runtime_Error_raiseX__E)
                  0001496c    00000034     gpio.obj (.text:GPIO_setAsInputPin)
                  000149a0    00000032     drivers_MSP430F5529.ae430X : UART.oe430X (.text:UART_open)
                  000149d2    00000032     rts430x_lc_rd_eabi.lib : trgmsg.obj (.text:__TI_readmsg)
                  00014a04    00000032     sysbios.ae430X : BIOS.obj (.text:ti_sysbios_family_msp430_Timer_postInit__I)
                  00014a36    00000032                    : BIOS.obj (.text:ti_sysbios_family_msp430_Timer_stop__E)
                  00014a68    00000032                    : msp430_Hwi_switch_asm.obj (.text:ti_sysbios_family_xxx_Hwi_switchAndRunFunc)
                  00014a9a    00000032     ti.targets.msp430.rts430.ae430X : Core-label.oe430X (.text:xdc_runtime_Core_assignLabel__I)
                  00014acc    00000032                                     : SysMin.oe430X (.text:xdc_runtime_SysMin_abort__E)
                  00014afe    00000030     MAIN.obj (.text:main)
                  00014b2e    00000030     sysbios.ae430X : BIOS.obj (.text:ti_sysbios_knl_Queue_put__E)
                  00014b5e    00000030                    : BIOS.obj (.text:ti_sysbios_knl_Task_restore__E)
                  00014b8e    0000002e     gpio.obj (.text:GPIO_selectInterruptEdge)
                  00014bbc    0000002e     PID_RTOS_pe430X.oe430X (.text:ti_sysbios_knl_Task_Object__get__S)
                  00014bea    0000002c     PID_RTOS_pe430X.oe430X (.text:ti_sysbios_knl_Clock_doTick__I)
                  00014c16    0000002a     PID_RTOS_pe430X.oe430X (.text:ti_sysbios_BIOS_atExitFunc__I)
                  00014c40    0000002a     PID_RTOS_pe430X.oe430X (.text:ti_sysbios_family_msp430_Hwi_Object__get__S)
                  00014c6a    0000002a     sysbios.ae430X : BIOS.obj (.text:ti_sysbios_knl_Clock_Module_startup__E)
                  00014c94    0000002a                    : BIOS.obj (.text:ti_sysbios_knl_Task_sleepTimeout__I)
                  00014cbe    0000002a     PID_RTOS_pe430X.oe430X (.text:xdc_runtime_SysMin_output__I)
                  00014ce8    00000028     gpio.obj (.text:GPIO_setAsOutputPin)
                  00014d10    00000028     gpio.obj (.text:GPIO_setAsPeripheralModuleFunctionInputPin)
                  00014d38    00000028     PID_RTOS_pe430X.oe430X (.text:ti_sysbios_BIOS_startFunc__I)
                  00014d60    00000028     sysbios.ae430X : BIOS.obj (.text:ti_sysbios_knl_Semaphore_Instance_finalize__E)
                  00014d88    00000028     ti.targets.msp430.rts430.ae430X : Text.oe430X (.text:xdc_runtime_Text_cordText__E)
                  00014db0    00000026     usci_a_uart.obj (.text:USCI_A_UART_disableInterrupt)
                  00014dd6    00000026     PID_RTOS_pe430X.oe430X (.text:ti_sysbios_gates_GateMutex_Object__delete__S)
                  00014dfc    00000026     sysbios.ae430X : BIOS.obj (.text:ti_sysbios_knl_Swi_Module_startup__E)
                  00014e22    00000024     rts430x_lc_rd_eabi.lib : mult32_f5hw.obj (.text)
                  00014e46    00000024     PID_RTOS_pe430X.oe430X (.text:ti_sysbios_BIOS_rtsLock__I)
                  00014e6a    00000024     PID_RTOS_pe430X.oe430X (.text:ti_sysbios_gates_GateHwi_Object__delete__S)
                  00014e8e    00000024     PID_RTOS_pe430X.oe430X (.text:ti_sysbios_heaps_HeapMem_Object__delete__S)
                  00014eb2    00000024     ti.uia.loggers.ae430X : LoggerStopMode.oe430X (.text:ti_uia_loggers_LoggerStopMode_Instance_init__E)
                  00014ed6    00000024     PID_RTOS_pe430X.oe430X (.text:ti_uia_loggers_LoggerStopMode_Object__delete__S)
                  00014efa    00000022     sysbios.ae430X : BIOS.obj (.text:ti_sysbios_gates_GateMutex_Instance_init__E)
                  00014f1c    00000022                    : BIOS.obj (.text:ti_sysbios_gates_GateMutex_leave__E)
                  00014f3e    00000022                    : BIOS.obj (.text:ti_sysbios_knl_Clock_startI__E)
                  00014f60    00000022                    : BIOS.obj (.text:ti_sysbios_knl_Idle_run__E)
                  00014f82    00000022                    : BIOS.obj (.text:ti_sysbios_knl_Task_restoreHwi__E)
                  00014fa4    00000022     ti.uia.loggers.ae430X : LoggerStopMode.oe430X (.text:ti_uia_loggers_LoggerStopMode_disable__E)
                  00014fc6    00000022                           : LoggerStopMode.oe430X (.text:ti_uia_loggers_LoggerStopMode_enable__E)
                  00014fe8    00000022     ti.targets.msp430.rts430.ae430X : Memory.oe430X (.text:xdc_runtime_Memory_valloc__E)
                  0001500a    00000020     usci_a_uart.obj (.text:USCI_A_UART_transmitData)
                  0001502a    00000020     ti.targets.msp430.rts430.ae430X : Error.oe430X (.text:xdc_runtime_Error_check__E)
                  0001504a    0000001e     gpio.obj (.text:GPIO_clearInterrupt)
                  00015068    0000001e     usci_a_uart.obj (.text:USCI_A_UART_enableInterrupt)
                  00015086    0000001e     usci_a_uart.obj (.text:USCI_A_UART_receiveData)
                  000150a4    0000001e     PID_RTOS_pe430X.oe430X (.text:ti_sysbios_BIOS_rtsUnlock__I)
                  000150c2    0000001e     PID_RTOS_pe430X.oe430X (.text:ti_sysbios_family_msp430_Timer_Module__startupDone__F)
                  000150e0    0000001e     PID_RTOS_pe430X.oe430X (.text:ti_sysbios_gates_GateHwi_Handle__label__S)
                  000150fe    0000001e     PID_RTOS_pe430X.oe430X (.text:ti_sysbios_gates_GateMutex_Handle__label__S)
                  0001511c    0000001e     PID_RTOS_pe430X.oe430X (.text:ti_sysbios_heaps_HeapMem_Handle__label__S)
                  0001513a    0000001e     sysbios.ae430X : BIOS.obj (.text:ti_sysbios_knl_Task_enter__I)
                  00015158    0000001e     PID_RTOS_pe430X.oe430X (.text:ti_uia_loggers_LoggerStopMode_Handle__label__S)
                  00015176    0000001c     gpio.obj (.text:GPIO_setOutputHighOnPin)
                  00015192    0000001c     gpio.obj (.text:GPIO_setOutputLowOnPin)
                  000151ae    0000001c     gpio.obj (.text:GPIO_toggleOutputOnPin)
                  000151ca    0000001c     MSP_EXP430F5529LP.obj (.text:MSP_EXP430F5529LP_initUART)
                  000151e6    0000001c     sysbios.ae430X : msp430_TaskSupport_asm.obj (.text:_ti_sysbios_family_msp430_TaskSupport_swap__E)
                  00015202    0000001c     drivers_MSP430F5529.ae430X : GPIOMSP430.oe430X (.text:getPinNumber)
                  0001521e    0000001c     PID_RTOS_pe430X.oe430X (.text:ti_sysbios_family_msp430_Hwi_Module__startupDone__F)
                  0001523a    0000001c     sysbios.ae430X : BIOS.obj (.text:ti_sysbios_knl_Task_unblock__E)
                  00015256    0000001c     ti.targets.msp430.rts430.ae430X : SysMin.oe430X (.text:xdc_runtime_SysMin_Module_startup__E)
                  00015272    0000001a     PID_RTOS_pe430X.oe430X (.text:ti_sysbios_BIOS_exitFunc__I)
                  0001528c    0000001a     PID_RTOS_pe430X.oe430X (.text:ti_sysbios_BIOS_registerRTSLock__I)
                  000152a6    0000001a     PID_RTOS_pe430X.oe430X (.text:ti_sysbios_BIOS_removeRTSLock__I)
                  000152c0    0000001a     sysbios.ae430X : BIOS.obj (.text:ti_sysbios_family_msp430_TimestampProvider_get64__E)
                  000152da    0000001a                    : BIOS.obj (.text:ti_sysbios_knl_Event_checkEvents__I)
                  000152f4    0000001a     PID_RTOS_pe430X.oe430X (.text:ti_sysbios_knl_Semaphore_Object__destruct__S)
                  0001530e    0000001a     ti.uia.loggers.ae430X : LoggerStopMode.oe430X (.text:ti_uia_loggers_LoggerStopMode_isEmpty__E)
                  00015328    00000018     Health.obj (.text:heartBeatFxn)
                  00015340    00000018     rts430x_lc_rd_eabi.lib : mult16_f5hw.obj (.text)
                  00015358    00000018     sysbios.ae430X : BIOS.obj (.text:ti_sysbios_BIOS_setThreadType__E)
                  00015370    00000018                    : BIOS.obj (.text:ti_sysbios_family_msp430_TimestampProvider_Module_startup__E)
                  00015388    00000018     PID_RTOS_pe430X.oe430X (.text:ti_sysbios_knl_Queue_Object__destruct__S)
                  000153a0    00000016     rts430x_lc_rd_eabi.lib : memset.obj (.text:memset)
                  000153b6    00000016                            : div16u.obj (.text)
                  000153cc    00000016     ti.targets.msp430.rts430.ae430X : SysMin.oe430X (.text:xdc_runtime_SysMin_exit__E)
                  000153e2    00000016                                     : System.oe430X (.text:xdc_runtime_System_abort__E)
                  000153f8    00000014     rts430x_lc_rd_eabi.lib : memcpy.obj (.text:memcpy)
                  0001540c    00000014     ti.targets.msp430.rts430.ae430X : Memory.oe430X (.text:xdc_runtime_Memory_calloc__E)
                  00015420    00000014     PID_RTOS_pe430X.oe430X (.text:xdc_runtime_Startup_exec__I)
                  00015434    00000014     ti.targets.msp430.rts430.ae430X : Text.oe430X (.text:xdc_runtime_Text_ropeText__E)
                  00015448    00000012     rts430x_lc_rd_eabi.lib : copy_decompress_none.obj (.text:decompress:none:__TI_decompress_none)
                  0001545a    00000012     PID_RTOS_pe430X.oe430X (.text:ti_sysbios_family_msp430_Power_idleCPU__E)
                  0001546c    00000012     sysbios.ae430X : BIOS.obj (.text:ti_sysbios_gates_GateHwi_leave__E)
                  0001547e    00000012                    : BIOS.obj (.text:ti_sysbios_gates_GateMutex_Instance_finalize__E)
                  00015490    00000012     PID_RTOS_pe430X.oe430X (.text:ti_sysbios_knl_Queue_Object__get__S)
                  000154a2    00000012     ti.targets.msp430.rts430.ae430X : System.oe430X (.text:xdc_runtime_System_exit__E)
                  000154b4    00000010     sysbios.ae430X : msp430_TaskSupport_asm.obj (.text:_ti_sysbios_family_msp430_TaskSupport_glue)
                  000154c4    00000010     drivers_MSP430F5529.ae430X : UARTUSCIA.oe430X (.text:readSemCallback)
                  000154d4    00000010     sysbios.ae430X : BIOS.obj (.text:ti_sysbios_family_msp430_TaskSupport_checkStack__E)
                  000154e4    00000010                    : BIOS.obj (.text:ti_sysbios_hal_Hwi_Module_startup__E)
                  000154f4    00000010                    : BIOS.obj (.text:ti_sysbios_hal_Timer_Module_startup__E)
                  00015504    00000010                    : BIOS.obj (.text:ti_sysbios_knl_Event_sync__E)
                  00015514    00000010     drivers_MSP430F5529.ae430X : UARTUSCIA.oe430X (.text:writeSemCallback)
                  00015524    0000000e     sysbios.ae430X : BIOS.obj (.text:ti_sysbios_family_msp430_Timer_getMaxTicks__E)
                  00015532    0000000e                    : BIOS.obj (.text:ti_sysbios_knl_Queue_empty__E)
                  00015540    0000000e                    : BIOS.obj (.text:ti_sysbios_knl_Swi_disable__E)
                  0001554e    0000000e                    : BIOS.obj (.text:ti_sysbios_knl_Task_disable__E)
                  0001555c    0000000c     PID_RTOS_pe430X.oe430X (.text:.bootCodeSection:ti_catalog_msp430_init_Boot_init)
                  00015568    0000000c     drivers_MSP430F5529.ae430X : UART.oe430X (.text:UART_Params_init)
                  00015574    0000000c     PID_RTOS_pe430X.oe430X (.text:ti_sysbios_gates_GateMutex_Params__init__S)
                  00015580    0000000c     PID_RTOS_pe430X.oe430X (.text:ti_sysbios_knl_Semaphore_Params__init__S)
                  0001558c    0000000c     PID_RTOS_pe430X.oe430X (.text:ti_sysbios_knl_Task_Params__init__S)
                  00015598    0000000c     ti.targets.msp430.rts430.ae430X : Gate.oe430X (.text:xdc_runtime_Gate_leaveSystem__E)
                  000155a4    0000000c                                     : Memory.oe430X (.text:xdc_runtime_Memory_free__E)
                  000155b0    0000000c                                     : Startup.oe430X (.text:xdc_runtime_Startup_rtsDone__E)
                  000155bc    0000000a     drivers_MSP430F5529.ae430X : UARTUSCIA.oe430X (.text:UARTUSCIA_init)
                  000155c6    0000000a     usci_a_uart.obj (.text:USCI_A_UART_getInterruptStatus)
                  000155d0    0000000a     rts430x_lc_rd_eabi.lib : lsl16.obj (.text)
                  000155da    0000000a     sysbios.ae430X : BIOS.obj (.text:ti_sysbios_BIOS_start__E)
                  000155e4    0000000a                    : BIOS.obj (.text:ti_sysbios_family_msp430_Hwi_startup__E)
                  000155ee    0000000a                    : BIOS.obj (.text:ti_sysbios_gates_GateHwi_enter__E)
                  000155f8    0000000a                    : BIOS.obj (.text:ti_sysbios_knl_Queue_Instance_init__E)
                  00015602    00000008     ti.catalog.msp430.init.ae430X : Boot.oe430X (.text:.bootCodeSection:ti_catalog_msp430_init_Boot_disableWatchdog)
                  0001560a    00000008     drivers_MSP430F5529.ae430X : UART.oe430X (.text:UART_control)
                  00015612    00000008                                : UART.oe430X (.text:UART_read)
                  0001561a    00000008                                : UART.oe430X (.text:UART_write)
                  00015622    00000008     sysbios.ae430X : BIOS.obj (.text:ti_sysbios_family_msp430_Hwi_switchFromBootStack__E)
                  0001562a    00000008                    : BIOS.obj (.text:ti_sysbios_family_msp430_TaskSupport_getStackAlignment__E)
                  00015632    00000008                    : BIOS.obj (.text:ti_sysbios_family_msp430_Timer_getPeriod__E)
                  0001563a    00000008     ti.targets.msp430.rts430.ae430X : Gate.oe430X (.text:xdc_runtime_Gate_enterSystem__E)
                  00015642    00000008     PID_RTOS_pe430X.oe430X (.text:xdc_runtime_IHeap_alloc)
                  0001564a    00000008     PID_RTOS_pe430X.oe430X (.text:xdc_runtime_IHeap_free)
                  00015652    00000008     ti.targets.msp430.rts430.ae430X : Memory.oe430X (.text:xdc_runtime_Memory_getMaxDefaultTypeAlign__E)
                  0001565a    00000006     drivers_MSP430F5529.ae430X : UARTUSCIA.oe430X (.text:UARTUSCIA_control)
                  00015660    00000006     usci_a_uart.obj (.text:USCI_A_UART_disable)
                  00015666    00000006     usci_a_uart.obj (.text:USCI_A_UART_enable)
                  0001566c    00000006     rts430x_lc_rd_eabi.lib : _lock.obj (.text:_register_lock)
                  00015672    00000006                            : _lock.obj (.text:_register_unlock)
                  00015678    00000006                            : copy_decompress_rle.obj (.text:decompress:rle24:__TI_decompress_rle24)
                  0001567e    00000006     sysbios.ae430X : BIOS.obj (.text:ti_sysbios_heaps_HeapMem_isBlocking__E)
                  00015684    00000006                    : BIOS.obj (.text:ti_sysbios_knl_Idle_loop__E)
                  0001568a    00000006                    : BIOS.obj (.text:ti_sysbios_knl_Semaphore_getCount__E)
                  00015690    00000006                    : BIOS.obj (.text:ti_sysbios_knl_Swi_startup__E)
                  00015696    00000006     ti.uia.loggers.ae430X : LoggerStopMode.oe430X (.text:ti_uia_loggers_LoggerStopMode_getInstanceId__E)
                  0001569c    00000006                           : LoggerStopMode.oe430X (.text:ti_uia_loggers_LoggerStopMode_getMaxLength__E)
                  000156a2    00000004     boot.ae430X : pre_init.oe430X (.text:_system_pre_init)
                  000156a6    00000004     PID_RTOS_pe430X.oe430X (.text:ti_sysbios_BIOS_RtsGateProxy_enter__E)
                  000156aa    00000004     PID_RTOS_pe430X.oe430X (.text:ti_sysbios_BIOS_RtsGateProxy_leave__E)
                  000156ae    00000004     PID_RTOS_pe430X.oe430X (.text:ti_sysbios_family_msp430_TaskSupport_Module__startupDone__S)
                  000156b2    00000004     sysbios.ae430X : BIOS.obj (.text:ti_sysbios_gates_GateHwi_query__E)
                  000156b6    00000004                    : BIOS.obj (.text:ti_sysbios_gates_GateMutex_query__E)
                  000156ba    00000004     PID_RTOS_pe430X.oe430X (.text:ti_sysbios_heaps_HeapMem_Module_GateProxy_enter__E)
                  000156be    00000004     PID_RTOS_pe430X.oe430X (.text:ti_sysbios_heaps_HeapMem_Module_GateProxy_leave__E)
                  000156c2    00000004     PID_RTOS_pe430X.oe430X (.text:ti_sysbios_knl_Clock_TimerProxy_getMaxTicks__E)
                  000156c6    00000004     PID_RTOS_pe430X.oe430X (.text:ti_sysbios_knl_Clock_TimerProxy_getPeriod__E)
                  000156ca    00000004     PID_RTOS_pe430X.oe430X (.text:ti_sysbios_knl_Queue_destruct)
                  000156ce    00000004     PID_RTOS_pe430X.oe430X (.text:ti_sysbios_knl_Semaphore_destruct)
                  000156d2    00000004     sysbios.ae430X : BIOS.obj (.text:ti_sysbios_knl_Task_startup__E)
                  000156d6    00000004     ti.uia.loggers.ae430X : LoggerStopMode.oe430X (.text:ti_uia_loggers_LoggerStopMode_getContents__E)
                  000156da    00000004     PID_RTOS_pe430X.oe430X (.text:ti_uia_loggers_LoggerStopMode_getFilterLevel__E)
                  000156de    00000004     ti.uia.loggers.ae430X : LoggerStopMode.oe430X (.text:ti_uia_loggers_LoggerStopMode_getPriority__E)
                  000156e2    00000004                           : LoggerStopMode.oe430X (.text:ti_uia_loggers_LoggerStopMode_getTransferType__E)
                  000156e6    00000004     PID_RTOS_pe430X.oe430X (.text:xdc_runtime_System_Module_GateProxy_enter__E)
                  000156ea    00000004     PID_RTOS_pe430X.oe430X (.text:xdc_runtime_System_Module_GateProxy_leave__E)
                  000156ee    00000004     ti.targets.msp430.rts430.ae430X : System.oe430X (.text:xdc_runtime_System_Module_startup__E)
                  000156f2    00000002     MSP_EXP430F5529LP.obj (.text:MSP_EXP430F5529LP_initGeneral)
                  000156f4    00000002     rts430x_lc_rd_eabi.lib : _lock.obj (.text:_nop)
                  000156f6    00000002     sysbios.ae430X : BIOS.obj (.text:ti_sysbios_BIOS_linkedWithIncorrectBootLibrary__E)
                  000156f8    00000002     PID_RTOS_pe430X.oe430X (.text:ti_sysbios_BIOS_nullFunc__I)
                  000156fa    00000002     sysbios.ae430X : BIOS.obj (.text:ti_sysbios_gates_GateHwi_Instance_init__E)
                  000156fc    00000002                    : BIOS.obj (.text:ti_sysbios_knl_Clock_logTick__E)
                  000156fe    00000002     PID_RTOS_pe430X.oe430X (.text:ti_uia_loggers_LoggerStopMode_setFilterLevel__E)
                  00015700    00000002     ti.uia.loggers.ae430X : LoggerStopMode.oe430X (.text:ti_uia_loggers_LoggerStopMode_setPriority__E)
                  00015702    00000002     ti.targets.msp430.rts430.ae430X : Error.oe430X (.text:xdc_runtime_Error_policySpin__E)
                  00015704    00000002                                     : System.oe430X (.text:xdc_runtime_System_abortSpin__E)
                  00015706    00000002                                     : System.oe430X (.text:xdc_runtime_System_exitSpin__E)

MODULE SUMMARY

       Module                       code    ro data   rw data
       ------                       ----    -------   -------
    ./
       MSP_EXP430F5529LP.obj        30      116       216    
       MAIN.obj                     48      0         0      
    +--+----------------------------+-------+---------+---------+
       Total:                       78      116       216    
                                                             
    ./SourceCode/
       SerialComm.obj               1884    307       1352   
       Health.obj                   132     10        370    
    +--+----------------------------+-------+---------+---------+
       Total:                       2016    317       1722   
                                                             
    ./driverlib/MSP430F5xx_6xx/
       gpio.obj                     416     28        0      
       usci_a_uart.obj              366     0         0      
    +--+----------------------------+-------+---------+---------+
       Total:                       782     28        0      
                                                             
    /Volumes/SDrive/CCSV6/CapStone2Env/PID462/Debug/configPkg/package/cfg/
       PID_RTOS_pe430X.oe430X       4690    969       1854   
    +--+----------------------------+-------+---------+---------+
       Total:                       4690    969       1854   
                                                             
    /Volumes/SDrive/CCSV6/CapStone2Env/PID462/src/sysbios/sysbios.ae430X
       BIOS.obj                     7856    76        0      
       msp430_TaskSupport_asm.obj   164     0         0      
       msp430_Hwi_switch_asm.obj    50      0         0      
    +--+----------------------------+-------+---------+---------+
       Total:                       8070    76        0      
                                                             
    /Volumes/SDrive/CCSV6/ccsv6/tools/compiler/ti-cgt-msp430_15.12.1.LTS/lib/rts430x_lc_rd_eabi.lib
       trgmsg.obj                   104     0         288    
       trgdrv.obj                   108     0         8      
       copy_decompress_rle.obj      110     0         0      
       div32u.obj                   88      0         0      
       lsl32.obj                    62      0         0      
       lsr32.obj                    62      0         0      
       mult32_f5hw.obj              36      0         0      
       mult16_f5hw.obj              24      0         0      
       _lock.obj                    14      0         8      
       div16u.obj                   22      0         0      
       memset.obj                   22      0         0      
       memcpy.obj                   20      0         0      
       copy_decompress_none.obj     18      0         0      
       lsl16.obj                    10      0         0      
    +--+----------------------------+-------+---------+---------+
       Total:                       700     0         304    
                                                             
    /Volumes/SDrive/CCSV6/tirtos_msp43x_2_20_00_06/products/bios_6_46_00_23/packages/ti/catalog/msp430/init/lib/ti.catalog.msp430.init.ae430X
       Boot.oe430X                  84      0         0      
    +--+----------------------------+-------+---------+---------+
       Total:                       84      0         0      
                                                             
    /Volumes/SDrive/CCSV6/tirtos_msp43x_2_20_00_06/products/bios_6_46_00_23/packages/ti/targets/msp430/rts430/lib/boot.ae430X
       autoinit_wdt.oe430X          112     0         0      
       boot_special.oe430X          38      0         0      
       pre_init.oe430X              4       0         0      
       boot.oe430X                  0       2         0      
    +--+----------------------------+-------+---------+---------+
       Total:                       154     2         0      
                                                             
    /Volumes/SDrive/CCSV6/tirtos_msp43x_2_20_00_06/products/bios_6_46_00_23/packages/ti/targets/msp430/rts430/lib/ti.targets.msp430.rts430.ae430X
       Core-mem.oe430X              574     0         0      
       Core-smem.oe430X             364     0         0      
       Startup.oe430X               286     42        0      
       SysMin.oe430X                286     0         0      
       Memory.oe430X                202     0         0      
       System.oe430X                170     0         0      
       Assert.oe430X                104     6         0      
       Error.oe430X                 88      0         0      
       Core-params.oe430X           78      0         0      
       Text.oe430X                  60      0         0      
       Core-label.oe430X            50      0         0      
       Gate.oe430X                  20      0         0      
    +--+----------------------------+-------+---------+---------+
       Total:                       2282    48        0      
                                                             
    /Volumes/SDrive/CCSV6/tirtos_msp43x_2_20_00_06/products/tidrivers_msp43x_2_20_00_08/packages/ti/drivers/lib/drivers_MSP430F5529.ae430X
       UARTUSCIA.oe430X             1700    68        0      
       GPIOMSP430.oe430X            722     6         65     
       UART.oe430X                  144     38        2      
    +--+----------------------------+-------+---------+---------+
       Total:                       2566    112       67     
                                                             
    /Volumes/SDrive/CCSV6/tirtos_msp43x_2_20_00_06/products/uia_2_00_06_52/packages/ti/uia/loggers/lib/release/ti.uia.loggers.ae430X
       LoggerStopMode.oe430X        846     0         0      
    +--+----------------------------+-------+---------+---------+
       Total:                       846     0         0      
                                                             
    /Volumes/SDrive/CCSV6/tirtos_msp43x_2_20_00_06/products/uia_2_00_06_52/packages/ti/uia/runtime/lib/release/ti.uia.runtime.ae430X
       QueueDescriptor.oe430X       154     0         6      
    +--+----------------------------+-------+---------+---------+
       Total:                       154     0         6      
                                                             
       Stack:                       0       0         768    
       Linker Generated:            0       687       0      
    +--+----------------------------+-------+---------+---------+
       Grand Total:                 22422   2355      4937   


LINKER GENERATED COPY TABLES

__TI_cinit_table @ 00004d86 records: 2, size/record: 8, table size: 16
	.data: load addr=00004ae6, load size=0000028c bytes, run addr=00002fa4, run size=0000039f bytes, compression=rle
	.bss: load addr=00004d72, load size=0000000b bytes, run addr=00002400, run size=00000ba4 bytes, compression=rle


LINKER GENERATED HANDLER TABLE

__TI_handler_table @ 00004d7e records: 2, size/record: 4, table size: 8
	index: 0, handler: __TI_decompress_rle24
	index: 1, handler: __TI_decompress_none


GLOBAL SYMBOLS: SORTED ALPHABETICALLY BY Name 

address   name                                                         
-------   ----                                                         
00000700  ADC12CTL0                                                    
00000701  ADC12CTL0_H                                                  
00000700  ADC12CTL0_L                                                  
00000702  ADC12CTL1                                                    
00000703  ADC12CTL1_H                                                  
00000702  ADC12CTL1_L                                                  
00000704  ADC12CTL2                                                    
00000705  ADC12CTL2_H                                                  
00000704  ADC12CTL2_L                                                  
0000070c  ADC12IE                                                      
0000070d  ADC12IE_H                                                    
0000070c  ADC12IE_L                                                    
0000070a  ADC12IFG                                                     
0000070b  ADC12IFG_H                                                   
0000070a  ADC12IFG_L                                                   
0000070e  ADC12IV                                                      
0000070f  ADC12IV_H                                                    
0000070e  ADC12IV_L                                                    
00000710  ADC12MCTL0                                                   
00000711  ADC12MCTL1                                                   
0000071a  ADC12MCTL10                                                  
0000071b  ADC12MCTL11                                                  
0000071c  ADC12MCTL12                                                  
0000071d  ADC12MCTL13                                                  
0000071e  ADC12MCTL14                                                  
0000071f  ADC12MCTL15                                                  
00000712  ADC12MCTL2                                                   
00000713  ADC12MCTL3                                                   
00000714  ADC12MCTL4                                                   
00000715  ADC12MCTL5                                                   
00000716  ADC12MCTL6                                                   
00000717  ADC12MCTL7                                                   
00000718  ADC12MCTL8                                                   
00000719  ADC12MCTL9                                                   
00000720  ADC12MEM0                                                    
00000721  ADC12MEM0_H                                                  
00000720  ADC12MEM0_L                                                  
00000722  ADC12MEM1                                                    
00000734  ADC12MEM10                                                   
00000735  ADC12MEM10_H                                                 
00000734  ADC12MEM10_L                                                 
00000736  ADC12MEM11                                                   
00000737  ADC12MEM11_H                                                 
00000736  ADC12MEM11_L                                                 
00000738  ADC12MEM12                                                   
00000739  ADC12MEM12_H                                                 
00000738  ADC12MEM12_L                                                 
0000073a  ADC12MEM13                                                   
0000073b  ADC12MEM13_H                                                 
0000073a  ADC12MEM13_L                                                 
0000073c  ADC12MEM14                                                   
0000073d  ADC12MEM14_H                                                 
0000073c  ADC12MEM14_L                                                 
0000073e  ADC12MEM15                                                   
0000073f  ADC12MEM15_H                                                 
0000073e  ADC12MEM15_L                                                 
00000723  ADC12MEM1_H                                                  
00000722  ADC12MEM1_L                                                  
00000724  ADC12MEM2                                                    
00000725  ADC12MEM2_H                                                  
00000724  ADC12MEM2_L                                                  
00000726  ADC12MEM3                                                    
00000727  ADC12MEM3_H                                                  
00000726  ADC12MEM3_L                                                  
00000728  ADC12MEM4                                                    
00000729  ADC12MEM4_H                                                  
00000728  ADC12MEM4_L                                                  
0000072a  ADC12MEM5                                                    
0000072b  ADC12MEM5_H                                                  
0000072a  ADC12MEM5_L                                                  
0000072c  ADC12MEM6                                                    
0000072d  ADC12MEM6_H                                                  
0000072c  ADC12MEM6_L                                                  
0000072e  ADC12MEM7                                                    
0000072f  ADC12MEM7_H                                                  
0000072e  ADC12MEM7_L                                                  
00000730  ADC12MEM8                                                    
00000731  ADC12MEM8_H                                                  
00000730  ADC12MEM8_L                                                  
00000732  ADC12MEM9                                                    
00000733  ADC12MEM9_H                                                  
00000732  ADC12MEM9_L                                                  
00011636  BackChannelReadTask                                          
000104c0  BackChannelWriteTask                                         
[...]
00013f4e  ti_uia_loggers_LoggerStopMode_Module_startup__E              
00013f9a  ConstructBackChannelReadTask                                 
00013fe4  ConstructBackchannelWriteTask                                
0001402e  ti_sysbios_family_msp430_Timer_startup__E                    
0001402e  ti_sysbios_hal_Timer_TimerProxy_startup__E                   
0001402e  ti_sysbios_knl_Clock_TimerProxy_startup__E                   
00014078  ti_sysbios_knl_Task_allBlockedFunction__I                    
000140c2  GPIO_toggle                                                  
0001410a  InitializeSerialBlocks                                       
00014152  UARTUSCIA_close                                              
0001419a  ti_sysbios_hal_Hwi_checkStack                                
000141e2  ti_sysbios_knl_Semaphore_pendTimeout__I                      
0001422a  ti_sysbios_family_msp430_Timer_Module_startup__E             
00014270  ti_sysbios_heaps_HeapMem_Object__get__S                      
000142b4  ti_sysbios_knl_Swi_Object__get__S                            
000142f8  ti_uia_loggers_LoggerStopMode_Object__get__S                 
0001433c  ConstructSerialSemaphores                                    
0001437e  ti_sysbios_family_msp430_Timer_getCount__E                   
000143c0  ti_sysbios_gates_GateHwi_Object__create__S                   
00014402  ti_sysbios_gates_GateMutex_Object__create__S                 
00014444  ti_sysbios_heaps_HeapMem_Object__create__S                   
00014486  ti_sysbios_knl_Clock_addI__E                                 
000144c8  ti_uia_loggers_LoggerStopMode_Object__create__S              
0001450a  GPIO_setAsInputPinWithPullDownResistor                       
00014548  GPIO_setAsInputPinWithPullUpResistor                         
00014586  __mspabi_slll_15                                             
0001458a  __mspabi_slll_14                                             
0001458e  __mspabi_slll_13                                             
00014592  __mspabi_slll_12                                             
00014596  __mspabi_slll_11                                             
0001459a  __mspabi_slll_10                                             
0001459e  __mspabi_slll_9                                              
000145a2  __mspabi_slll_8                                              
000145a6  __mspabi_slll_7                                              
000145aa  __mspabi_slll_6                                              
000145ae  __mspabi_slll_5                                              
000145b2  __mspabi_slll_4                                              
000145b6  __mspabi_slll_3                                              
000145ba  __mspabi_slll_2                                              
000145be  __mspabi_slll_1                                              
000145c4  __mspabi_srll_15                                             
000145c8  __mspabi_srll_14                                             
000145cc  __mspabi_srll_13                                             
000145d0  __mspabi_srll_12                                             
000145d4  __mspabi_srll_11                                             
000145d8  __mspabi_srll_10                                             
000145dc  __mspabi_srll_9                                              
000145e0  __mspabi_srll_8                                              
000145e4  __mspabi_srll_7                                              
000145e8  __mspabi_srll_6                                              
000145ec  __mspabi_srll_5                                              
000145f0  __mspabi_srll_4                                              
000145f4  __mspabi_srll_3                                              
000145f8  __mspabi_srll_2                                              
000145fc  __mspabi_srll_1                                              
00014602  ti_sysbios_knl_Semaphore_construct                           
00014640  xdc_runtime_System_atexit__E                                 
0001467e  ti_sysbios_family_msp430_ClockFreqs_getFrequency__E          
000146ba  ti_sysbios_hal_Hwi_initStack                                 
000146f6  xdc_runtime_System_processAtExit__E                          
00014732  UARTUSCIA_readPolling                                        
0001476c  UARTUSCIA_writePolling                                       
000147a6  UART_init                                                    
000147e0  ti_sysbios_family_msp430_Hwi46_p2                            
0001481a  ti_sysbios_gates_GateMutex_construct                         
00014854  ti_sysbios_gates_GateMutex_enter__E                          
0001488e  ti_sysbios_knl_Queue_construct                               
000148c8  ti_sysbios_family_msp430_Hwi53_p2                            
00014900  __TI_writemsg                                                
00014932  C$$IO$$                                                      
00014936  xdc_runtime_Error_raiseX__E                                  
0001496c  GPIO_setAsInputPin                                           
000149a0  UART_open                                                    
000149d2  __TI_readmsg                                                 
00014a04  ti_sysbios_family_msp430_Timer_postInit__I                   
00014a36  ti_sysbios_family_msp430_Timer_stop__E                       
00014a68  ti_sysbios_family_xxx_Hwi_switchAndRunFunc                   
00014a9a  xdc_runtime_Core_assignLabel__I                              
00014acc  xdc_runtime_SysMin_abort__E                                  
00014acc  xdc_runtime_System_SupportProxy_abort__E                     
00014afe  main                                                         
00014b2e  ti_sysbios_knl_Queue_put__E                                  
00014b5e  ti_sysbios_knl_Task_restore__E                               
00014b8e  GPIO_selectInterruptEdge                                     
00014bbc  ti_sysbios_knl_Task_Object__get__S                           
00014bea  ti_sysbios_knl_Clock_doTick__I                               
00014c16  ti_sysbios_BIOS_atExitFunc__I                                
00014c40  ti_sysbios_family_msp430_Hwi_Object__get__S                  
00014c6a  ti_sysbios_knl_Clock_Module_startup__E                       
00014c94  ti_sysbios_knl_Task_sleepTimeout__I                          
00014cbe  xdc_runtime_SysMin_output__I                                 
00014ce8  GPIO_setAsOutputPin                                          
00014d10  GPIO_setAsPeripheralModuleFunctionInputPin                   
00014d38  ti_sysbios_BIOS_startFunc__I                                 
00014d60  ti_sysbios_knl_Semaphore_Instance_finalize__E                
00014d88  xdc_runtime_Text_cordText__E                                 
00014db0  USCI_A_UART_disableInterrupt                                 
00014dd6  ti_sysbios_BIOS_RtsGateProxy_Object__delete__S               
00014dd6  ti_sysbios_gates_GateMutex_Object__delete__S                 
00014dd6  ti_sysbios_heaps_HeapMem_Module_GateProxy_Object__delete__S  
00014dfc  ti_sysbios_knl_Swi_Module_startup__E                         
00014e22  __mspabi_mpyl_f5hw                                           
00014e46  ti_sysbios_BIOS_rtsLock__I                                   
00014e6a  ti_sysbios_gates_GateHwi_Object__delete__S                   
00014e6a  xdc_runtime_Main_Module_GateProxy_Object__delete__S          
00014e6a  xdc_runtime_System_Module_GateProxy_Object__delete__S        
00014e8e  ti_sysbios_heaps_HeapMem_Object__delete__S                   
00014e8e  xdc_runtime_Memory_HeapProxy_Object__delete__S               
00014eb2  ti_uia_loggers_LoggerStopMode_Instance_init__E               
00014ed6  ti_uia_loggers_LoggerStopMode_Object__delete__S              
00014efa  ti_sysbios_gates_GateMutex_Instance_init__E                  
00014f1c  ti_sysbios_gates_GateMutex_leave__E                          
00014f3e  ti_sysbios_knl_Clock_startI__E                               
00014f60  ti_sysbios_knl_Idle_run__E                                   
00014f82  ti_sysbios_knl_Task_restoreHwi__E                            
00014fa4  ti_uia_loggers_LoggerStopMode_disable__E                     
00014fc6  ti_uia_loggers_LoggerStopMode_enable__E                      
00014fe8  xdc_runtime_Memory_valloc__E                                 
0001500a  USCI_A_UART_transmitData                                     
0001502a  xdc_runtime_Error_check__E                                   
0001504a  GPIO_clearInterrupt                                          
00015068  USCI_A_UART_enableInterrupt                                  
00015086  USCI_A_UART_receiveData                                      
000150a4  ti_sysbios_BIOS_rtsUnlock__I                                 
000150c2  ti_sysbios_family_msp430_Timer_Module__startupDone__F        
000150c2  ti_sysbios_family_msp430_Timer_Module__startupDone__S        
000150c2  ti_sysbios_hal_Timer_TimerProxy_Module__startupDone__S       
000150c2  ti_sysbios_knl_Clock_TimerProxy_Module__startupDone__S       
000150e0  ti_sysbios_gates_GateHwi_Handle__label__S                    
000150e0  xdc_runtime_Main_Module_GateProxy_Handle__label__S           
000150e0  xdc_runtime_System_Module_GateProxy_Handle__label__S         
000150fe  ti_sysbios_BIOS_RtsGateProxy_Handle__label__S                
000150fe  ti_sysbios_gates_GateMutex_Handle__label__S                  
000150fe  ti_sysbios_heaps_HeapMem_Module_GateProxy_Handle__label__S   
0001511c  ti_sysbios_heaps_HeapMem_Handle__label__S                    
0001511c  xdc_runtime_Memory_HeapProxy_Handle__label__S                
0001513a  ti_sysbios_knl_Task_enter__I                                 
00015158  ti_uia_loggers_LoggerStopMode_Handle__label__S               
00015176  GPIO_setOutputHighOnPin                                      
00015192  GPIO_setOutputLowOnPin                                       
000151ae  GPIO_toggleOutputOnPin                                       
000151ca  MSP_EXP430F5529LP_initUART                                   
000151e6  _ti_sysbios_family_msp430_TaskSupport_swap__E                
000151e6  ti_sysbios_family_msp430_TaskSupport_swap__E                 
000151e6  ti_sysbios_knl_Task_SupportProxy_swap__E                     
0001521e  ti_sysbios_family_msp430_Hwi_Module__startupDone__F          
0001521e  ti_sysbios_family_msp430_Hwi_Module__startupDone__S          
0001521e  ti_sysbios_hal_Hwi_HwiProxy_Module__startupDone__S           
0001523a  ti_sysbios_knl_Task_unblock__E                               
00015256  xdc_runtime_SysMin_Module_startup__E                         
00015272  ti_sysbios_BIOS_exitFunc__I                                  
0001528c  ti_sysbios_BIOS_registerRTSLock__I                           
000152a6  ti_sysbios_BIOS_removeRTSLock__I                             
000152c0  ti_sysbios_family_msp430_TimestampProvider_get64__E          
000152c0  xdc_runtime_Timestamp_SupportProxy_get64__E                  
000152da  ti_sysbios_knl_Event_checkEvents__I                          
000152f4  ti_sysbios_knl_Semaphore_Object__destruct__S                 
0001530e  ti_uia_loggers_LoggerStopMode_isEmpty__E                     
00015328  heartBeatFxn                                                 
00015340  __mspabi_mpyi_f5hw                                           
00015358  ti_sysbios_BIOS_setThreadType__E                             
00015370  ti_sysbios_family_msp430_TimestampProvider_Module_startup__E 
00015388  ti_sysbios_knl_Queue_Object__destruct__S                     
000153a0  memset                                                       
000153b6  __mspabi_divu                                                
000153b6  __mspabi_remu                                                
000153cc  xdc_runtime_SysMin_exit__E                                   
000153cc  xdc_runtime_System_SupportProxy_exit__E                      
000153e2  xdc_runtime_System_abort__E                                  
000153f8  memcpy                                                       
0001540c  xdc_runtime_Memory_calloc__E                                 
00015420  xdc_runtime_Startup_exec__I                                  
00015434  xdc_runtime_Text_ropeText__E                                 
00015448  __TI_decompress_none                                         
0001545a  ti_sysbios_family_msp430_Power_idleCPU__E                    
0001546c  ti_sysbios_gates_GateHwi_leave__E                            
0001547e  ti_sysbios_gates_GateMutex_Instance_finalize__E              
00015490  ti_sysbios_knl_Queue_Object__get__S                          
000154a2  xdc_runtime_System_exit__E                                   
000154b4  _ti_sysbios_family_msp430_TaskSupport_glue                   
000154b4  ti_sysbios_family_msp430_TaskSupport_glue                    
000154d4  ti_sysbios_family_msp430_TaskSupport_checkStack__E           
000154d4  ti_sysbios_knl_Task_SupportProxy_checkStack__E               
000154e4  ti_sysbios_hal_Hwi_Module_startup__E                         
000154f4  ti_sysbios_hal_Timer_Module_startup__E                       
00015504  ti_sysbios_knl_Event_sync__E                                 
00015524  ti_sysbios_family_msp430_Timer_getMaxTicks__E                
00015532  ti_sysbios_knl_Queue_empty__E                                
00015540  ti_sysbios_knl_Swi_disable__E                                
0001554e  ti_sysbios_knl_Task_disable__E                               
0001555c  ti_catalog_msp430_init_Boot_init                             
0001555c  xdc_runtime_Startup_reset__I                                 
00015568  UART_Params_init                                             
00015574  ti_sysbios_BIOS_RtsGateProxy_Params__init__S                 
00015574  ti_sysbios_gates_GateMutex_Params__init__S                   
00015574  ti_sysbios_heaps_HeapMem_Module_GateProxy_Params__init__S    
00015580  ti_sysbios_knl_Semaphore_Params__init__S                     
0001558c  ti_sysbios_knl_Task_Params__init__S                          
00015598  xdc_runtime_Gate_leaveSystem__E                              
000155a4  xdc_runtime_Memory_free__E                                   
000155b0  xdc_runtime_Startup_rtsDone__E                               
000155bc  UARTUSCIA_init                                               
000155c6  USCI_A_UART_getInterruptStatus                               
000155d0  __mspabi_slli                                                
000155da  osi_start                                                    
000155da  ti_sysbios_BIOS_start__E                                     
000155e4  ti_sysbios_family_msp430_Hwi_startup__E                      
000155e4  ti_sysbios_hal_Hwi_HwiProxy_startup__E                       
000155ee  ti_sysbios_gates_GateHwi_enter__E                            
000155f8  ti_sysbios_knl_Queue_Instance_init__E                        
00015602  ti_catalog_msp430_init_Boot_disableWatchdog                  
0001560a  UART_control                                                 
00015612  UART_read                                                    
0001561a  UART_write                                                   
00015622  ti_sysbios_family_msp430_Hwi_switchFromBootStack__E          
00015622  ti_sysbios_hal_Hwi_HwiProxy_switchFromBootStack__E           
0001562a  ti_sysbios_family_msp430_TaskSupport_getStackAlignment__E    
0001562a  ti_sysbios_knl_Task_SupportProxy_getStackAlignment__E        
00015632  ti_sysbios_family_msp430_Timer_getPeriod__E                  
0001563a  xdc_runtime_Gate_enterSystem__E                              
00015642  xdc_runtime_Memory_HeapProxy_alloc__E                        
0001564a  xdc_runtime_Memory_HeapProxy_free__E                         
00015652  xdc_runtime_Memory_getMaxDefaultTypeAlign__E                 
0001565a  UARTUSCIA_control                                            
00015660  USCI_A_UART_disable                                          
00015666  USCI_A_UART_enable                                           
0001566c  _register_lock                                               
00015672  _register_unlock                                             
00015678  __TI_decompress_rle24                                        
0001567e  ti_sysbios_heaps_HeapMem_isBlocking__E                       
00015684  ti_sysbios_knl_Idle_loop__E                                  
0001568a  ti_sysbios_knl_Semaphore_getCount__E                         
00015690  ti_sysbios_knl_Swi_startup__E                                
00015696  ti_uia_loggers_LoggerStopMode_getInstanceId__E               
0001569c  ti_uia_loggers_LoggerStopMode_getMaxLength__E                
000156a2  _system_pre_init                                             
000156a6  ti_sysbios_BIOS_RtsGateProxy_enter__E                        
000156aa  ti_sysbios_BIOS_RtsGateProxy_leave__E                        
000156ae  ti_sysbios_family_msp430_TaskSupport_Module__startupDone__S  
000156ae  ti_sysbios_knl_Task_SupportProxy_Module__startupDone__S      
000156b2  ti_sysbios_gates_GateHwi_query__E                            
000156b2  xdc_runtime_Main_Module_GateProxy_query__E                   
000156b2  xdc_runtime_System_Module_GateProxy_query__E                 
000156b6  ti_sysbios_BIOS_RtsGateProxy_query__E                        
000156b6  ti_sysbios_gates_GateMutex_query__E                          
000156b6  ti_sysbios_heaps_HeapMem_Module_GateProxy_query__E           
000156ba  ti_sysbios_heaps_HeapMem_Module_GateProxy_enter__E           
000156be  ti_sysbios_heaps_HeapMem_Module_GateProxy_leave__E           
000156c2  ti_sysbios_knl_Clock_TimerProxy_getMaxTicks__E               
000156c6  ti_sysbios_knl_Clock_TimerProxy_getPeriod__E                 
000156ca  ti_sysbios_knl_Queue_destruct                                
000156ce  ti_sysbios_knl_Semaphore_destruct                            
000156d2  ti_sysbios_knl_Task_startup__E                               
000156d6  ti_uia_loggers_LoggerStopMode_getContents__E                 
000156da  ti_uia_loggers_LoggerStopMode_getFilterLevel__E              
000156de  ti_uia_loggers_LoggerStopMode_getPriority__E                 
000156e2  ti_uia_loggers_LoggerStopMode_getTransferType__E             
000156e6  xdc_runtime_System_Module_GateProxy_enter__E                 
000156ea  xdc_runtime_System_Module_GateProxy_leave__E                 
000156ee  xdc_runtime_System_Module_startup__E                         
000156f2  MSP_EXP430F5529LP_initGeneral                                
000156f4  _nop                                                         
000156f6  ti_sysbios_BIOS_linkedWithIncorrectBootLibrary__E            
000156f8  ti_sysbios_BIOS_nullFunc__I                                  
000156fa  ti_sysbios_gates_GateHwi_Instance_init__E                    
000156fc  ti_sysbios_knl_Clock_logTick__E                              
000156fe  ti_uia_loggers_LoggerStopMode_setFilterLevel__E              
00015700  ti_uia_loggers_LoggerStopMode_setPriority__E                 
00015702  xdc_runtime_Error_policySpin__E                              
00015704  xdc_runtime_System_abortSpin__E                              
00015706  xdc_runtime_System_exitSpin__E                               
ffffffff  __TI_pprof_out_hndl                                          
ffffffff  __TI_prof_data_size                                          
ffffffff  __TI_prof_data_start                                         
ffffffff  __c_args__                                                   
UNDEFED   __TI_INITARRAY_Base                                          
UNDEFED   __TI_INITARRAY_Limit                                         

[1349 symbols]
