******************************************************************************
                  MSP430 Linker Unix v15.12.1                  
******************************************************************************
>> Linked Mon Oct 28 03:57:52 2019

OUTPUT FILE NAME:   <PID_462.out>
ENTRY POINT SYMBOL: "_c_int00_noargs_noexit"  address: 00004400


MEMORY CONFIGURATION

         name            origin    length      used     unused   attr    fill
----------------------  --------  ---------  --------  --------  ----  --------
  SFR                   00000000   00000010  00000000  00000010  RWIX
  PERIPHERALS_8BIT      00000010   000000f0  00000000  000000f0  RWIX
  PERIPHERALS_16BIT     00000100   00000100  00000000  00000100  RWIX
  INFOD                 00001800   00000080  00000000  00000080  RWIX
  INFOC                 00001880   00000080  00000000  00000080  RWIX
  INFOB                 00001900   00000080  00000000  00000080  RWIX
  INFOA                 00001980   00000080  00000000  00000080  RWIX
  USBRAM                00001c00   00000800  00000000  00000800  RWIX
  RAM                   00002400   00002000  000013e3  00000c1d  RWIX
  FLASH                 00004400   0000bb80  000009dd  0000b1a3  RWIX
  INT00                 0000ff80   00000002  00000000  00000002  RWIX
  INT01                 0000ff82   00000002  00000000  00000002  RWIX
  INT02                 0000ff84   00000002  00000000  00000002  RWIX
  INT03                 0000ff86   00000002  00000000  00000002  RWIX
  INT04                 0000ff88   00000002  00000000  00000002  RWIX
  INT05                 0000ff8a   00000002  00000000  00000002  RWIX
  INT06                 0000ff8c   00000002  00000000  00000002  RWIX
  INT07                 0000ff8e   00000002  00000000  00000002  RWIX
  INT08                 0000ff90   00000002  00000000  00000002  RWIX
  INT09                 0000ff92   00000002  00000000  00000002  RWIX
  INT10                 0000ff94   00000002  00000000  00000002  RWIX
  INT11                 0000ff96   00000002  00000000  00000002  RWIX
  INT12                 0000ff98   00000002  00000000  00000002  RWIX
  INT13                 0000ff9a   00000002  00000000  00000002  RWIX
  INT14                 0000ff9c   00000002  00000000  00000002  RWIX
  INT15                 0000ff9e   00000002  00000000  00000002  RWIX
  INT16                 0000ffa0   00000002  00000000  00000002  RWIX
  INT17                 0000ffa2   00000002  00000000  00000002  RWIX
  INT18                 0000ffa4   00000002  00000000  00000002  RWIX
  INT19                 0000ffa6   00000002  00000000  00000002  RWIX
  INT20                 0000ffa8   00000002  00000000  00000002  RWIX
  INT21                 0000ffaa   00000002  00000000  00000002  RWIX
  INT22                 0000ffac   00000002  00000000  00000002  RWIX
  INT23                 0000ffae   00000002  00000000  00000002  RWIX
  INT24                 0000ffb0   00000002  00000000  00000002  RWIX
  INT25                 0000ffb2   00000002  00000000  00000002  RWIX
  INT26                 0000ffb4   00000002  00000000  00000002  RWIX
  INT27                 0000ffb6   00000002  00000000  00000002  RWIX
  INT28                 0000ffb8   00000002  00000000  00000002  RWIX
  INT29                 0000ffba   00000002  00000000  00000002  RWIX
  INT30                 0000ffbc   00000002  00000000  00000002  RWIX
  INT31                 0000ffbe   00000002  00000000  00000002  RWIX
  INT32                 0000ffc0   00000002  00000000  00000002  RWIX
  INT33                 0000ffc2   00000002  00000000  00000002  RWIX
  INT34                 0000ffc4   00000002  00000000  00000002  RWIX
  INT35                 0000ffc6   00000002  00000000  00000002  RWIX
  INT36                 0000ffc8   00000002  00000000  00000002  RWIX
  INT37                 0000ffca   00000002  00000000  00000002  RWIX
  INT38                 0000ffcc   00000002  00000000  00000002  RWIX
  INT39                 0000ffce   00000002  00000000  00000002  RWIX
  INT40                 0000ffd0   00000002  00000000  00000002  RWIX
  INT41                 0000ffd2   00000002  00000002  00000000  RWIX
  INT42                 0000ffd4   00000002  00000002  00000000  RWIX
  INT43                 0000ffd6   00000002  00000002  00000000  RWIX
  INT44                 0000ffd8   00000002  00000002  00000000  RWIX
  INT45                 0000ffda   00000002  00000002  00000000  RWIX
  INT46                 0000ffdc   00000002  00000002  00000000  RWIX
  INT47                 0000ffde   00000002  00000002  00000000  RWIX
  INT48                 0000ffe0   00000002  00000002  00000000  RWIX
  INT49                 0000ffe2   00000002  00000002  00000000  RWIX
  INT50                 0000ffe4   00000002  00000002  00000000  RWIX
  INT51                 0000ffe6   00000002  00000002  00000000  RWIX
  INT52                 0000ffe8   00000002  00000002  00000000  RWIX
  INT53                 0000ffea   00000002  00000002  00000000  RWIX
  INT54                 0000ffec   00000002  00000002  00000000  RWIX
  INT55                 0000ffee   00000002  00000002  00000000  RWIX
  INT56                 0000fff0   00000002  00000002  00000000  RWIX
  INT57                 0000fff2   00000002  00000002  00000000  RWIX
  INT58                 0000fff4   00000002  00000002  00000000  RWIX
  INT59                 0000fff6   00000002  00000002  00000000  RWIX
  INT60                 0000fff8   00000002  00000002  00000000  RWIX
  INT61                 0000fffa   00000002  00000002  00000000  RWIX
  INT62                 0000fffc   00000002  00000002  00000000  RWIX
  RESET                 0000fffe   00000002  00000002  00000000  RWIX
  FLASH2                00010000   00014400  00005d4c  0000e6b4  RWIX


SECTION ALLOCATION MAP

 output                                  attributes/
section   page    origin      length       input sections
--------  ----  ----------  ----------   ----------------
.bss       0    00002400    00000c24     UNINITIALIZED
                  00002400    00000138     (.common:bc_tx_q)
                  00002538    00000100     (.common:bc_read_stack)
                  00002638    00000100     (.common:bc_write_stack)
                  00002738    00000100     (.common:task0Stack)
                  00002838    00000042     (.common:bc_read_struct)
                  0000287a    00000004     (.common:adc_mutex)
                  0000287e    00000002     --HOLE--
                  00002880    00000100     (.common:ti_uia_loggers_LoggerStopMode_Instance_State_0_packetArray__A)
                  00002980    00000100     (.common:ti_uia_loggers_LoggerStopMode_Instance_State_1_packetArray__A)
                  00002a80    000000c0     (.common:uartUSCIAObjects)
                  00002b40    00000096     (.common:bc_rx_q)
                  00002bd6    00000080     PID_RTOS_pe430X.oe430X (.bss:taskStackSection)
                  00002c56    00000002     --HOLE--
                  00002c58    00000080     (.common:ti_sysbios_heaps_HeapMem_Instance_State_0_buf__A)
                  00002cd8    00000080     (.common:xdc_runtime_SysMin_Module_State_0_outbuf__A)
                  00002d58    00000042     (.common:bc_write_struct)
                  00002d9a    00000042     (.common:task0Struct)
                  00002ddc    00000040     (.common:gpioCallbackInfo)
                  00002e1c    00000030     (.common:taskParams)
                  00002e4c    00000026     (.common:adc_mut_struct)
                  00002e72    00000026     (.common:bc_ser_rx_struct)
                  00002e98    00000026     (.common:bc_ser_tx_struct)
                  00002ebe    00000026     (.common:bc_tx_q_struct)
                  00002ee4    00000026     (.common:uart_params)
                  00002f0a    0000001c     (.common:sem_params)
                  00002f26    0000001a     (.common:bc_tx_slots_struct)
                  00002f40    00000014     (.common:adc_mut_params)
                  00002f54    00000014     (.common:mutex_params)
                  00002f68    00000008     rts430x_lc_rd_eabi.lib : trgdrv.obj (.bss:parmbuf)
                  00002f70    00000004     (.common:bc_ser_rx_mutex)
                  00002f74    00000004     (.common:bc_ser_tx_mutex)
                  00002f78    00000004     (.common:bc_tx_q_mutex)
                  00002f7c    00000004     (.common:bc_tx_slots)
                  00002f80    00000024     (.common:ti_uia_loggers_LoggerStopMode_Instance_State_0_hdr__A)
                  00002fa4    00000004     (.common:bc_uart)
                  00002fa8    00000058     --HOLE--
                  00003000    00000024     (.common:ti_uia_loggers_LoggerStopMode_Instance_State_1_hdr__A)

.data      0    00003024    0000039f     UNINITIALIZED
                  00003024    00000080     PID_RTOS_pe430X.oe430X (.data:ti_sysbios_knl_Swi_Module_State_0_readyQ__A)
                  000030a4    0000005c     PID_RTOS_pe430X.oe430X (.data:ti_uia_loggers_LoggerStopMode_Object__table__V)
                  00003100    00000050     PID_RTOS_pe430X.oe430X (.data:ti_sysbios_knl_Task_Module_State_0_readyQ__A)
                  00003150    0000003e     PID_RTOS_pe430X.oe430X (.data:ti_sysbios_knl_Task_Object__table__V)
                  0000318e    0000003c     PID_RTOS_pe430X.oe430X (.data:ti_sysbios_knl_Task_Module__state__V)
                  000031ca    00000036     PID_RTOS_pe430X.oe430X (.data:ti_sysbios_family_msp430_Timer_Object__table__V)
                  00003200    00000034     PID_RTOS_pe430X.oe430X (.data:ti_sysbios_gates_GateMutex_Object__table__V)
                  00003234    00000026     PID_RTOS_pe430X.oe430X (.data:ti_sysbios_knl_Clock_Module__state__V)
                  0000325a    00000026     PID_RTOS_pe430X.oe430X (.data:ti_sysbios_knl_Swi_Object__table__V)
                  00003280    00000020     PID_RTOS_pe430X.oe430X (.data:ti_sysbios_BIOS_Module__state__V)
                  000032a0    0000001c     PID_RTOS_pe430X.oe430X (.data:ti_sysbios_family_msp430_Hwi_Object__table__V)
                  000032bc    00000018     PID_RTOS_pe430X.oe430X (.data:ti_sysbios_family_msp430_Timer_Module_State_0_device__A)
                  000032d4    00000016     PID_RTOS_pe430X.oe430X (.data:ti_sysbios_heaps_HeapMem_Object__table__V)
                  000032ea    00000016     PID_RTOS_pe430X.oe430X (.data:ti_sysbios_knl_Swi_Module__state__V)
                  00003300    00000010     MSP_EXP430F5529LP.obj (.data:gpioPinConfigs)
                  00003310    00000010     PID_RTOS_pe430X.oe430X (.data:ti_sysbios_family_msp430_Timer_Module_State_0_handles__A)
                  00003320    0000000a     PID_RTOS_pe430X.oe430X (.data:ti_sysbios_family_msp430_Timer_Module__state__V)
                  0000332a    0000000a     PID_RTOS_pe430X.oe430X (.data:ti_sysbios_knl_Task_Module__root__V)
                  00003334    0000000a     PID_RTOS_pe430X.oe430X (.data:ti_uia_runtime_QueueDescriptor_Module__state__V)
                  0000333e    00000008     MSP_EXP430F5529LP.obj (.data:gpioCallbackFunctions)
                  00003346    00000008     PID_RTOS_pe430X.oe430X (.data:ti_sysbios_family_msp430_Hwi_Module__state__V)
                  0000334e    00000008     PID_RTOS_pe430X.oe430X (.data:ti_sysbios_family_msp430_TimestampProvider_Module__state__V)
                  00003356    00000008     PID_RTOS_pe430X.oe430X (.data:ti_sysbios_gates_GateHwi_Module__root__V)
                  0000335e    00000008     PID_RTOS_pe430X.oe430X (.data:ti_sysbios_gates_GateMutex_Module__root__V)
                  00003366    00000008     PID_RTOS_pe430X.oe430X (.data:ti_sysbios_heaps_HeapMem_Module__root__V)
                  0000336e    00000008     PID_RTOS_pe430X.oe430X (.data:ti_sysbios_knl_Queue_Module__root__V)
                  00003376    00000008     PID_RTOS_pe430X.oe430X (.data:ti_sysbios_knl_Semaphore_Module__root__V)
                  0000337e    00000008     PID_RTOS_pe430X.oe430X (.data:ti_uia_loggers_LoggerStopMode_Module__root__V)
                  00003386    00000008     PID_RTOS_pe430X.oe430X (.data:xdc_runtime_Startup_Module__state__V)
                  0000338e    00000008     PID_RTOS_pe430X.oe430X (.data:xdc_runtime_SysMin_Module__state__V)
                  00003396    00000008     PID_RTOS_pe430X.oe430X (.data:xdc_runtime_System_Module_State_0_atexitHandlers__A)
                  0000339e    00000006     ti.uia.runtime.ae430X : QueueDescriptor.oe430X (.data)
                  000033a4    00000006     PID_RTOS_pe430X.oe430X (.data:xdc_runtime_System_Module__state__V)
                  000033aa    00000004     rts430x_lc_rd_eabi.lib : _lock.obj (.data:_lock)
                  000033ae    00000004                            : _lock.obj (.data:_unlock)
                  000033b2    00000004     PID_RTOS_pe430X.oe430X (.data:ti_sysbios_family_msp430_Power_Module__state__V)
                  000033b6    00000004     PID_RTOS_pe430X.oe430X (.data:ti_sysbios_gates_GateHwi_Object__table__V)
                  000033ba    00000004     PID_RTOS_pe430X.oe430X (.data:ti_sysbios_knl_Task_Module_State_0_idleTask__A)
                  000033be    00000002     drivers_MSP430F5529.ae430X : UART.oe430X (.data)
                  000033c0    00000002     PID_RTOS_pe430X.oe430X (.data:xdc_runtime_Memory_Module__state__V)
                  000033c2    00000001     drivers_MSP430F5529.ae430X : GPIOMSP430.oe430X (.data)

.stack     0    00004100    00000300     UNINITIALIZED
                  00004100    00000004     boot.ae430X : boot.oe430X (.stack)
                  00004104    000002fc     --HOLE--

.text:_isr 
*          0    00004400    0000008e     
                  00004400    00000026     boot.ae430X : boot_special.oe430X (.text:_isr:_c_int00_noargs_noexit)
                  00004426    00000020     sysbios.ae430X : BIOS.obj (.text:_isr:ti_sysbios_family_msp430_Hwi46)
                  00004446    00000020                    : BIOS.obj (.text:_isr:ti_sysbios_family_msp430_Hwi53)
                  00004466    00000002                    : BIOS.obj (.text:_isr:ti_sysbios_family_msp430_Hwi41)
                  00004468    00000002                    : BIOS.obj (.text:_isr:ti_sysbios_family_msp430_Hwi42)
                  0000446a    00000002                    : BIOS.obj (.text:_isr:ti_sysbios_family_msp430_Hwi43)
                  0000446c    00000002                    : BIOS.obj (.text:_isr:ti_sysbios_family_msp430_Hwi44)
                  0000446e    00000002                    : BIOS.obj (.text:_isr:ti_sysbios_family_msp430_Hwi45)
                  00004470    00000002                    : BIOS.obj (.text:_isr:ti_sysbios_family_msp430_Hwi47)
                  00004472    00000002                    : BIOS.obj (.text:_isr:ti_sysbios_family_msp430_Hwi48)
                  00004474    00000002                    : BIOS.obj (.text:_isr:ti_sysbios_family_msp430_Hwi49)
                  00004476    00000002                    : BIOS.obj (.text:_isr:ti_sysbios_family_msp430_Hwi50)
                  00004478    00000002                    : BIOS.obj (.text:_isr:ti_sysbios_family_msp430_Hwi51)
                  0000447a    00000002                    : BIOS.obj (.text:_isr:ti_sysbios_family_msp430_Hwi52)
                  0000447c    00000002                    : BIOS.obj (.text:_isr:ti_sysbios_family_msp430_Hwi54)
                  0000447e    00000002                    : BIOS.obj (.text:_isr:ti_sysbios_family_msp430_Hwi55)
                  00004480    00000002                    : BIOS.obj (.text:_isr:ti_sysbios_family_msp430_Hwi56)
                  00004482    00000002                    : BIOS.obj (.text:_isr:ti_sysbios_family_msp430_Hwi57)
                  00004484    00000002                    : BIOS.obj (.text:_isr:ti_sysbios_family_msp430_Hwi58)
                  00004486    00000002                    : BIOS.obj (.text:_isr:ti_sysbios_family_msp430_Hwi59)
                  00004488    00000002                    : BIOS.obj (.text:_isr:ti_sysbios_family_msp430_Hwi60)
                  0000448a    00000002                    : BIOS.obj (.text:_isr:ti_sysbios_family_msp430_Hwi61)
                  0000448c    00000002                    : BIOS.obj (.text:_isr:ti_sysbios_family_msp430_Hwi62)

.const     0    0000448e    0000069f     
                  0000448e    00000122     SerialComm.obj (.const:.string)
                  000045b0    0000005e     PID_RTOS_pe430X.oe430X (.const:ti_uia_loggers_LoggerStopMode_Module__FXNS__C)
                  0000460e    00000046     PID_RTOS_pe430X.oe430X (.const:.string)
                  00004654    00000030     PID_RTOS_pe430X.oe430X (.const:ti_sysbios_knl_Task_Object__PARAMS__C)
                  00004684    0000002c     PID_RTOS_pe430X.oe430X (.const:xdc_runtime_Startup_sfxnTab__A)
                  000046b0    0000002a     ti.targets.msp430.rts430.ae430X : Startup.oe430X (.const:.string)
                  000046da    00000028     drivers_MSP430F5529.ae430X : UARTUSCIA.oe430X (.const)
                  00004702    00000026                                : UART.oe430X (.const)
                  00004728    00000026     PID_RTOS_pe430X.oe430X (.const:ti_sysbios_heaps_HeapMem_Module__FXNS__C)
                  0000474e    00000024     MSP_EXP430F5529LP.obj (.const:UART_config)
                  00004772    00000024     MSP_EXP430F5529LP.obj (.const:uartUSCIABaudrates)
                  00004796    00000022     PID_RTOS_pe430X.oe430X (.const:ti_sysbios_gates_GateHwi_Module__FXNS__C)
                  000047b8    00000022     PID_RTOS_pe430X.oe430X (.const:ti_sysbios_gates_GateMutex_Module__FXNS__C)
                  000047da    00000020     myADC.obj (.const:.string)
                  000047fa    00000020     sysbios.ae430X : BIOS.obj (.const:IntrinsicsSupport_maxbitTable)
                  0000481a    00000020     PID_RTOS_pe430X.oe430X (.const:ti_uia_loggers_LoggerStopMode_Object__PARAMS__C)
                  0000483a    0000001e     PID_RTOS_pe430X.oe430X (.const:ti_sysbios_heaps_HeapMem_Object__PARAMS__C)
                  00004858    0000001c     gpio.obj (.const:GPIO_PORT_TO_BASE)
                  00004874    0000001c     PID_RTOS_pe430X.oe430X (.const:ti_sysbios_knl_Semaphore_Object__PARAMS__C)
                  00004890    0000001c     MSP_EXP430F5529LP.obj (.const:uartUSCIAHWAttrs)
                  000048ac    00000018     PID_RTOS_pe430X.oe430X (.const:ti_sysbios_gates_GateHwi_Object__DESC__C)
                  000048c4    00000018     PID_RTOS_pe430X.oe430X (.const:ti_sysbios_gates_GateMutex_Object__DESC__C)
                  000048dc    00000018     PID_RTOS_pe430X.oe430X (.const:ti_sysbios_heaps_HeapMem_Object__DESC__C)
                  000048f4    00000018     PID_RTOS_pe430X.oe430X (.const:ti_sysbios_knl_Queue_Object__DESC__C)
                  0000490c    00000018     PID_RTOS_pe430X.oe430X (.const:ti_sysbios_knl_Semaphore_Object__DESC__C)
                  00004924    00000018     PID_RTOS_pe430X.oe430X (.const:ti_sysbios_knl_Task_Object__DESC__C)
                  0000493c    00000018     PID_RTOS_pe430X.oe430X (.const:ti_uia_loggers_LoggerStopMode_Object__DESC__C)
                  00004954    00000016     PID_RTOS_pe430X.oe430X (.const:xdc_runtime_Startup_sfxnRts__A)
                  0000496a    00000014     rts430x_lc_rd_eabi.lib : _printfi_min.obj (.const:.string)
                  0000497e    00000014     drivers_MSP430F5529.ae430X : UARTUSCIA.oe430X (.const:parityType)
                  00004992    00000014     PID_RTOS_pe430X.oe430X (.const:ti_sysbios_gates_GateHwi_Object__PARAMS__C)
                  000049a6    00000014     PID_RTOS_pe430X.oe430X (.const:ti_sysbios_gates_GateMutex_Object__PARAMS__C)
                  000049ba    00000014     PID_RTOS_pe430X.oe430X (.const:ti_sysbios_knl_Queue_Object__PARAMS__C)
                  000049ce    00000010     MSP_EXP430F5529LP.obj (.const:GPIOMSP430_config)
                  000049de    0000000d     SerialComm.obj (.const:.string:$P$T2$3)
                  000049eb    00000001     --HOLE-- [fill = 0]
                  000049ec    0000000a     SerialComm.obj (.const:.string:$P$T0$1)
                  000049f6    0000000a     Health.obj (.const:.string)
                  00004a00    00000008     SerialComm.obj (.const:.string:$P$T1$2)
                  00004a08    00000008     drivers_MSP430F5529.ae430X : UARTUSCIA.oe430X (.const:stopBits)
                  00004a10    00000008     PID_RTOS_pe430X.oe430X (.const:ti_sysbios_knl_Idle_funcList__A)
                  00004a18    00000008     PID_RTOS_pe430X.oe430X (.const:xdc_runtime_Startup_firstFxns__A)
                  00004a20    00000006     drivers_MSP430F5529.ae430X : GPIOMSP430.oe430X (.const:.string:gpioInterruptTypes)
                  00004a26    00000006     ti.targets.msp430.rts430.ae430X : Assert.oe430X (.const:.string)
                  00004a2c    00000006     PID_RTOS_pe430X.oe430X (.const:ti_sysbios_family_msp430_Hwi_hooks__C)
                  00004a32    00000006     PID_RTOS_pe430X.oe430X (.const:ti_sysbios_knl_Idle_funcList__C)
                  00004a38    00000006     PID_RTOS_pe430X.oe430X (.const:xdc_runtime_Startup_firstFxns__C)
                  00004a3e    00000006     PID_RTOS_pe430X.oe430X (.const:xdc_runtime_Startup_lastFxns__C)
                  00004a44    00000005     myADC.obj (.const:$P$T0$1)
                  00004a49    00000001     --HOLE-- [fill = 0]
                  00004a4a    00000004     PID_RTOS_pe430X.oe430X (.const:ti_sysbios_family_msp430_ClockFreqs_ACLK__C)
                  00004a4e    00000004     PID_RTOS_pe430X.oe430X (.const:ti_sysbios_family_msp430_ClockFreqs_SMCLK__C)
                  00004a52    00000004     PID_RTOS_pe430X.oe430X (.const:ti_sysbios_hal_Hwi_E_stackOverflow__C)
                  00004a56    00000004     PID_RTOS_pe430X.oe430X (.const:ti_sysbios_heaps_HeapMem_E_memory__C)
                  00004a5a    00000004     PID_RTOS_pe430X.oe430X (.const:ti_sysbios_heaps_HeapMem_Module__gateObj__C)
                  00004a5e    00000004     PID_RTOS_pe430X.oe430X (.const:ti_sysbios_knl_Clock_tickPeriod__C)
                  00004a62    00000004     PID_RTOS_pe430X.oe430X (.const:ti_sysbios_knl_Semaphore_eventPost__C)
                  00004a66    00000004     PID_RTOS_pe430X.oe430X (.const:ti_sysbios_knl_Semaphore_eventSync__C)
                  00004a6a    00000004     PID_RTOS_pe430X.oe430X (.const:ti_sysbios_knl_Task_E_spOutOfBounds__C)
                  00004a6e    00000004     PID_RTOS_pe430X.oe430X (.const:ti_sysbios_knl_Task_E_stackOverflow__C)
                  00004a72    00000004     PID_RTOS_pe430X.oe430X (.const:ti_sysbios_knl_Task_allBlockedFunc__C)
                  00004a76    00000004     PID_RTOS_pe430X.oe430X (.const:ti_sysbios_knl_Task_defaultStackHeap__C)
                  00004a7a    00000004     PID_RTOS_pe430X.oe430X (.const:ti_uia_loggers_LoggerStopMode_Module__diagsEnabled__C)
                  00004a7e    00000004     PID_RTOS_pe430X.oe430X (.const:ti_uia_loggers_LoggerStopMode_Module__diagsIncluded__C)
                  00004a82    00000004     PID_RTOS_pe430X.oe430X (.const:ti_uia_loggers_LoggerStopMode_Module__diagsMask__C)
                  00004a86    00000004     PID_RTOS_pe430X.oe430X (.const:ti_uia_runtime_ILoggerSnapshot_Interface__BASE__C)
                  00004a8a    00000004     PID_RTOS_pe430X.oe430X (.const:ti_uia_runtime_IUIATransfer_Interface__BASE__C)
                  00004a8e    00000004     PID_RTOS_pe430X.oe430X (.const:xdc_runtime_Assert_E_assertFailed__C)
                  00004a92    00000004     PID_RTOS_pe430X.oe430X (.const:xdc_runtime_Core_A_initializedParams__C)
                  00004a96    00000004     PID_RTOS_pe430X.oe430X (.const:xdc_runtime_Core_Module__diagsEnabled__C)
                  00004a9a    00000004     PID_RTOS_pe430X.oe430X (.const:xdc_runtime_Core_Module__diagsIncluded__C)
                  00004a9e    00000004     PID_RTOS_pe430X.oe430X (.const:xdc_runtime_Core_Module__diagsMask__C)
                  00004aa2    00000004     PID_RTOS_pe430X.oe430X (.const:xdc_runtime_Error_E_memory__C)
                  00004aa6    00000004     PID_RTOS_pe430X.oe430X (.const:xdc_runtime_Error_policyFxn__C)
                  00004aaa    00000004     PID_RTOS_pe430X.oe430X (.const:xdc_runtime_IFilterLogger_Interface__BASE__C)
                  00004aae    00000004     PID_RTOS_pe430X.oe430X (.const:xdc_runtime_IGateProvider_Interface__BASE__C)
                  00004ab2    00000004     PID_RTOS_pe430X.oe430X (.const:xdc_runtime_IHeap_Interface__BASE__C)
                  00004ab6    00000004     PID_RTOS_pe430X.oe430X (.const:xdc_runtime_ILogger_Interface__BASE__C)
                  00004aba    00000004     PID_RTOS_pe430X.oe430X (.const:xdc_runtime_IModule_Interface__BASE__C)
                  00004abe    00000004     PID_RTOS_pe430X.oe430X (.const:xdc_runtime_Memory_defaultHeapInstance__C)
                  00004ac2    00000004     PID_RTOS_pe430X.oe430X (.const:xdc_runtime_Startup_execImpl__C)
                  00004ac6    00000004     PID_RTOS_pe430X.oe430X (.const:xdc_runtime_Startup_sfxnRts__C)
                  00004aca    00000004     PID_RTOS_pe430X.oe430X (.const:xdc_runtime_Startup_sfxnTab__C)
                  00004ace    00000004     PID_RTOS_pe430X.oe430X (.const:xdc_runtime_SysMin_outputFunc__C)
                  00004ad2    00000004     PID_RTOS_pe430X.oe430X (.const:xdc_runtime_System_Module__gateObj__C)
                  00004ad6    00000004     PID_RTOS_pe430X.oe430X (.const:xdc_runtime_System_abortFxn__C)
                  00004ada    00000004     PID_RTOS_pe430X.oe430X (.const:xdc_runtime_System_exitFxn__C)
                  00004ade    00000004     PID_RTOS_pe430X.oe430X (.const:xdc_runtime_Text_charTab__C)
                  00004ae2    00000004     PID_RTOS_pe430X.oe430X (.const:xdc_runtime_Text_nameEmpty__C)
                  00004ae6    00000004     PID_RTOS_pe430X.oe430X (.const:xdc_runtime_Text_nameStatic__C)
                  00004aea    00000004     PID_RTOS_pe430X.oe430X (.const:xdc_runtime_Text_nameUnknown__C)
                  00004aee    00000002     PID_RTOS_pe430X.oe430X (.const:ti_sysbios_family_msp430_Hwi_Object__count__C)
                  00004af0    00000002     PID_RTOS_pe430X.oe430X (.const:ti_sysbios_family_msp430_TaskSupport_stackAlignment__C)
                  00004af2    00000002     PID_RTOS_pe430X.oe430X (.const:ti_sysbios_family_msp430_Timer_numTimerDevices__C)
                  00004af4    00000002     PID_RTOS_pe430X.oe430X (.const:ti_sysbios_family_msp430_Timer_startupNeeded__C)
                  00004af6    00000002     PID_RTOS_pe430X.oe430X (.const:ti_sysbios_family_msp430_TimestampProvider_useClockTimer__C)
                  00004af8    00000002     PID_RTOS_pe430X.oe430X (.const:ti_sysbios_gates_GateMutex_Instance_State_sem__O)
                  00004afa    00000002     PID_RTOS_pe430X.oe430X (.const:ti_sysbios_hal_Hwi_Module__id__C)
                  00004afc    00000002     PID_RTOS_pe430X.oe430X (.const:ti_sysbios_heaps_HeapMem_Module__id__C)
                  00004afe    00000002     PID_RTOS_pe430X.oe430X (.const:ti_sysbios_heaps_HeapMem_Object__count__C)
                  00004b00    00000002     PID_RTOS_pe430X.oe430X (.const:ti_sysbios_heaps_HeapMem_reqAlign__C)
                  00004b02    00000002     PID_RTOS_pe430X.oe430X (.const:ti_sysbios_knl_Clock_Module_State_clockQ__O)
                  00004b04    00000002     PID_RTOS_pe430X.oe430X (.const:ti_sysbios_knl_Event_Instance_State_pendQ__O)
                  00004b06    00000002     PID_RTOS_pe430X.oe430X (.const:ti_sysbios_knl_Semaphore_Instance_State_pendQ__O)
                  00004b08    00000002     PID_RTOS_pe430X.oe430X (.const:ti_sysbios_knl_Swi_Object__count__C)
                  00004b0a    00000002     PID_RTOS_pe430X.oe430X (.const:ti_sysbios_knl_Task_Module_State_inactiveQ__O)
                  00004b0c    00000002     PID_RTOS_pe430X.oe430X (.const:ti_sysbios_knl_Task_Module__id__C)
                  00004b0e    00000002     PID_RTOS_pe430X.oe430X (.const:ti_sysbios_knl_Task_Object__count__C)
                  00004b10    00000002     PID_RTOS_pe430X.oe430X (.const:ti_sysbios_knl_Task_defaultStackSize__C)
                  00004b12    00000002     PID_RTOS_pe430X.oe430X (.const:ti_sysbios_knl_Task_numConstructedTasks__C)
                  00004b14    00000002     PID_RTOS_pe430X.oe430X (.const:ti_uia_loggers_LoggerStopMode_Module__id__C)
                  00004b16    00000002     PID_RTOS_pe430X.oe430X (.const:ti_uia_loggers_LoggerStopMode_Object__count__C)
                  00004b18    00000002     PID_RTOS_pe430X.oe430X (.const:ti_uia_loggers_LoggerStopMode_isTimestampEnabled__C)
                  00004b1a    00000002     PID_RTOS_pe430X.oe430X (.const:xdc_runtime_Core_Module__id__C)
                  00004b1c    00000002     PID_RTOS_pe430X.oe430X (.const:xdc_runtime_Error_policy__C)
                  00004b1e    00000002     PID_RTOS_pe430X.oe430X (.const:xdc_runtime_Memory_Module__id__C)
                  00004b20    00000002     PID_RTOS_pe430X.oe430X (.const:xdc_runtime_Startup_maxPasses__C)
                  00004b22    00000002     PID_RTOS_pe430X.oe430X (.const:xdc_runtime_SysMin_bufSize__C)
                  00004b24    00000002     PID_RTOS_pe430X.oe430X (.const:xdc_runtime_SysMin_flushAtExit__C)
                  00004b26    00000002     PID_RTOS_pe430X.oe430X (.const:xdc_runtime_System_maxAtexitHandlers__C)
                  00004b28    00000002     PID_RTOS_pe430X.oe430X (.const:xdc_runtime_Text_charCnt__C)
                  00004b2a    00000002     PID_RTOS_pe430X.oe430X (.const:xdc_runtime_Text_isLoaded__C)
                  00004b2c    00000001     PID_RTOS_pe430X.oe430X (.const:xdc_runtime_Text_charTab__A)

.cinit     0    00004b2e    000002b0     
                  00004b2e    0000028b     (.cinit..data.load) [load image, compression = rle]
                  00004db9    00000001     --HOLE-- [fill = 0]
                  00004dba    0000000b     (.cinit..bss.load) [load image, compression = rle]
                  00004dc5    00000001     --HOLE-- [fill = 0]
                  00004dc6    00000008     (__TI_handler_table)
                  00004dce    00000010     (__TI_cinit_table)

.cio       0    000033c4    00000120     UNINITIALIZED
                  000033c4    00000120     rts430x_lc_rd_eabi.lib : trgmsg.obj (.cio)

.init_array 
*          0    00004400    00000000     UNINITIALIZED

RTC        0    0000ffd2    00000002     
                  0000ffd2    00000002     sysbios.ae430X : BIOS.obj (.int41)

PORT2      0    0000ffd4    00000002     
                  0000ffd4    00000002     sysbios.ae430X : BIOS.obj (.int42)

TIMER2_A1 
*          0    0000ffd6    00000002     
                  0000ffd6    00000002     sysbios.ae430X : BIOS.obj (.int43)

TIMER2_A0 
*          0    0000ffd8    00000002     
                  0000ffd8    00000002     sysbios.ae430X : BIOS.obj (.int44)

USCI_B1    0    0000ffda    00000002     
                  0000ffda    00000002     sysbios.ae430X : BIOS.obj (.int45)

USCI_A1    0    0000ffdc    00000002     
                  0000ffdc    00000002     sysbios.ae430X : BIOS.obj (.int46)

PORT1      0    0000ffde    00000002     
                  0000ffde    00000002     sysbios.ae430X : BIOS.obj (.int47)

TIMER1_A1 
*          0    0000ffe0    00000002     
                  0000ffe0    00000002     sysbios.ae430X : BIOS.obj (.int48)

TIMER1_A0 
*          0    0000ffe2    00000002     
                  0000ffe2    00000002     sysbios.ae430X : BIOS.obj (.int49)

DMA        0    0000ffe4    00000002     
                  0000ffe4    00000002     sysbios.ae430X : BIOS.obj (.int50)

USB_UBM    0    0000ffe6    00000002     
                  0000ffe6    00000002     sysbios.ae430X : BIOS.obj (.int51)

TIMER0_A1 
*          0    0000ffe8    00000002     
                  0000ffe8    00000002     sysbios.ae430X : BIOS.obj (.int52)

TIMER0_A0 
*          0    0000ffea    00000002     
                  0000ffea    00000002     sysbios.ae430X : BIOS.obj (.int53)

ADC12      0    0000ffec    00000002     
                  0000ffec    00000002     sysbios.ae430X : BIOS.obj (.int54)

USCI_B0    0    0000ffee    00000002     
                  0000ffee    00000002     sysbios.ae430X : BIOS.obj (.int55)

USCI_A0    0    0000fff0    00000002     
                  0000fff0    00000002     sysbios.ae430X : BIOS.obj (.int56)

WDT        0    0000fff2    00000002     
                  0000fff2    00000002     sysbios.ae430X : BIOS.obj (.int57)

TIMER0_B1 
*          0    0000fff4    00000002     
                  0000fff4    00000002     sysbios.ae430X : BIOS.obj (.int58)

TIMER0_B0 
*          0    0000fff6    00000002     
                  0000fff6    00000002     sysbios.ae430X : BIOS.obj (.int59)

COMP_B     0    0000fff8    00000002     
                  0000fff8    00000002     sysbios.ae430X : BIOS.obj (.int60)

UNMI       0    0000fffa    00000002     
                  0000fffa    00000002     sysbios.ae430X : BIOS.obj (.int61)

SYSNMI     0    0000fffc    00000002     
                  0000fffc    00000002     sysbios.ae430X : BIOS.obj (.int62)

.reset     0    0000fffe    00000002     
                  0000fffe    00000002     boot.ae430X : boot.oe430X (.reset)

xdc.meta   0    00000000    000000f4     COPY SECTION
                  00000000    000000f4     PID_RTOS_pe430X.oe430X (xdc.meta)

xdc.noload 
*          0    00000000    00000000     COPY SECTION

.binit     0    00000000    00000000     

.text      0    00010000    00005d4c     
                  00010000    0000026e     PID_RTOS_pe430X.oe430X (.text:ti_uia_loggers_LoggerStopMode_write8__E)
                  0001026e    00000252     PID_RTOS_pe430X.oe430X (.text:ti_uia_loggers_LoggerStopMode_writeMemoryRange__E)
                  000104c0    0000020e     SerialComm.obj (.text:BackChannelWriteTask)
                  000106ce    000001fe     PID_RTOS_pe430X.oe430X (.text:ti_uia_loggers_LoggerStopMode_write4__E)
                  000108cc    000001e0     drivers_MSP430F5529.ae430X : UARTUSCIA.oe430X (.text:UARTUSCIA_open)
                  00010aac    000001ca     SerialComm.obj (.text:BcPuts)
                  00010c76    000001c8     ti.targets.msp430.rts430.ae430X : Core-mem.oe430X (.text:xdc_runtime_Core_createObject__I)
                  00010e3e    000001c6     PID_RTOS_pe430X.oe430X (.text:ti_uia_loggers_LoggerStopMode_write2__E)
                  00011004    000001a8     PID_RTOS_pe430X.oe430X (.text:ti_uia_loggers_LoggerStopMode_write1__E)
                  000111ac    0000019e     SerialComm.obj (.text:BackChannelReadTask)
                  0001134a    00000190     sysbios.ae430X : BIOS.obj (.text:ti_sysbios_knl_Semaphore_pend__E)
                  000114da    0000018e     PID_RTOS_pe430X.oe430X (.text:ti_uia_loggers_LoggerStopMode_write0__E)
                  00011668    0000016c     ti.targets.msp430.rts430.ae430X : Core-smem.oe430X (.text:xdc_runtime_Core_constructObject__I)
                  000117d4    0000014e     drivers_MSP430F5529.ae430X : GPIOMSP430.oe430X (.text:GPIO_setConfig)
                  00011922    0000013a     sysbios.ae430X : BIOS.obj (.text:ti_sysbios_heaps_HeapMem_alloc__E)
                  00011a5c    00000136                    : BIOS.obj (.text:ti_sysbios_knl_Task_checkStacks__E)
                  00011b92    00000132     rts430x_lc_rd_eabi.lib : _printfi_min.obj (.text:_setfield)
                  00011cc4    00000128     sysbios.ae430X : BIOS.obj (.text:ti_sysbios_knl_Task_Instance_init__E)
                  00011dec    00000100                    : BIOS.obj (.text:ti_sysbios_knl_Swi_restoreHwi__E)
                  00011eec    000000de                    : BIOS.obj (.text:ti_sysbios_knl_Task_sleep__E)
                  00011fca    000000dc                    : BIOS.obj (.text:ti_sysbios_knl_Swi_runLoop__I)
                  000120a6    000000dc                    : BIOS.obj (.text:ti_sysbios_knl_Task_Instance_finalize__E)
                  00012182    000000d8     rts430x_lc_rd_eabi.lib : _printfi_min.obj (.text:_pproc_diouxp)
                  0001225a    000000d8     ti.uia.loggers.ae430X : LoggerStopMode.oe430X (.text:ti_uia_loggers_LoggerStopMode_flush__E)
                  00012332    000000d8                           : LoggerStopMode.oe430X (.text:ti_uia_loggers_LoggerStopMode_initQueueDescriptor__E)
                  0001240a    000000d6     usci_a_uart.obj (.text:USCI_A_UART_init)
                  000124e0    000000d2     rts430x_lc_rd_eabi.lib : _printfi_min.obj (.text:__TI_printfi_minimal)
                  000125b2    000000cc     sysbios.ae430X : BIOS.obj (.text:ti_sysbios_knl_Task_startCore__E)
                  0001267e    000000c6                    : BIOS.obj (.text:ti_sysbios_heaps_HeapMem_free__E)
                  00012744    000000c0     ti.targets.msp430.rts430.ae430X : Startup.oe430X (.text:xdc_runtime_Startup_startMods__I)
                  00012804    000000b8     drivers_MSP430F5529.ae430X : GPIOMSP430.oe430X (.text:GPIO_init)
                  000128bc    000000b8     sysbios.ae430X : BIOS.obj (.text:ti_sysbios_knl_Task_schedule__I)
                  00012974    000000b4                    : BIOS.obj (.text:ti_sysbios_knl_Swi_schedule__I)
                  00012a28    000000b0     drivers_MSP430F5529.ae430X : UARTUSCIA.oe430X (.text:UARTUSCIA_hwiIntFxn)
                  00012ad8    000000b0     sysbios.ae430X : BIOS.obj (.text:ti_sysbios_knl_Swi_run__I)
                  00012b88    000000a8                    : BIOS.obj (.text:ti_sysbios_knl_Task_postInit__I)
                  00012c30    0000009e                    : BIOS.obj (.text:ti_sysbios_knl_Clock_workFunc__E)
                  00012cce    0000009c                    : BIOS.obj (.text:ti_sysbios_knl_Event_post__E)
                  00012d6a    0000009a                    : BIOS.obj (.text:ti_sysbios_heaps_HeapMem_Instance_init__E)
                  00012e04    0000009a     ti.uia.runtime.ae430X : QueueDescriptor.oe430X (.text:ti_uia_runtime_QueueDescriptor_addToList__E)
                  00012e9e    00000096     sysbios.ae430X : BIOS.obj (.text:ti_sysbios_knl_Semaphore_post__E)
                  00012f34    0000008a                    : BIOS.obj (.text:ti_sysbios_family_msp430_Timer_getExpiredCounts__E)
                  00012fbe    00000088     SerialComm.obj (.text:ConstructSerialQueues)
                  00013046    00000088     sysbios.ae430X : BIOS.obj (.text:ti_sysbios_knl_Semaphore_Instance_init__E)
                  000130ce    00000084                    : BIOS.obj (.text:ti_sysbios_family_msp430_Hwi_Module_startup__E)
                  00013152    00000082                    : BIOS.obj (.text:ti_sysbios_heaps_HeapMem_getStats__E)
                  000131d4    00000080     drivers_MSP430F5529.ae430X : UARTUSCIA.oe430X (.text:UARTUSCIA_read)
                  00013254    00000080                                : UARTUSCIA.oe430X (.text:UARTUSCIA_write)
                  000132d4    00000080     sysbios.ae430X : BIOS.obj (.text:ti_sysbios_family_msp430_TimestampProvider_get32__E)
                  00013354    00000080     ti.targets.msp430.rts430.ae430X : Memory.oe430X (.text:xdc_runtime_Memory_alloc__E)
                  000133d4    0000007e     drivers_MSP430F5529.ae430X : UARTUSCIA.oe430X (.text:findBaudDividerIndex)
                  00013452    0000007e                                : UARTUSCIA.oe430X (.text:readData)
                  000134d0    00000078     sysbios.ae430X : msp430_TaskSupport_asm.obj (.text:_ti_sysbios_family_msp430_TaskSupport_buildTaskStack)
                  00013548    00000076     ti.targets.msp430.rts430.ae430X : Core-mem.oe430X (.text:xdc_runtime_Core_deleteObject__I)
                  000135be    00000074     SerialComm.obj (.text:ConstructSerialMutexes)
                  00013632    00000074     myADC.obj (.text:InitializeADCs)
                  000136a6    00000072     sysbios.ae430X : BIOS.obj (.text:ti_sysbios_family_msp430_Timer_periodicStub__E)
                  00013718    00000072                    : BIOS.obj (.text:ti_sysbios_heaps_HeapMem_init__I)
                  0001378a    00000070     boot.ae430X : autoinit_wdt.oe430X (.text:_auto_init_hold_wdt)
                  000137fa    0000006c     rts430x_lc_rd_eabi.lib : trgdrv.obj (.text:HOSTwrite)
                  00013866    0000006c     Health.obj (.text:constructHeartbeat)
                  000138d2    00000068     drivers_MSP430F5529.ae430X : GPIOMSP430.oe430X (.text:GPIO_setCallback)
                  0001393a    00000068                                : UARTUSCIA.oe430X (.text:UARTUSCIA_readCancel)
                  000139a2    00000068                                : UARTUSCIA.oe430X (.text:UARTUSCIA_writeCancel)
                  00013a0a    00000068     rts430x_lc_rd_eabi.lib : copy_decompress_rle.obj (.text:__TI_decompress_rle_core)
                  00013a72    00000068     sysbios.ae430X : BIOS.obj (.text:ti_sysbios_knl_Swi_post__E)
                  00013ada    00000068     ti.targets.msp430.rts430.ae430X : Assert.oe430X (.text:xdc_runtime_Assert_raise__I)
                  00013b42    00000066     sysbios.ae430X : BIOS.obj (.text:ti_sysbios_knl_Task_Module_startup__E)
                  00013ba8    00000064                    : BIOS.obj (.text:ti_sysbios_family_msp430_Hwi_postInit__I)
                  00013c0c    00000064     ti.targets.msp430.rts430.ae430X : SysMin.oe430X (.text:xdc_runtime_SysMin_flush__E)
                  00013c70    00000060     sysbios.ae430X : BIOS.obj (.text:ti_sysbios_family_msp430_TaskSupport_start__E)
                  00013cd0    00000060     PID_RTOS_pe430X.oe430X (.text:ti_sysbios_knl_Task_construct)
                  00013d30    00000060     ti.uia.loggers.ae430X : LoggerStopMode.oe430X (.text:ti_uia_loggers_LoggerStopMode_initBuffer__I)
                  00013d90    0000005e     sysbios.ae430X : BIOS.obj (.text:ti_sysbios_family_msp430_Timer_setNextTick__E)
                  00013dee    0000005c     drivers_MSP430F5529.ae430X : UARTUSCIA.oe430X (.text:writeData)
                  00013e4a    00000058     rts430x_lc_rd_eabi.lib : div32u.obj (.text)
                  00013ea2    00000056     myADC.obj (.text:readADC)
                  00013ef8    00000056     sysbios.ae430X : BIOS.obj (.text:ti_sysbios_family_msp430_Hwi_getStackInfo__E)
                  00013f4e    00000056                    : BIOS.obj (.text:ti_sysbios_knl_Task_blockI__E)
                  00013fa4    00000056     ti.uia.loggers.ae430X : LoggerStopMode.oe430X (.text:ti_uia_loggers_LoggerStopMode_reset__E)
                  00013ffa    00000056     ti.targets.msp430.rts430.ae430X : SysMin.oe430X (.text:xdc_runtime_SysMin_putch__E)
                  00014050    00000054     sysbios.ae430X : BIOS.obj (.text:ti_sysbios_family_msp430_Timer_start__E)
                  000140a4    00000054                    : BIOS.obj (.text:ti_sysbios_knl_Task_processVitalTaskFlag__I)
                  000140f8    00000054                    : BIOS.obj (.text:ti_sysbios_knl_Task_unblockI__E)
                  0001414c    00000052                    : BIOS.obj (.text:ti_sysbios_knl_Swi_restore__E)
                  0001419e    00000052     ti.targets.msp430.rts430.ae430X : Startup.oe430X (.text:xdc_runtime_Startup_exec__E)
                  000141f0    00000050     adc12_a.obj (.text:ADC12_A_init)
                  00014240    00000050     sysbios.ae430X : BIOS.obj (.text:ti_sysbios_family_msp430_Timer_initDevice__I)
                  00014290    0000004e                    : BIOS.obj (.text:ti_sysbios_knl_Task_exit__E)
                  000142de    0000004e     ti.targets.msp430.rts430.ae430X : Core-params.oe430X (.text:xdc_runtime_Core_assignParams__I)
                  0001432c    0000004c     ti.catalog.msp430.init.ae430X : Boot.oe430X (.text:.bootCodeSection:ti_catalog_msp430_init_Boot_configureDCO)
                  00014378    0000004c     ti.uia.loggers.ae430X : LoggerStopMode.oe430X (.text:ti_uia_loggers_LoggerStopMode_Module_startup__E)
                  000143c4    0000004a     SerialComm.obj (.text:ConstructBackChannelReadTask)
                  0001440e    0000004a     SerialComm.obj (.text:ConstructBackchannelWriteTask)
                  00014458    0000004a     sysbios.ae430X : BIOS.obj (.text:ti_sysbios_family_msp430_Timer_startup__E)
                  000144a2    0000004a                    : BIOS.obj (.text:ti_sysbios_knl_Task_allBlockedFunction__I)
                  000144ec    00000048     drivers_MSP430F5529.ae430X : GPIOMSP430.oe430X (.text:GPIO_toggle)
                  00014534    00000048     SerialComm.obj (.text:InitializeSerialBlocks)
                  0001457c    00000048     drivers_MSP430F5529.ae430X : UARTUSCIA.oe430X (.text:UARTUSCIA_close)
                  000145c4    00000048     rts430x_lc_rd_eabi.lib : _printfi_min.obj (.text:_pproc_str)
                  0001460c    00000048     sysbios.ae430X : BIOS.obj (.text:ti_sysbios_hal_Hwi_checkStack)
                  00014654    00000048                    : BIOS.obj (.text:ti_sysbios_knl_Semaphore_pendTimeout__I)
                  0001469c    00000046                    : BIOS.obj (.text:ti_sysbios_family_msp430_Timer_Module_startup__E)
                  000146e2    00000044     rts430x_lc_rd_eabi.lib : sprintf.obj (.text:sprintf)
                  00014726    00000044     PID_RTOS_pe430X.oe430X (.text:ti_sysbios_heaps_HeapMem_Object__get__S)
                  0001476a    00000044     PID_RTOS_pe430X.oe430X (.text:ti_sysbios_knl_Swi_Object__get__S)
                  000147ae    00000044     PID_RTOS_pe430X.oe430X (.text:ti_uia_loggers_LoggerStopMode_Object__get__S)
                  000147f2    00000042     SerialComm.obj (.text:ConstructSerialSemaphores)
                  00014834    00000042     sysbios.ae430X : BIOS.obj (.text:ti_sysbios_family_msp430_Timer_getCount__E)
                  00014876    00000042     PID_RTOS_pe430X.oe430X (.text:ti_sysbios_gates_GateHwi_Object__create__S)
                  000148b8    00000042     PID_RTOS_pe430X.oe430X (.text:ti_sysbios_gates_GateMutex_Object__create__S)
                  000148fa    00000042     PID_RTOS_pe430X.oe430X (.text:ti_sysbios_heaps_HeapMem_Object__create__S)
                  0001493c    00000042     sysbios.ae430X : BIOS.obj (.text:ti_sysbios_knl_Clock_addI__E)
                  0001497e    00000042     PID_RTOS_pe430X.oe430X (.text:ti_uia_loggers_LoggerStopMode_Object__create__S)
                  000149c0    00000040     adc12_a.obj (.text:ADC12_A_disableInterrupt)
                  00014a00    0000003e     gpio.obj (.text:GPIO_setAsInputPinWithPullDownResistor)
                  00014a3e    0000003e     gpio.obj (.text:GPIO_setAsInputPinWithPullUpResistor)
                  00014a7c    0000003e     rts430x_lc_rd_eabi.lib : lsl32.obj (.text:l_lsl_const)
                  00014aba    0000003e                            : lsr32.obj (.text:l_lsr_const)
                  00014af8    0000003e     PID_RTOS_pe430X.oe430X (.text:ti_sysbios_knl_Semaphore_construct)
                  00014b36    0000003e     ti.targets.msp430.rts430.ae430X : System.oe430X (.text:xdc_runtime_System_atexit__E)
                  00014b74    0000003c     MAIN.obj (.text:main)
                  00014bb0    0000003c     sysbios.ae430X : BIOS.obj (.text:ti_sysbios_family_msp430_ClockFreqs_getFrequency__E)
                  00014bec    0000003c                    : BIOS.obj (.text:ti_sysbios_hal_Hwi_initStack)
                  00014c28    0000003c     ti.targets.msp430.rts430.ae430X : System.oe430X (.text:xdc_runtime_System_processAtExit__E)
                  00014c64    0000003a     drivers_MSP430F5529.ae430X : UARTUSCIA.oe430X (.text:UARTUSCIA_readPolling)
                  00014c9e    0000003a                                : UARTUSCIA.oe430X (.text:UARTUSCIA_writePolling)
                  00014cd8    0000003a                                : UART.oe430X (.text:UART_init)
                  00014d12    0000003a     sysbios.ae430X : BIOS.obj (.text:ti_sysbios_family_msp430_Hwi46_p2)
                  00014d4c    0000003a     PID_RTOS_pe430X.oe430X (.text:ti_sysbios_gates_GateMutex_construct)
                  00014d86    0000003a     sysbios.ae430X : BIOS.obj (.text:ti_sysbios_gates_GateMutex_enter__E)
                  00014dc0    0000003a     PID_RTOS_pe430X.oe430X (.text:ti_sysbios_knl_Queue_construct)
                  00014dfa    00000038     sysbios.ae430X : BIOS.obj (.text:ti_sysbios_family_msp430_Hwi53_p2)
                  00014e32    00000036     rts430x_lc_rd_eabi.lib : trgmsg.obj (.text:__TI_writemsg)
                  00014e68    00000036     ti.targets.msp430.rts430.ae430X : Error.oe430X (.text:xdc_runtime_Error_raiseX__E)
                  00014e9e    00000034     gpio.obj (.text:GPIO_setAsInputPin)
                  00014ed2    00000032     adc12_a.obj (.text:ADC12_A_startConversion)
                  00014f04    00000032     drivers_MSP430F5529.ae430X : UART.oe430X (.text:UART_open)
                  00014f36    00000032     rts430x_lc_rd_eabi.lib : trgmsg.obj (.text:__TI_readmsg)
                  00014f68    00000032     sysbios.ae430X : BIOS.obj (.text:ti_sysbios_family_msp430_Timer_postInit__I)
                  00014f9a    00000032                    : BIOS.obj (.text:ti_sysbios_family_msp430_Timer_stop__E)
                  00014fcc    00000032                    : msp430_Hwi_switch_asm.obj (.text:ti_sysbios_family_xxx_Hwi_switchAndRunFunc)
                  00014ffe    00000032     ti.targets.msp430.rts430.ae430X : Core-label.oe430X (.text:xdc_runtime_Core_assignLabel__I)
                  00015030    00000032                                     : SysMin.oe430X (.text:xdc_runtime_SysMin_abort__E)
                  00015062    00000030     sysbios.ae430X : BIOS.obj (.text:ti_sysbios_knl_Queue_put__E)
                  00015092    00000030                    : BIOS.obj (.text:ti_sysbios_knl_Task_restore__E)
                  000150c2    0000002e     adc12_a.obj (.text:ADC12_A_disableConversions)
                  000150f0    0000002e     gpio.obj (.text:GPIO_selectInterruptEdge)
                  0001511e    0000002e     PID_RTOS_pe430X.oe430X (.text:ti_sysbios_knl_Task_Object__get__S)
                  0001514c    0000002c     PID_RTOS_pe430X.oe430X (.text:ti_sysbios_knl_Clock_doTick__I)
                  00015178    0000002a     PID_RTOS_pe430X.oe430X (.text:ti_sysbios_BIOS_atExitFunc__I)
                  000151a2    0000002a     PID_RTOS_pe430X.oe430X (.text:ti_sysbios_family_msp430_Hwi_Object__get__S)
                  000151cc    0000002a     sysbios.ae430X : BIOS.obj (.text:ti_sysbios_knl_Clock_Module_startup__E)
                  000151f6    0000002a                    : BIOS.obj (.text:ti_sysbios_knl_Task_sleepTimeout__I)
                  00015220    0000002a     PID_RTOS_pe430X.oe430X (.text:xdc_runtime_SysMin_output__I)
                  0001524a    00000028     myADC.obj (.text:ConstructADCmutex)
                  00015272    00000028     gpio.obj (.text:GPIO_setAsOutputPin)
                  0001529a    00000028     gpio.obj (.text:GPIO_setAsPeripheralModuleFunctionInputPin)
                  000152c2    00000028     PID_RTOS_pe430X.oe430X (.text:ti_sysbios_BIOS_startFunc__I)
                  000152ea    00000028     sysbios.ae430X : BIOS.obj (.text:ti_sysbios_knl_Semaphore_Instance_finalize__E)
                  00015312    00000028     ti.targets.msp430.rts430.ae430X : Text.oe430X (.text:xdc_runtime_Text_cordText__E)
                  0001533a    00000026     usci_a_uart.obj (.text:USCI_A_UART_disableInterrupt)
                  00015360    00000026     PID_RTOS_pe430X.oe430X (.text:ti_sysbios_gates_GateMutex_Object__delete__S)
                  00015386    00000026     sysbios.ae430X : BIOS.obj (.text:ti_sysbios_knl_Swi_Module_startup__E)
                  000153ac    00000024     rts430x_lc_rd_eabi.lib : mult32_f5hw.obj (.text)
                  000153d0    00000024     PID_RTOS_pe430X.oe430X (.text:ti_sysbios_BIOS_rtsLock__I)
                  000153f4    00000024     PID_RTOS_pe430X.oe430X (.text:ti_sysbios_gates_GateHwi_Object__delete__S)
                  00015418    00000024     PID_RTOS_pe430X.oe430X (.text:ti_sysbios_heaps_HeapMem_Object__delete__S)
                  0001543c    00000024     ti.uia.loggers.ae430X : LoggerStopMode.oe430X (.text:ti_uia_loggers_LoggerStopMode_Instance_init__E)
                  00015460    00000024     PID_RTOS_pe430X.oe430X (.text:ti_uia_loggers_LoggerStopMode_Object__delete__S)
                  00015484    00000022     sysbios.ae430X : BIOS.obj (.text:ti_sysbios_gates_GateMutex_Instance_init__E)
                  000154a6    00000022                    : BIOS.obj (.text:ti_sysbios_gates_GateMutex_leave__E)
                  000154c8    00000022                    : BIOS.obj (.text:ti_sysbios_knl_Clock_startI__E)
                  000154ea    00000022                    : BIOS.obj (.text:ti_sysbios_knl_Idle_run__E)
                  0001550c    00000022                    : BIOS.obj (.text:ti_sysbios_knl_Task_restoreHwi__E)
                  0001552e    00000022     ti.uia.loggers.ae430X : LoggerStopMode.oe430X (.text:ti_uia_loggers_LoggerStopMode_disable__E)
                  00015550    00000022                           : LoggerStopMode.oe430X (.text:ti_uia_loggers_LoggerStopMode_enable__E)
                  00015572    00000022     ti.targets.msp430.rts430.ae430X : Memory.oe430X (.text:xdc_runtime_Memory_valloc__E)
                  00015594    00000020     usci_a_uart.obj (.text:USCI_A_UART_transmitData)
                  000155b4    00000020     rts430x_lc_rd_eabi.lib : sprintf.obj (.text:_outs)
                  000155d4    00000020     ti.targets.msp430.rts430.ae430X : Error.oe430X (.text:xdc_runtime_Error_check__E)
                  000155f4    0000001e     adc12_a.obj (.text:ADC12_A_configureMemory)
                  00015612    0000001e     adc12_a.obj (.text:ADC12_A_setupSamplingTimer)
                  00015630    0000001e     gpio.obj (.text:GPIO_clearInterrupt)
                  0001564e    0000001e     usci_a_uart.obj (.text:USCI_A_UART_enableInterrupt)
                  0001566c    0000001e     usci_a_uart.obj (.text:USCI_A_UART_receiveData)
                  0001568a    0000001e     rts430x_lc_rd_eabi.lib : memccpy.obj (.text:memccpy)
                  000156a8    0000001e     PID_RTOS_pe430X.oe430X (.text:ti_sysbios_BIOS_rtsUnlock__I)
                  000156c6    0000001e     PID_RTOS_pe430X.oe430X (.text:ti_sysbios_family_msp430_Timer_Module__startupDone__F)
                  000156e4    0000001e     PID_RTOS_pe430X.oe430X (.text:ti_sysbios_gates_GateHwi_Handle__label__S)
                  00015702    0000001e     PID_RTOS_pe430X.oe430X (.text:ti_sysbios_gates_GateMutex_Handle__label__S)
                  00015720    0000001e     PID_RTOS_pe430X.oe430X (.text:ti_sysbios_heaps_HeapMem_Handle__label__S)
                  0001573e    0000001e     sysbios.ae430X : BIOS.obj (.text:ti_sysbios_knl_Task_enter__I)
                  0001575c    0000001e     PID_RTOS_pe430X.oe430X (.text:ti_uia_loggers_LoggerStopMode_Handle__label__S)
                  0001577a    0000001c     gpio.obj (.text:GPIO_setOutputHighOnPin)
                  00015796    0000001c     gpio.obj (.text:GPIO_setOutputLowOnPin)
                  000157b2    0000001c     gpio.obj (.text:GPIO_toggleOutputOnPin)
                  000157ce    0000001c     MSP_EXP430F5529LP.obj (.text:MSP_EXP430F5529LP_initUART)
                  000157ea    0000001c     sysbios.ae430X : msp430_TaskSupport_asm.obj (.text:_ti_sysbios_family_msp430_TaskSupport_swap__E)
                  00015806    0000001c     drivers_MSP430F5529.ae430X : GPIOMSP430.oe430X (.text:getPinNumber)
                  00015822    0000001c     PID_RTOS_pe430X.oe430X (.text:ti_sysbios_family_msp430_Hwi_Module__startupDone__F)
                  0001583e    0000001c     sysbios.ae430X : BIOS.obj (.text:ti_sysbios_knl_Task_unblock__E)
                  0001585a    0000001c     ti.targets.msp430.rts430.ae430X : SysMin.oe430X (.text:xdc_runtime_SysMin_Module_startup__E)
                  00015876    0000001a     PID_RTOS_pe430X.oe430X (.text:ti_sysbios_BIOS_exitFunc__I)
                  00015890    0000001a     PID_RTOS_pe430X.oe430X (.text:ti_sysbios_BIOS_registerRTSLock__I)
                  000158aa    0000001a     PID_RTOS_pe430X.oe430X (.text:ti_sysbios_BIOS_removeRTSLock__I)
                  000158c4    0000001a     sysbios.ae430X : BIOS.obj (.text:ti_sysbios_family_msp430_TimestampProvider_get64__E)
                  000158de    0000001a                    : BIOS.obj (.text:ti_sysbios_knl_Event_checkEvents__I)
                  000158f8    0000001a     PID_RTOS_pe430X.oe430X (.text:ti_sysbios_knl_Semaphore_Object__destruct__S)
                  00015912    0000001a     ti.uia.loggers.ae430X : LoggerStopMode.oe430X (.text:ti_uia_loggers_LoggerStopMode_isEmpty__E)
                  0001592c    00000018     Health.obj (.text:heartBeatFxn)
                  00015944    00000018     rts430x_lc_rd_eabi.lib : mult16_f5hw.obj (.text)
                  0001595c    00000018     sysbios.ae430X : BIOS.obj (.text:ti_sysbios_BIOS_setThreadType__E)
                  00015974    00000018                    : BIOS.obj (.text:ti_sysbios_family_msp430_TimestampProvider_Module_startup__E)
                  0001598c    00000018     PID_RTOS_pe430X.oe430X (.text:ti_sysbios_knl_Queue_Object__destruct__S)
                  000159a4    00000016     rts430x_lc_rd_eabi.lib : memset.obj (.text:memset)
                  000159ba    00000016                            : div16u.obj (.text)
                  000159d0    00000016     ti.targets.msp430.rts430.ae430X : SysMin.oe430X (.text:xdc_runtime_SysMin_exit__E)
                  000159e6    00000016                                     : System.oe430X (.text:xdc_runtime_System_abort__E)
                  000159fc    00000014     rts430x_lc_rd_eabi.lib : sprintf.obj (.text:_outc)
                  00015a10    00000014                            : memcpy.obj (.text:memcpy)
                  00015a24    00000014     ti.targets.msp430.rts430.ae430X : Memory.oe430X (.text:xdc_runtime_Memory_calloc__E)
                  00015a38    00000014     PID_RTOS_pe430X.oe430X (.text:xdc_runtime_Startup_exec__I)
                  00015a4c    00000014     ti.targets.msp430.rts430.ae430X : Text.oe430X (.text:xdc_runtime_Text_ropeText__E)
                  00015a60    00000012     rts430x_lc_rd_eabi.lib : copy_decompress_none.obj (.text:decompress:none:__TI_decompress_none)
                  00015a72    00000012     PID_RTOS_pe430X.oe430X (.text:ti_sysbios_family_msp430_Power_idleCPU__E)
                  00015a84    00000012     sysbios.ae430X : BIOS.obj (.text:ti_sysbios_gates_GateHwi_leave__E)
                  00015a96    00000012                    : BIOS.obj (.text:ti_sysbios_gates_GateMutex_Instance_finalize__E)
                  00015aa8    00000012     PID_RTOS_pe430X.oe430X (.text:ti_sysbios_knl_Queue_Object__get__S)
                  00015aba    00000012     ti.targets.msp430.rts430.ae430X : System.oe430X (.text:xdc_runtime_System_exit__E)
                  00015acc    00000010     sysbios.ae430X : msp430_TaskSupport_asm.obj (.text:_ti_sysbios_family_msp430_TaskSupport_glue)
                  00015adc    00000010     drivers_MSP430F5529.ae430X : UARTUSCIA.oe430X (.text:readSemCallback)
                  00015aec    00000010     sysbios.ae430X : BIOS.obj (.text:ti_sysbios_family_msp430_TaskSupport_checkStack__E)
                  00015afc    00000010                    : BIOS.obj (.text:ti_sysbios_hal_Hwi_Module_startup__E)
                  00015b0c    00000010                    : BIOS.obj (.text:ti_sysbios_hal_Timer_Module_startup__E)
                  00015b1c    00000010                    : BIOS.obj (.text:ti_sysbios_knl_Event_sync__E)
                  00015b2c    00000010     drivers_MSP430F5529.ae430X : UARTUSCIA.oe430X (.text:writeSemCallback)
                  00015b3c    0000000e     adc12_a.obj (.text:ADC12_A_getResults)
                  00015b4a    0000000e     rts430x_lc_rd_eabi.lib : strlen.obj (.text:strlen)
                  00015b58    0000000e     sysbios.ae430X : BIOS.obj (.text:ti_sysbios_family_msp430_Timer_getMaxTicks__E)
                  00015b66    0000000e                    : BIOS.obj (.text:ti_sysbios_knl_Queue_empty__E)
                  00015b74    0000000e                    : BIOS.obj (.text:ti_sysbios_knl_Swi_disable__E)
                  00015b82    0000000e                    : BIOS.obj (.text:ti_sysbios_knl_Task_disable__E)
                  00015b90    0000000c     PID_RTOS_pe430X.oe430X (.text:.bootCodeSection:ti_catalog_msp430_init_Boot_init)
                  00015b9c    0000000c     drivers_MSP430F5529.ae430X : UART.oe430X (.text:UART_Params_init)
                  00015ba8    0000000c     PID_RTOS_pe430X.oe430X (.text:ti_sysbios_gates_GateMutex_Params__init__S)
                  00015bb4    0000000c     PID_RTOS_pe430X.oe430X (.text:ti_sysbios_knl_Semaphore_Params__init__S)
                  00015bc0    0000000c     PID_RTOS_pe430X.oe430X (.text:ti_sysbios_knl_Task_Params__init__S)
                  00015bcc    0000000c     ti.targets.msp430.rts430.ae430X : Gate.oe430X (.text:xdc_runtime_Gate_leaveSystem__E)
                  00015bd8    0000000c                                     : Memory.oe430X (.text:xdc_runtime_Memory_free__E)
                  00015be4    0000000c                                     : Startup.oe430X (.text:xdc_runtime_Startup_rtsDone__E)
                  00015bf0    0000000a     drivers_MSP430F5529.ae430X : UARTUSCIA.oe430X (.text:UARTUSCIA_init)
                  00015bfa    0000000a     usci_a_uart.obj (.text:USCI_A_UART_getInterruptStatus)
                  00015c04    0000000a     rts430x_lc_rd_eabi.lib : lsl16.obj (.text)
                  00015c0e    0000000a     sysbios.ae430X : BIOS.obj (.text:ti_sysbios_BIOS_start__E)
                  00015c18    0000000a                    : BIOS.obj (.text:ti_sysbios_family_msp430_Hwi_startup__E)
                  00015c22    0000000a                    : BIOS.obj (.text:ti_sysbios_gates_GateHwi_enter__E)
                  00015c2c    0000000a                    : BIOS.obj (.text:ti_sysbios_knl_Queue_Instance_init__E)
                  00015c36    00000008     ti.catalog.msp430.init.ae430X : Boot.oe430X (.text:.bootCodeSection:ti_catalog_msp430_init_Boot_disableWatchdog)
                  00015c3e    00000008     adc12_a.obj (.text:ADC12_A_enable)
                  00015c46    00000008     adc12_a.obj (.text:ADC12_A_isBusy)
                  00015c4e    00000008     drivers_MSP430F5529.ae430X : UART.oe430X (.text:UART_control)
                  00015c56    00000008                                : UART.oe430X (.text:UART_read)
                  00015c5e    00000008                                : UART.oe430X (.text:UART_write)
                  00015c66    00000008     sysbios.ae430X : BIOS.obj (.text:ti_sysbios_family_msp430_Hwi_switchFromBootStack__E)
                  00015c6e    00000008                    : BIOS.obj (.text:ti_sysbios_family_msp430_TaskSupport_getStackAlignment__E)
                  00015c76    00000008                    : BIOS.obj (.text:ti_sysbios_family_msp430_Timer_getPeriod__E)
                  00015c7e    00000008     ti.targets.msp430.rts430.ae430X : Gate.oe430X (.text:xdc_runtime_Gate_enterSystem__E)
                  00015c86    00000008     PID_RTOS_pe430X.oe430X (.text:xdc_runtime_IHeap_alloc)
                  00015c8e    00000008     PID_RTOS_pe430X.oe430X (.text:xdc_runtime_IHeap_free)
                  00015c96    00000008     ti.targets.msp430.rts430.ae430X : Memory.oe430X (.text:xdc_runtime_Memory_getMaxDefaultTypeAlign__E)
                  00015c9e    00000006     drivers_MSP430F5529.ae430X : UARTUSCIA.oe430X (.text:UARTUSCIA_control)
                  00015ca4    00000006     usci_a_uart.obj (.text:USCI_A_UART_disable)
                  00015caa    00000006     usci_a_uart.obj (.text:USCI_A_UART_enable)
                  00015cb0    00000006     rts430x_lc_rd_eabi.lib : _lock.obj (.text:_register_lock)
                  00015cb6    00000006                            : _lock.obj (.text:_register_unlock)
                  00015cbc    00000006                            : copy_decompress_rle.obj (.text:decompress:rle24:__TI_decompress_rle24)
                  00015cc2    00000006     sysbios.ae430X : BIOS.obj (.text:ti_sysbios_heaps_HeapMem_isBlocking__E)
                  00015cc8    00000006                    : BIOS.obj (.text:ti_sysbios_knl_Idle_loop__E)
                  00015cce    00000006                    : BIOS.obj (.text:ti_sysbios_knl_Semaphore_getCount__E)
                  00015cd4    00000006                    : BIOS.obj (.text:ti_sysbios_knl_Swi_startup__E)
                  00015cda    00000006     ti.uia.loggers.ae430X : LoggerStopMode.oe430X (.text:ti_uia_loggers_LoggerStopMode_getInstanceId__E)
                  00015ce0    00000006                           : LoggerStopMode.oe430X (.text:ti_uia_loggers_LoggerStopMode_getMaxLength__E)
                  00015ce6    00000004     boot.ae430X : pre_init.oe430X (.text:_system_pre_init)
                  00015cea    00000004     PID_RTOS_pe430X.oe430X (.text:ti_sysbios_BIOS_RtsGateProxy_enter__E)
                  00015cee    00000004     PID_RTOS_pe430X.oe430X (.text:ti_sysbios_BIOS_RtsGateProxy_leave__E)
                  00015cf2    00000004     PID_RTOS_pe430X.oe430X (.text:ti_sysbios_family_msp430_TaskSupport_Module__startupDone__S)
                  00015cf6    00000004     sysbios.ae430X : BIOS.obj (.text:ti_sysbios_gates_GateHwi_query__E)
                  00015cfa    00000004                    : BIOS.obj (.text:ti_sysbios_gates_GateMutex_query__E)
                  00015cfe    00000004     PID_RTOS_pe430X.oe430X (.text:ti_sysbios_heaps_HeapMem_Module_GateProxy_enter__E)
                  00015d02    00000004     PID_RTOS_pe430X.oe430X (.text:ti_sysbios_heaps_HeapMem_Module_GateProxy_leave__E)
                  00015d06    00000004     PID_RTOS_pe430X.oe430X (.text:ti_sysbios_knl_Clock_TimerProxy_getMaxTicks__E)
                  00015d0a    00000004     PID_RTOS_pe430X.oe430X (.text:ti_sysbios_knl_Clock_TimerProxy_getPeriod__E)
                  00015d0e    00000004     PID_RTOS_pe430X.oe430X (.text:ti_sysbios_knl_Queue_destruct)
                  00015d12    00000004     PID_RTOS_pe430X.oe430X (.text:ti_sysbios_knl_Semaphore_destruct)
                  00015d16    00000004     sysbios.ae430X : BIOS.obj (.text:ti_sysbios_knl_Task_startup__E)
                  00015d1a    00000004     ti.uia.loggers.ae430X : LoggerStopMode.oe430X (.text:ti_uia_loggers_LoggerStopMode_getContents__E)
                  00015d1e    00000004     PID_RTOS_pe430X.oe430X (.text:ti_uia_loggers_LoggerStopMode_getFilterLevel__E)
                  00015d22    00000004     ti.uia.loggers.ae430X : LoggerStopMode.oe430X (.text:ti_uia_loggers_LoggerStopMode_getPriority__E)
                  00015d26    00000004                           : LoggerStopMode.oe430X (.text:ti_uia_loggers_LoggerStopMode_getTransferType__E)
                  00015d2a    00000004     PID_RTOS_pe430X.oe430X (.text:xdc_runtime_System_Module_GateProxy_enter__E)
                  00015d2e    00000004     PID_RTOS_pe430X.oe430X (.text:xdc_runtime_System_Module_GateProxy_leave__E)
                  00015d32    00000004     ti.targets.msp430.rts430.ae430X : System.oe430X (.text:xdc_runtime_System_Module_startup__E)
                  00015d36    00000002     MSP_EXP430F5529LP.obj (.text:MSP_EXP430F5529LP_initGeneral)
                  00015d38    00000002     rts430x_lc_rd_eabi.lib : _lock.obj (.text:_nop)
                  00015d3a    00000002     sysbios.ae430X : BIOS.obj (.text:ti_sysbios_BIOS_linkedWithIncorrectBootLibrary__E)
                  00015d3c    00000002     PID_RTOS_pe430X.oe430X (.text:ti_sysbios_BIOS_nullFunc__I)
                  00015d3e    00000002     sysbios.ae430X : BIOS.obj (.text:ti_sysbios_gates_GateHwi_Instance_init__E)
                  00015d40    00000002                    : BIOS.obj (.text:ti_sysbios_knl_Clock_logTick__E)
                  00015d42    00000002     PID_RTOS_pe430X.oe430X (.text:ti_uia_loggers_LoggerStopMode_setFilterLevel__E)
                  00015d44    00000002     ti.uia.loggers.ae430X : LoggerStopMode.oe430X (.text:ti_uia_loggers_LoggerStopMode_setPriority__E)
                  00015d46    00000002     ti.targets.msp430.rts430.ae430X : Error.oe430X (.text:xdc_runtime_Error_policySpin__E)
                  00015d48    00000002                                     : System.oe430X (.text:xdc_runtime_System_abortSpin__E)
                  00015d4a    00000002                                     : System.oe430X (.text:xdc_runtime_System_exitSpin__E)

MODULE SUMMARY

       Module                       code    ro data   rw data
       ------                       ----    -------   -------
    ./
       MSP_EXP430F5529LP.obj        30      116       216    
       MAIN.obj                     60      0         0      
    +--+----------------------------+-------+---------+---------+
       Total:                       90      116       216    
                                                             
    ./SourceCode/
       SerialComm.obj               1936    321       1352   
       Health.obj                   132     10        370    
       myADC.obj                    242     37        62     
    +--+----------------------------+-------+---------+---------+
       Total:                       2310    368       1784   
                                                             
    ./driverlib/MSP430F5xx_6xx/
       gpio.obj                     416     28        0      
       usci_a_uart.obj              366     0         0      
       adc12_a.obj                  330     0         0      
    +--+----------------------------+-------+---------+---------+
       Total:                       1112    28        0      
                                                             
    /Volumes/SDrive/CCSV6/CapStone2Env/PID_462/Debug/configPkg/package/cfg/
       PID_RTOS_pe430X.oe430X       4690    969       1854   
    +--+----------------------------+-------+---------+---------+
       Total:                       4690    969       1854   
                                                             
    /Volumes/SDrive/CCSV6/CapStone2Env/PID_462/src/sysbios/sysbios.ae430X
       BIOS.obj                     7856    76        0      
       msp430_TaskSupport_asm.obj   164     0         0      
       msp430_Hwi_switch_asm.obj    50      0         0      
    +--+----------------------------+-------+---------+---------+
       Total:                       8070    76        0      
                                                             
    /Volumes/SDrive/CCSV6/ccsv6/tools/compiler/ti-cgt-msp430_15.12.1.LTS/lib/rts430x_lc_rd_eabi.lib
       _printfi_min.obj             804     20        0      
       trgmsg.obj                   104     0         288    
       sprintf.obj                  120     0         0      
       trgdrv.obj                   108     0         8      
       copy_decompress_rle.obj      110     0         0      
       div32u.obj                   88      0         0      
       lsl32.obj                    62      0         0      
       lsr32.obj                    62      0         0      
       mult32_f5hw.obj              36      0         0      
       memccpy.obj                  30      0         0      
       mult16_f5hw.obj              24      0         0      
       _lock.obj                    14      0         8      
       div16u.obj                   22      0         0      
       memset.obj                   22      0         0      
       memcpy.obj                   20      0         0      
       copy_decompress_none.obj     18      0         0      
       strlen.obj                   14      0         0      
       lsl16.obj                    10      0         0      
    +--+----------------------------+-------+---------+---------+
       Total:                       1668    20        304    
                                                             
    /Volumes/SDrive/CCSV6/tirtos_msp43x_2_20_00_06/products/bios_6_46_00_23/packages/ti/catalog/msp430/init/lib/ti.catalog.msp430.init.ae430X
       Boot.oe430X                  84      0         0      
    +--+----------------------------+-------+---------+---------+
       Total:                       84      0         0      
                                                             
    /Volumes/SDrive/CCSV6/tirtos_msp43x_2_20_00_06/products/bios_6_46_00_23/packages/ti/targets/msp430/rts430/lib/boot.ae430X
       autoinit_wdt.oe430X          112     0         0      
       boot_special.oe430X          38      0         0      
       pre_init.oe430X              4       0         0      
       boot.oe430X                  0       2         0      
    +--+----------------------------+-------+---------+---------+
       Total:                       154     2         0      
                                                             
    /Volumes/SDrive/CCSV6/tirtos_msp43x_2_20_00_06/products/bios_6_46_00_23/packages/ti/targets/msp430/rts430/lib/ti.targets.msp430.rts430.ae430X
       Core-mem.oe430X              574     0         0      
       Core-smem.oe430X             364     0         0      
       Startup.oe430X               286     42        0      
       SysMin.oe430X                286     0         0      
       Memory.oe430X                202     0         0      
       System.oe430X                170     0         0      
       Assert.oe430X                104     6         0      
       Error.oe430X                 88      0         0      
       Core-params.oe430X           78      0         0      
       Text.oe430X                  60      0         0      
       Core-label.oe430X            50      0         0      
       Gate.oe430X                  20      0         0      
    +--+----------------------------+-------+---------+---------+
       Total:                       2282    48        0      
                                                             
    /Volumes/SDrive/CCSV6/tirtos_msp43x_2_20_00_06/products/tidrivers_msp43x_2_20_00_08/packages/ti/drivers/lib/drivers_MSP430F5529.ae430X
       UARTUSCIA.oe430X             1700    68        0      
       GPIOMSP430.oe430X            722     6         65     
       UART.oe430X                  144     38        2      
    +--+----------------------------+-------+---------+---------+
       Total:                       2566    112       67     
                                                             
    /Volumes/SDrive/CCSV6/tirtos_msp43x_2_20_00_06/products/uia_2_00_06_52/packages/ti/uia/loggers/lib/release/ti.uia.loggers.ae430X
       LoggerStopMode.oe430X        846     0         0      
    +--+----------------------------+-------+---------+---------+
       Total:                       846     0         0      
                                                             
    /Volumes/SDrive/CCSV6/tirtos_msp43x_2_20_00_06/products/uia_2_00_06_52/packages/ti/uia/runtime/lib/release/ti.uia.runtime.ae430X
       QueueDescriptor.oe430X       154     0         6      
    +--+----------------------------+-------+---------+---------+
       Total:                       154     0         6      
                                                             
       Stack:                       0       0         768    
       Linker Generated:            0       686       0      
    +--+----------------------------+-------+---------+---------+
       Grand Total:                 24026   2425      4999   


LINKER GENERATED COPY TABLES

__TI_cinit_table @ 00004dce records: 2, size/record: 8, table size: 16
	.data: load addr=00004b2e, load size=0000028b bytes, run addr=00003024, run size=0000039f bytes, compression=rle
	.bss: load addr=00004dba, load size=0000000b bytes, run addr=00002400, run size=00000c24 bytes, compression=rle


LINKER GENERATED HANDLER TABLE

__TI_handler_table @ 00004dc6 records: 2, size/record: 4, table size: 8
	index: 0, handler: __TI_decompress_rle24
	index: 1, handler: __TI_decompress_none


GLOBAL SYMBOLS: SORTED ALPHABETICALLY BY Name 

address   name                                                         
-------   ----                                                         
00000700  ADC12CTL0                                                    
00000701  ADC12CTL0_H                                                  
00000700  ADC12CTL0_L                                                  
00000702  ADC12CTL1                                                    
00000703  ADC12CTL1_H                                                  
00000702  ADC12CTL1_L                                                  
00000704  ADC12CTL2                                                    
00000705  ADC12CTL2_H                                                  
00000704  ADC12CTL2_L                                                  
0000070c  ADC12IE                                                      
0000070d  ADC12IE_H                                                    
0000070c  ADC12IE_L                                                    
0000070a  ADC12IFG                                                     
0000070b  ADC12IFG_H                                                   
0000070a  ADC12IFG_L                                                   
0000070e  ADC12IV                                                      
0000070f  ADC12IV_H                                                    
0000070e  ADC12IV_L                                                    
00000710  ADC12MCTL0                                                   
00000711  ADC12MCTL1                                                   
0000071a  ADC12MCTL10                                                  
0000071b  ADC12MCTL11                                                  
0000071c  ADC12MCTL12                                                  
0000071d  ADC12MCTL13                                                  
0000071e  ADC12MCTL14                                                  
0000071f  ADC12MCTL15                                                  
00000712  ADC12MCTL2                                                   
00000713  ADC12MCTL3                                                   
00000714  ADC12MCTL4                                                   
00000715  ADC12MCTL5                                                   
00000716  ADC12MCTL6                                                   
00000717  ADC12MCTL7                                                   
00000718  ADC12MCTL8                                                   
00000719  ADC12MCTL9                                                   
00000720  ADC12MEM0                                                    
00000721  ADC12MEM0_H                                                  
00000720  ADC12MEM0_L                                                  
00000722  ADC12MEM1                                                    
00000734  ADC12MEM10                                                   
00000735  ADC12MEM10_H                                                 
00000734  ADC12MEM10_L                                                 
00000736  ADC12MEM11                                                   
00000737  ADC12MEM11_H                                                 
00000736  ADC12MEM11_L                                                 
00000738  ADC12MEM12                                                   
[...]
0001469c  ti_sysbios_family_msp430_Timer_Module_startup__E             
000146e2  sprintf                                                      
00014726  ti_sysbios_heaps_HeapMem_Object__get__S                      
0001476a  ti_sysbios_knl_Swi_Object__get__S                            
000147ae  ti_uia_loggers_LoggerStopMode_Object__get__S                 
000147f2  ConstructSerialSemaphores                                    
00014834  ti_sysbios_family_msp430_Timer_getCount__E                   
00014876  ti_sysbios_gates_GateHwi_Object__create__S                   
000148b8  ti_sysbios_gates_GateMutex_Object__create__S                 
000148fa  ti_sysbios_heaps_HeapMem_Object__create__S                   
0001493c  ti_sysbios_knl_Clock_addI__E                                 
0001497e  ti_uia_loggers_LoggerStopMode_Object__create__S              
000149c0  ADC12_A_disableInterrupt                                     
00014a00  GPIO_setAsInputPinWithPullDownResistor                       
00014a3e  GPIO_setAsInputPinWithPullUpResistor                         
00014a7c  __mspabi_slll_15                                             
00014a80  __mspabi_slll_14                                             
00014a84  __mspabi_slll_13                                             
00014a88  __mspabi_slll_12                                             
00014a8c  __mspabi_slll_11                                             
00014a90  __mspabi_slll_10                                             
00014a94  __mspabi_slll_9                                              
00014a98  __mspabi_slll_8                                              
00014a9c  __mspabi_slll_7                                              
00014aa0  __mspabi_slll_6                                              
00014aa4  __mspabi_slll_5                                              
00014aa8  __mspabi_slll_4                                              
00014aac  __mspabi_slll_3                                              
00014ab0  __mspabi_slll_2                                              
00014ab4  __mspabi_slll_1                                              
00014aba  __mspabi_srll_15                                             
00014abe  __mspabi_srll_14                                             
00014ac2  __mspabi_srll_13                                             
00014ac6  __mspabi_srll_12                                             
00014aca  __mspabi_srll_11                                             
00014ace  __mspabi_srll_10                                             
00014ad2  __mspabi_srll_9                                              
00014ad6  __mspabi_srll_8                                              
00014ada  __mspabi_srll_7                                              
00014ade  __mspabi_srll_6                                              
00014ae2  __mspabi_srll_5                                              
00014ae6  __mspabi_srll_4                                              
00014aea  __mspabi_srll_3                                              
00014aee  __mspabi_srll_2                                              
00014af2  __mspabi_srll_1                                              
00014af8  ti_sysbios_knl_Semaphore_construct                           
00014b36  xdc_runtime_System_atexit__E                                 
00014b74  main                                                         
00014bb0  ti_sysbios_family_msp430_ClockFreqs_getFrequency__E          
00014bec  ti_sysbios_hal_Hwi_initStack                                 
00014c28  xdc_runtime_System_processAtExit__E                          
00014c64  UARTUSCIA_readPolling                                        
00014c9e  UARTUSCIA_writePolling                                       
00014cd8  UART_init                                                    
00014d12  ti_sysbios_family_msp430_Hwi46_p2                            
00014d4c  ti_sysbios_gates_GateMutex_construct                         
00014d86  ti_sysbios_gates_GateMutex_enter__E                          
00014dc0  ti_sysbios_knl_Queue_construct                               
00014dfa  ti_sysbios_family_msp430_Hwi53_p2                            
00014e32  __TI_writemsg                                                
00014e64  C$$IO$$                                                      
00014e68  xdc_runtime_Error_raiseX__E                                  
00014e9e  GPIO_setAsInputPin                                           
00014ed2  ADC12_A_startConversion                                      
00014f04  UART_open                                                    
00014f36  __TI_readmsg                                                 
00014f68  ti_sysbios_family_msp430_Timer_postInit__I                   
00014f9a  ti_sysbios_family_msp430_Timer_stop__E                       
00014fcc  ti_sysbios_family_xxx_Hwi_switchAndRunFunc                   
00014ffe  xdc_runtime_Core_assignLabel__I                              
00015030  xdc_runtime_SysMin_abort__E                                  
00015030  xdc_runtime_System_SupportProxy_abort__E                     
00015062  ti_sysbios_knl_Queue_put__E                                  
00015092  ti_sysbios_knl_Task_restore__E                               
000150c2  ADC12_A_disableConversions                                   
000150f0  GPIO_selectInterruptEdge                                     
0001511e  ti_sysbios_knl_Task_Object__get__S                           
0001514c  ti_sysbios_knl_Clock_doTick__I                               
00015178  ti_sysbios_BIOS_atExitFunc__I                                
000151a2  ti_sysbios_family_msp430_Hwi_Object__get__S                  
000151cc  ti_sysbios_knl_Clock_Module_startup__E                       
000151f6  ti_sysbios_knl_Task_sleepTimeout__I                          
00015220  xdc_runtime_SysMin_output__I                                 
0001524a  ConstructADCmutex                                            
00015272  GPIO_setAsOutputPin                                          
0001529a  GPIO_setAsPeripheralModuleFunctionInputPin                   
000152c2  ti_sysbios_BIOS_startFunc__I                                 
000152ea  ti_sysbios_knl_Semaphore_Instance_finalize__E                
00015312  xdc_runtime_Text_cordText__E                                 
0001533a  USCI_A_UART_disableInterrupt                                 
00015360  ti_sysbios_BIOS_RtsGateProxy_Object__delete__S               
00015360  ti_sysbios_gates_GateMutex_Object__delete__S                 
00015360  ti_sysbios_heaps_HeapMem_Module_GateProxy_Object__delete__S  
00015386  ti_sysbios_knl_Swi_Module_startup__E                         
000153ac  __mspabi_mpyl_f5hw                                           
000153d0  ti_sysbios_BIOS_rtsLock__I                                   
000153f4  ti_sysbios_gates_GateHwi_Object__delete__S                   
000153f4  xdc_runtime_Main_Module_GateProxy_Object__delete__S          
000153f4  xdc_runtime_System_Module_GateProxy_Object__delete__S        
00015418  ti_sysbios_heaps_HeapMem_Object__delete__S                   
00015418  xdc_runtime_Memory_HeapProxy_Object__delete__S               
0001543c  ti_uia_loggers_LoggerStopMode_Instance_init__E               
00015460  ti_uia_loggers_LoggerStopMode_Object__delete__S              
00015484  ti_sysbios_gates_GateMutex_Instance_init__E                  
000154a6  ti_sysbios_gates_GateMutex_leave__E                          
000154c8  ti_sysbios_knl_Clock_startI__E                               
000154ea  ti_sysbios_knl_Idle_run__E                                   
0001550c  ti_sysbios_knl_Task_restoreHwi__E                            
0001552e  ti_uia_loggers_LoggerStopMode_disable__E                     
00015550  ti_uia_loggers_LoggerStopMode_enable__E                      
00015572  xdc_runtime_Memory_valloc__E                                 
00015594  USCI_A_UART_transmitData                                     
000155d4  xdc_runtime_Error_check__E                                   
000155f4  ADC12_A_configureMemory                                      
00015612  ADC12_A_setupSamplingTimer                                   
00015630  GPIO_clearInterrupt                                          
0001564e  USCI_A_UART_enableInterrupt                                  
0001566c  USCI_A_UART_receiveData                                      
0001568a  memccpy                                                      
000156a8  ti_sysbios_BIOS_rtsUnlock__I                                 
000156c6  ti_sysbios_family_msp430_Timer_Module__startupDone__F        
000156c6  ti_sysbios_family_msp430_Timer_Module__startupDone__S        
000156c6  ti_sysbios_hal_Timer_TimerProxy_Module__startupDone__S       
000156c6  ti_sysbios_knl_Clock_TimerProxy_Module__startupDone__S       
000156e4  ti_sysbios_gates_GateHwi_Handle__label__S                    
000156e4  xdc_runtime_Main_Module_GateProxy_Handle__label__S           
000156e4  xdc_runtime_System_Module_GateProxy_Handle__label__S         
00015702  ti_sysbios_BIOS_RtsGateProxy_Handle__label__S                
00015702  ti_sysbios_gates_GateMutex_Handle__label__S                  
00015702  ti_sysbios_heaps_HeapMem_Module_GateProxy_Handle__label__S   
00015720  ti_sysbios_heaps_HeapMem_Handle__label__S                    
00015720  xdc_runtime_Memory_HeapProxy_Handle__label__S                
0001573e  ti_sysbios_knl_Task_enter__I                                 
0001575c  ti_uia_loggers_LoggerStopMode_Handle__label__S               
0001577a  GPIO_setOutputHighOnPin                                      
00015796  GPIO_setOutputLowOnPin                                       
000157b2  GPIO_toggleOutputOnPin                                       
000157ce  MSP_EXP430F5529LP_initUART                                   
000157ea  _ti_sysbios_family_msp430_TaskSupport_swap__E                
000157ea  ti_sysbios_family_msp430_TaskSupport_swap__E                 
000157ea  ti_sysbios_knl_Task_SupportProxy_swap__E                     
00015822  ti_sysbios_family_msp430_Hwi_Module__startupDone__F          
00015822  ti_sysbios_family_msp430_Hwi_Module__startupDone__S          
00015822  ti_sysbios_hal_Hwi_HwiProxy_Module__startupDone__S           
0001583e  ti_sysbios_knl_Task_unblock__E                               
0001585a  xdc_runtime_SysMin_Module_startup__E                         
00015876  ti_sysbios_BIOS_exitFunc__I                                  
00015890  ti_sysbios_BIOS_registerRTSLock__I                           
000158aa  ti_sysbios_BIOS_removeRTSLock__I                             
000158c4  ti_sysbios_family_msp430_TimestampProvider_get64__E          
000158c4  xdc_runtime_Timestamp_SupportProxy_get64__E                  
000158de  ti_sysbios_knl_Event_checkEvents__I                          
000158f8  ti_sysbios_knl_Semaphore_Object__destruct__S                 
00015912  ti_uia_loggers_LoggerStopMode_isEmpty__E                     
0001592c  heartBeatFxn                                                 
00015944  __mspabi_mpyi_f5hw                                           
0001595c  ti_sysbios_BIOS_setThreadType__E                             
00015974  ti_sysbios_family_msp430_TimestampProvider_Module_startup__E 
0001598c  ti_sysbios_knl_Queue_Object__destruct__S                     
000159a4  memset                                                       
000159ba  __mspabi_divu                                                
000159ba  __mspabi_remu                                                
000159d0  xdc_runtime_SysMin_exit__E                                   
000159d0  xdc_runtime_System_SupportProxy_exit__E                      
000159e6  xdc_runtime_System_abort__E                                  
00015a10  memcpy                                                       
00015a24  xdc_runtime_Memory_calloc__E                                 
00015a38  xdc_runtime_Startup_exec__I                                  
00015a4c  xdc_runtime_Text_ropeText__E                                 
00015a60  __TI_decompress_none                                         
00015a72  ti_sysbios_family_msp430_Power_idleCPU__E                    
00015a84  ti_sysbios_gates_GateHwi_leave__E                            
00015a96  ti_sysbios_gates_GateMutex_Instance_finalize__E              
00015aa8  ti_sysbios_knl_Queue_Object__get__S                          
00015aba  xdc_runtime_System_exit__E                                   
00015acc  _ti_sysbios_family_msp430_TaskSupport_glue                   
00015acc  ti_sysbios_family_msp430_TaskSupport_glue                    
00015aec  ti_sysbios_family_msp430_TaskSupport_checkStack__E           
00015aec  ti_sysbios_knl_Task_SupportProxy_checkStack__E               
00015afc  ti_sysbios_hal_Hwi_Module_startup__E                         
00015b0c  ti_sysbios_hal_Timer_Module_startup__E                       
00015b1c  ti_sysbios_knl_Event_sync__E                                 
00015b3c  ADC12_A_getResults                                           
00015b4a  strlen                                                       
00015b58  ti_sysbios_family_msp430_Timer_getMaxTicks__E                
00015b66  ti_sysbios_knl_Queue_empty__E                                
00015b74  ti_sysbios_knl_Swi_disable__E                                
00015b82  ti_sysbios_knl_Task_disable__E                               
00015b90  ti_catalog_msp430_init_Boot_init                             
00015b90  xdc_runtime_Startup_reset__I                                 
00015b9c  UART_Params_init                                             
00015ba8  ti_sysbios_BIOS_RtsGateProxy_Params__init__S                 
00015ba8  ti_sysbios_gates_GateMutex_Params__init__S                   
00015ba8  ti_sysbios_heaps_HeapMem_Module_GateProxy_Params__init__S    
00015bb4  ti_sysbios_knl_Semaphore_Params__init__S                     
00015bc0  ti_sysbios_knl_Task_Params__init__S                          
00015bcc  xdc_runtime_Gate_leaveSystem__E                              
00015bd8  xdc_runtime_Memory_free__E                                   
00015be4  xdc_runtime_Startup_rtsDone__E                               
00015bf0  UARTUSCIA_init                                               
00015bfa  USCI_A_UART_getInterruptStatus                               
00015c04  __mspabi_slli                                                
00015c0e  osi_start                                                    
00015c0e  ti_sysbios_BIOS_start__E                                     
00015c18  ti_sysbios_family_msp430_Hwi_startup__E                      
00015c18  ti_sysbios_hal_Hwi_HwiProxy_startup__E                       
00015c22  ti_sysbios_gates_GateHwi_enter__E                            
00015c2c  ti_sysbios_knl_Queue_Instance_init__E                        
00015c36  ti_catalog_msp430_init_Boot_disableWatchdog                  
00015c3e  ADC12_A_enable                                               
00015c46  ADC12_A_isBusy                                               
00015c4e  UART_control                                                 
00015c56  UART_read                                                    
00015c5e  UART_write                                                   
00015c66  ti_sysbios_family_msp430_Hwi_switchFromBootStack__E          
00015c66  ti_sysbios_hal_Hwi_HwiProxy_switchFromBootStack__E           
00015c6e  ti_sysbios_family_msp430_TaskSupport_getStackAlignment__E    
00015c6e  ti_sysbios_knl_Task_SupportProxy_getStackAlignment__E        
00015c76  ti_sysbios_family_msp430_Timer_getPeriod__E                  
00015c7e  xdc_runtime_Gate_enterSystem__E                              
00015c86  xdc_runtime_Memory_HeapProxy_alloc__E                        
00015c8e  xdc_runtime_Memory_HeapProxy_free__E                         
00015c96  xdc_runtime_Memory_getMaxDefaultTypeAlign__E                 
00015c9e  UARTUSCIA_control                                            
00015ca4  USCI_A_UART_disable                                          
00015caa  USCI_A_UART_enable                                           
00015cb0  _register_lock                                               
00015cb6  _register_unlock                                             
00015cbc  __TI_decompress_rle24                                        
00015cc2  ti_sysbios_heaps_HeapMem_isBlocking__E                       
00015cc8  ti_sysbios_knl_Idle_loop__E                                  
00015cce  ti_sysbios_knl_Semaphore_getCount__E                         
00015cd4  ti_sysbios_knl_Swi_startup__E                                
00015cda  ti_uia_loggers_LoggerStopMode_getInstanceId__E               
00015ce0  ti_uia_loggers_LoggerStopMode_getMaxLength__E                
00015ce6  _system_pre_init                                             
00015cea  ti_sysbios_BIOS_RtsGateProxy_enter__E                        
00015cee  ti_sysbios_BIOS_RtsGateProxy_leave__E                        
00015cf2  ti_sysbios_family_msp430_TaskSupport_Module__startupDone__S  
00015cf2  ti_sysbios_knl_Task_SupportProxy_Module__startupDone__S      
00015cf6  ti_sysbios_gates_GateHwi_query__E                            
00015cf6  xdc_runtime_Main_Module_GateProxy_query__E                   
00015cf6  xdc_runtime_System_Module_GateProxy_query__E                 
00015cfa  ti_sysbios_BIOS_RtsGateProxy_query__E                        
00015cfa  ti_sysbios_gates_GateMutex_query__E                          
00015cfa  ti_sysbios_heaps_HeapMem_Module_GateProxy_query__E           
00015cfe  ti_sysbios_heaps_HeapMem_Module_GateProxy_enter__E           
00015d02  ti_sysbios_heaps_HeapMem_Module_GateProxy_leave__E           
00015d06  ti_sysbios_knl_Clock_TimerProxy_getMaxTicks__E               
00015d0a  ti_sysbios_knl_Clock_TimerProxy_getPeriod__E                 
00015d0e  ti_sysbios_knl_Queue_destruct                                
00015d12  ti_sysbios_knl_Semaphore_destruct                            
00015d16  ti_sysbios_knl_Task_startup__E                               
00015d1a  ti_uia_loggers_LoggerStopMode_getContents__E                 
00015d1e  ti_uia_loggers_LoggerStopMode_getFilterLevel__E              
00015d22  ti_uia_loggers_LoggerStopMode_getPriority__E                 
00015d26  ti_uia_loggers_LoggerStopMode_getTransferType__E             
00015d2a  xdc_runtime_System_Module_GateProxy_enter__E                 
00015d2e  xdc_runtime_System_Module_GateProxy_leave__E                 
00015d32  xdc_runtime_System_Module_startup__E                         
00015d36  MSP_EXP430F5529LP_initGeneral                                
00015d38  _nop                                                         
00015d3a  ti_sysbios_BIOS_linkedWithIncorrectBootLibrary__E            
00015d3c  ti_sysbios_BIOS_nullFunc__I                                  
00015d3e  ti_sysbios_gates_GateHwi_Instance_init__E                    
00015d40  ti_sysbios_knl_Clock_logTick__E                              
00015d42  ti_uia_loggers_LoggerStopMode_setFilterLevel__E              
00015d44  ti_uia_loggers_LoggerStopMode_setPriority__E                 
00015d46  xdc_runtime_Error_policySpin__E                              
00015d48  xdc_runtime_System_abortSpin__E                              
00015d4a  xdc_runtime_System_exitSpin__E                               
ffffffff  __TI_pprof_out_hndl                                          
ffffffff  __TI_prof_data_size                                          
ffffffff  __TI_prof_data_start                                         
ffffffff  __c_args__                                                   
UNDEFED   __TI_INITARRAY_Base                                          
UNDEFED   __TI_INITARRAY_Limit                                         

[1368 symbols]
